Archive member included to satisfy reference by file (symbol)

/Applications/ArmGNUToolchain/13.2.Rel1/arm-none-eabi/bin/../lib/gcc/arm-none-eabi/13.2.1/thumb/v6-m/nofp/libgcc.a(_dvmd_tls.o)
                              CMakeFiles/rpizerow.dir/Users/SeanChneg/Desktop/Pico/pico-sdk/src/rp2_common/pico_divider/divider.S.obj (__aeabi_idiv0)
/Applications/ArmGNUToolchain/13.2.Rel1/arm-none-eabi/bin/../lib/gcc/arm-none-eabi/13.2.1/../../../../arm-none-eabi/lib/thumb/v6-m/nofp/libc.a(libc_a-calloc.o)
                              CMakeFiles/rpizerow.dir/Users/SeanChneg/Desktop/Pico/pico-sdk/src/rp2_common/pico_malloc/pico_malloc.c.obj (calloc)
/Applications/ArmGNUToolchain/13.2.Rel1/arm-none-eabi/bin/../lib/gcc/arm-none-eabi/13.2.1/../../../../arm-none-eabi/lib/thumb/v6-m/nofp/libc.a(libc_a-callocr.o)
                              /Applications/ArmGNUToolchain/13.2.Rel1/arm-none-eabi/bin/../lib/gcc/arm-none-eabi/13.2.1/../../../../arm-none-eabi/lib/thumb/v6-m/nofp/libc.a(libc_a-calloc.o) (_calloc_r)
/Applications/ArmGNUToolchain/13.2.Rel1/arm-none-eabi/bin/../lib/gcc/arm-none-eabi/13.2.1/../../../../arm-none-eabi/lib/thumb/v6-m/nofp/libc.a(libc_a-malloc.o)
                              CMakeFiles/rpizerow.dir/Users/SeanChneg/Desktop/Pico/pico-sdk/src/rp2_common/pico_malloc/pico_malloc.c.obj (malloc)
/Applications/ArmGNUToolchain/13.2.Rel1/arm-none-eabi/bin/../lib/gcc/arm-none-eabi/13.2.1/../../../../arm-none-eabi/lib/thumb/v6-m/nofp/libc.a(libc_a-mallocr.o)
                              /Applications/ArmGNUToolchain/13.2.Rel1/arm-none-eabi/bin/../lib/gcc/arm-none-eabi/13.2.1/../../../../arm-none-eabi/lib/thumb/v6-m/nofp/libc.a(libc_a-callocr.o) (_malloc_r)
/Applications/ArmGNUToolchain/13.2.Rel1/arm-none-eabi/bin/../lib/gcc/arm-none-eabi/13.2.1/../../../../arm-none-eabi/lib/thumb/v6-m/nofp/libc.a(libc_a-mlock.o)
                              /Applications/ArmGNUToolchain/13.2.Rel1/arm-none-eabi/bin/../lib/gcc/arm-none-eabi/13.2.1/../../../../arm-none-eabi/lib/thumb/v6-m/nofp/libc.a(libc_a-mallocr.o) (__malloc_lock)
/Applications/ArmGNUToolchain/13.2.Rel1/arm-none-eabi/bin/../lib/gcc/arm-none-eabi/13.2.1/../../../../arm-none-eabi/lib/thumb/v6-m/nofp/libc.a(libc_a-realloc.o)
                              CMakeFiles/rpizerow.dir/Users/SeanChneg/Desktop/Pico/pico-sdk/src/rp2_common/pico_malloc/pico_malloc.c.obj (realloc)
/Applications/ArmGNUToolchain/13.2.Rel1/arm-none-eabi/bin/../lib/gcc/arm-none-eabi/13.2.1/../../../../arm-none-eabi/lib/thumb/v6-m/nofp/libc.a(libc_a-scanf.o)
                              CMakeFiles/rpizerow.dir/uart.c.obj (scanf)
/Applications/ArmGNUToolchain/13.2.Rel1/arm-none-eabi/bin/../lib/gcc/arm-none-eabi/13.2.1/../../../../arm-none-eabi/lib/thumb/v6-m/nofp/libc.a(libc_a-reallocr.o)
                              /Applications/ArmGNUToolchain/13.2.Rel1/arm-none-eabi/bin/../lib/gcc/arm-none-eabi/13.2.1/../../../../arm-none-eabi/lib/thumb/v6-m/nofp/libc.a(libc_a-realloc.o) (_realloc_r)
/Applications/ArmGNUToolchain/13.2.Rel1/arm-none-eabi/bin/../lib/gcc/arm-none-eabi/13.2.1/../../../../arm-none-eabi/lib/thumb/v6-m/nofp/libc.a(libc_a-memmove.o)
                              /Applications/ArmGNUToolchain/13.2.Rel1/arm-none-eabi/bin/../lib/gcc/arm-none-eabi/13.2.1/../../../../arm-none-eabi/lib/thumb/v6-m/nofp/libc.a(libc_a-reallocr.o) (memmove)
/Applications/ArmGNUToolchain/13.2.Rel1/arm-none-eabi/bin/../lib/gcc/arm-none-eabi/13.2.1/../../../../arm-none-eabi/lib/thumb/v6-m/nofp/libc.a(libc_a-impure.o)
                              /Applications/ArmGNUToolchain/13.2.Rel1/arm-none-eabi/bin/../lib/gcc/arm-none-eabi/13.2.1/../../../../arm-none-eabi/lib/thumb/v6-m/nofp/libc.a(libc_a-calloc.o) (_impure_ptr)
/Applications/ArmGNUToolchain/13.2.Rel1/arm-none-eabi/bin/../lib/gcc/arm-none-eabi/13.2.1/../../../../arm-none-eabi/lib/thumb/v6-m/nofp/libc.a(libc_a-sbrkr.o)
                              /Applications/ArmGNUToolchain/13.2.Rel1/arm-none-eabi/bin/../lib/gcc/arm-none-eabi/13.2.1/../../../../arm-none-eabi/lib/thumb/v6-m/nofp/libc.a(libc_a-mallocr.o) (_sbrk_r)
/Applications/ArmGNUToolchain/13.2.Rel1/arm-none-eabi/bin/../lib/gcc/arm-none-eabi/13.2.1/../../../../arm-none-eabi/lib/thumb/v6-m/nofp/libc.a(libc_a-errno.o)
                              /Applications/ArmGNUToolchain/13.2.Rel1/arm-none-eabi/bin/../lib/gcc/arm-none-eabi/13.2.1/../../../../arm-none-eabi/lib/thumb/v6-m/nofp/libc.a(libc_a-callocr.o) (__errno)
/Applications/ArmGNUToolchain/13.2.Rel1/arm-none-eabi/bin/../lib/gcc/arm-none-eabi/13.2.1/../../../../arm-none-eabi/lib/thumb/v6-m/nofp/libc.a(libc_a-sysconf.o)
                              /Applications/ArmGNUToolchain/13.2.Rel1/arm-none-eabi/bin/../lib/gcc/arm-none-eabi/13.2.1/../../../../arm-none-eabi/lib/thumb/v6-m/nofp/libc.a(libc_a-mallocr.o) (sysconf)
/Applications/ArmGNUToolchain/13.2.Rel1/arm-none-eabi/bin/../lib/gcc/arm-none-eabi/13.2.1/../../../../arm-none-eabi/lib/thumb/v6-m/nofp/libc.a(libc_a-init.o)
[...]
Memory Configuration

Name             Origin             Length             Attributes
FLASH            0x10000000         0x00200000         xr
RAM              0x20000000         0x00040000         xrw
SCRATCH_X        0x20040000         0x00001000         xrw
SCRATCH_Y        0x20041000         0x00001000         xrw
*default*        0x00000000         0xffffffff

Linker script and memory map

LOAD /Applications/ArmGNUToolchain/13.2.Rel1/arm-none-eabi/bin/../lib/gcc/arm-none-eabi/13.2.1/thumb/v6-m/nofp/crti.o
LOAD /Applications/ArmGNUToolchain/13.2.Rel1/arm-none-eabi/bin/../lib/gcc/arm-none-eabi/13.2.1/thumb/v6-m/nofp/crtbegin.o
LOAD /Applications/ArmGNUToolchain/13.2.Rel1/arm-none-eabi/bin/../lib/gcc/arm-none-eabi/13.2.1/../../../../arm-none-eabi/lib/thumb/v6-m/nofp/crt0.o

.flash_begin    0x10000000        0x0
                0x10000000                        __flash_binary_start = .

.boot2          0x10000000      0x100
                0x10000000                        __boot2_start__ = .
 *(.boot2)
 .boot2         0x10000000      0x100 /var/folders/x7/nfx0zkgj7kb2snmzgwzsp7x00000gp/T//ccqxO3PI.o
                0x10000100                        __boot2_end__ = .
                0x00000001                        ASSERT (((__boot2_end__ - __boot2_start__) == 0x100), ERROR: Pico second stage bootloader must be 256 bytes in size)

.text           0x10000100     0xd3a8
                0x10000100                        __logical_binary_start = .
 *(.vectors)
 .vectors       0x10000100       0xd4 CMakeFiles/rpizerow.dir/Users/SeanChneg/Desktop/Pico/pico-sdk/src/rp2_common/pico_standard_link/crt0.S.obj
                0x10000100                __VECTOR_TABLE
                0x10000100                __vectors
                0x100001c0                __default_isrs_start
                0x100001c0                isr_invalid
                0x100001c2                isr_nmi
                0x100001c4                isr_hardfault
                0x100001c6                isr_svcall
                0x100001c8                isr_pendsv
                0x100001ca                isr_systick
                0x100001cc                isr_irq28
                0x100001cc                isr_irq19
                0x100001cc                isr_irq0
                0x100001cc                isr_irq6
                0x100001cc                isr_irq22
                0x100001cc                isr_irq17
                0x100001cc                isr_irq14
                0x100001cc                isr_irq2
                0x100001cc                isr_irq10
                0x100001cc                isr_irq8
                0x100001cc                isr_irq24
                0x100001cc                isr_irq1
                0x100001cc                isr_irq7
                0x100001cc                isr_irq21
                0x100001cc                isr_irq20
                0x100001cc                isr_irq15
                0x100001cc                isr_irq25
                0x100001cc                isr_irq4
                0x100001cc                isr_irq16
                0x100001cc                isr_irq29
                0x100001cc                isr_irq26
                0x100001cc                __default_isrs_end
                0x100001cc                isr_irq3
                0x100001cc                isr_irq9
                0x100001cc                __unhandled_user_irq
                0x100001cc                isr_irq13
                0x100001cc                isr_irq27
                0x100001cc                isr_irq31
                0x100001cc                isr_irq5
                0x100001cc                isr_irq11
                0x100001cc                isr_irq23
                0x100001cc                isr_irq18
                0x100001cc                isr_irq30
                0x100001cc                isr_irq12
                0x100001d2                unhandled_user_irq_num_in_r0
 *(.binary_info_header)
 .binary_info_header
                0x100001d4       0x14 CMakeFiles/rpizerow.dir/Users/SeanChneg/Desktop/Pico/pico-sdk/src/rp2_common/pico_standard_link/crt0.S.obj
                0x100001e8                        __binary_info_header_end = .
 *(.reset)
 .reset         0x100001e8       0xa0 CMakeFiles/rpizerow.dir/Users/SeanChneg/Desktop/Pico/pico-sdk/src/rp2_common/pico_standard_link/crt0.S.obj
                0x100001e8                _entry_point
 .reset         0x10000288       0x30 CMakeFiles/rpizerow.dir/Users/SeanChneg/Desktop/Pico/pico-sdk/src/rp2_common/pico_standard_link/binary_info.c.obj
 *(.init)
 .init          0x100002b8        0x4 /Applications/ArmGNUToolchain/13.2.Rel1/arm-none-eabi/bin/../lib/gcc/arm-none-eabi/13.2.1/thumb/v6-m/nofp/crti.o
                0x100002b8                _init
 *(EXCLUDE_FILE(*libm.a: *libc.a:*lib_a-mem*.o *libgcc.a:) .text*)
 .text.register_tm_clones
                0x100002bc       0x28 /Applications/ArmGNUToolchain/13.2.Rel1/arm-none-eabi/bin/../lib/gcc/arm-none-eabi/13.2.1/thumb/v6-m/nofp/crtbegin.o
 .text.frame_dummy
                0x100002e4       0x24 /Applications/ArmGNUToolchain/13.2.Rel1/arm-none-eabi/bin/../lib/gcc/arm-none-eabi/13.2.1/thumb/v6-m/nofp/crtbegin.o
 .text.on_uart_rx
                0x10000308       0x68 CMakeFiles/rpizerow.dir/uart.c.obj
                0x10000308                on_uart_rx
 .text.startup.main
                0x10000370      0x188 CMakeFiles/rpizerow.dir/uart.c.obj
                0x10000370                main
 .text.gpio_set_function
                0x100004f8       0x30 CMakeFiles/rpizerow.dir/Users/SeanChneg/Desktop/Pico/pico-sdk/src/rp2_common/hardware_gpio/gpio.c.obj
                0x100004f8                gpio_set_function
 .text.gpio_init
                0x10000528       0x3c CMakeFiles/rpizerow.dir/Users/SeanChneg/Desktop/Pico/pico-sdk/src/rp2_common/hardware_gpio/gpio.c.obj
                0x10000528                gpio_init
 .text.running_on_fpga
                0x10000564       0x10 CMakeFiles/rpizerow.dir/Users/SeanChneg/Desktop/Pico/pico-sdk/src/rp2_common/pico_platform/platform.c.obj
                0x10000564                running_on_fpga
 .text.hw_claim_or_assert
                0x10000574       0x44 CMakeFiles/rpizerow.dir/Users/SeanChneg/Desktop/Pico/pico-sdk/src/rp2_common/hardware_claim/claim.c.obj
                0x10000574                hw_claim_or_assert
 .text.hw_claim_unused_from_range
                0x100005b8       0x9c CMakeFiles/rpizerow.dir/Users/SeanChneg/Desktop/Pico/pico-sdk/src/rp2_common/hardware_claim/claim.c.obj
                0x100005b8                hw_claim_unused_from_range
 .text.spin_locks_reset
                0x10000654       0x1c CMakeFiles/rpizerow.dir/Users/SeanChneg/Desktop/Pico/pico-sdk/src/rp2_common/hardware_sync/sync.c.obj
                0x10000654                spin_locks_reset
 .text.next_striped_spin_lock_num
                0x10000670       0x18 CMakeFiles/rpizerow.dir/Users/SeanChneg/Desktop/Pico/pico-sdk/src/rp2_common/hardware_sync/sync.c.obj
                0x10000670                next_striped_spin_lock_num
 .text.spin_lock_claim_unused
                0x10000688       0x24 CMakeFiles/rpizerow.dir/Users/SeanChneg/Desktop/Pico/pico-sdk/src/rp2_common/hardware_sync/sync.c.obj
                0x10000688                spin_lock_claim_unused
 .text.irq_set_enabled
                0x100006ac       0x24 CMakeFiles/rpizerow.dir/Users/SeanChneg/Desktop/Pico/pico-sdk/src/rp2_common/hardware_irq/irq.c.obj
                0x100006ac                irq_set_enabled
 .text.irq_set_pending
                0x100006d0       0x10 CMakeFiles/rpizerow.dir/Users/SeanChneg/Desktop/Pico/pico-sdk/src/rp2_common/hardware_irq/irq.c.obj
                0x100006d0                irq_set_pending
 .text.irq_has_shared_handler
                0x100006e0       0x2c CMakeFiles/rpizerow.dir/Users/SeanChneg/Desktop/Pico/pico-sdk/src/rp2_common/hardware_irq/irq.c.obj
                0x100006e0                irq_has_shared_handler
 .text.irq_get_vtable_handler
                0x1000070c       0x10 CMakeFiles/rpizerow.dir/Users/SeanChneg/Desktop/Pico/pico-sdk/src/rp2_common/hardware_irq/irq.c.obj
                0x1000070c                irq_get_vtable_handler
 .text.irq_set_exclusive_handler
                0x1000071c       0x54 CMakeFiles/rpizerow.dir/Users/SeanChneg/Desktop/Pico/pico-sdk/src/rp2_common/hardware_irq/irq.c.obj
                0x1000071c                irq_set_exclusive_handler
 .text.irq_add_shared_handler
                0x10000770      0x1f4 CMakeFiles/rpizerow.dir/Users/SeanChneg/Desktop/Pico/pico-sdk/src/rp2_common/hardware_irq/irq.c.obj
                0x10000770                irq_add_shared_handler
 .text.irq_remove_handler
                0x10000964      0x1c4 CMakeFiles/rpizerow.dir/Users/SeanChneg/Desktop/Pico/pico-sdk/src/rp2_common/hardware_irq/irq.c.obj
                0x10000964                irq_remove_handler
 .text.irq_add_tail_to_free_list
                0x10000b28       0xb4 CMakeFiles/rpizerow.dir/Users/SeanChneg/Desktop/Pico/pico-sdk/src/rp2_common/hardware_irq/irq.c.obj
                0x10000b28                irq_add_tail_to_free_list
 .text.irq_init_priorities
                0x10000bdc       0x24 CMakeFiles/rpizerow.dir/Users/SeanChneg/Desktop/Pico/pico-sdk/src/rp2_common/hardware_irq/irq.c.obj
                0x10000bdc                irq_init_priorities
 .text.user_irq_claim_unused
                0x10000c00       0x2c CMakeFiles/rpizerow.dir/Users/SeanChneg/Desktop/Pico/pico-sdk/src/rp2_common/hardware_irq/irq.c.obj
                0x10000c00                user_irq_claim_unused
 .text.lock_init
                0x10000c2c       0x10 CMakeFiles/rpizerow.dir/Users/SeanChneg/Desktop/Pico/pico-sdk/src/common/pico_sync/lock_core.c.obj
                0x10000c2c                lock_init
 .text.mutex_init
                0x10000c3c       0x1c CMakeFiles/rpizerow.dir/Users/SeanChneg/Desktop/Pico/pico-sdk/src/common/pico_sync/mutex.c.obj
                0x10000c3c                mutex_init
 .text.recursive_mutex_init
                0x10000c58       0x1c CMakeFiles/rpizerow.dir/Users/SeanChneg/Desktop/Pico/pico-sdk/src/common/pico_sync/mutex.c.obj
                0x10000c58                recursive_mutex_init
 .text.critical_section_init
                0x10000c74       0x1c CMakeFiles/rpizerow.dir/Users/SeanChneg/Desktop/Pico/pico-sdk/src/common/pico_sync/critical_section.c.obj
                0x10000c74                critical_section_init
 .text.critical_section_init_with_lock_num
                0x10000c90       0x14 CMakeFiles/rpizerow.dir/Users/SeanChneg/Desktop/Pico/pico-sdk/src/common/pico_sync/critical_section.c.obj
                0x10000c90                critical_section_init_with_lock_num
 .text.timer_pool_entry_comparator
                0x10000ca4       0x34 CMakeFiles/rpizerow.dir/Users/SeanChneg/Desktop/Pico/pico-sdk/src/common/pico_time/time.c.obj
                0x10000ca4                timer_pool_entry_comparator
 .text.sleep_until_callback
                0x10000cd8       0x30 CMakeFiles/rpizerow.dir/Users/SeanChneg/Desktop/Pico/pico-sdk/src/common/pico_time/time.c.obj
 .text.add_alarm_under_lock.isra.0
                0x10000d08      0x100 CMakeFiles/rpizerow.dir/Users/SeanChneg/Desktop/Pico/pico-sdk/src/common/pico_time/time.c.obj
 .text.alarm_pool_alarm_callback
                0x10000e08      0x1c0 CMakeFiles/rpizerow.dir/Users/SeanChneg/Desktop/Pico/pico-sdk/src/common/pico_time/time.c.obj
 .text.alarm_pool_init_default
                0x10000fc8       0x6c CMakeFiles/rpizerow.dir/Users/SeanChneg/Desktop/Pico/pico-sdk/src/common/pico_time/time.c.obj
                0x10000fc8                alarm_pool_init_default
 .text.alarm_pool_get_default
                0x10001034        0x8 CMakeFiles/rpizerow.dir/Users/SeanChneg/Desktop/Pico/pico-sdk/src/common/pico_time/time.c.obj
                0x10001034                alarm_pool_get_default
 .text.alarm_pool_add_alarm_at
                0x1000103c      0x17c CMakeFiles/rpizerow.dir/Users/SeanChneg/Desktop/Pico/pico-sdk/src/common/pico_time/time.c.obj
                0x1000103c                alarm_pool_add_alarm_at
 .text.alarm_pool_core_num
                0x100011b8        0x4 CMakeFiles/rpizerow.dir/Users/SeanChneg/Desktop/Pico/pico-sdk/src/common/pico_time/time.c.obj
                0x100011b8                alarm_pool_core_num
 .text.sleep_until
                0x100011bc       0xc4 CMakeFiles/rpizerow.dir/Users/SeanChneg/Desktop/Pico/pico-sdk/src/common/pico_time/time.c.obj
                0x100011bc                sleep_until
 .text.sleep_ms
                0x10001280       0x38 CMakeFiles/rpizerow.dir/Users/SeanChneg/Desktop/Pico/pico-sdk/src/common/pico_time/time.c.obj
                0x10001280                sleep_ms
 .text.best_effort_wfe_or_timeout
                0x100012b8       0xcc CMakeFiles/rpizerow.dir/Users/SeanChneg/Desktop/Pico/pico-sdk/src/common/pico_time/time.c.obj
                0x100012b8                best_effort_wfe_or_timeout
 .text.hardware_alarm_irq_handler
                0x10001384       0xbc CMakeFiles/rpizerow.dir/Users/SeanChneg/Desktop/Pico/pico-sdk/src/rp2_common/hardware_timer/timer.c.obj
 .text.hardware_alarm_claim
                0x10001440       0x18 CMakeFiles/rpizerow.dir/Users/SeanChneg/Desktop/Pico/pico-sdk/src/rp2_common/hardware_timer/timer.c.obj
                0x10001440                hardware_alarm_claim
 .text.time_us_64
                0x10001458       0x14 CMakeFiles/rpizerow.dir/Users/SeanChneg/Desktop/Pico/pico-sdk/src/rp2_common/hardware_timer/timer.c.obj
                0x10001458                time_us_64
 .text.busy_wait_us
                0x1000146c       0x68 CMakeFiles/rpizerow.dir/Users/SeanChneg/Desktop/Pico/pico-sdk/src/rp2_common/hardware_timer/timer.c.obj
                0x1000146c                busy_wait_us
 .text.busy_wait_until
                0x100014d4       0x20 CMakeFiles/rpizerow.dir/Users/SeanChneg/Desktop/Pico/pico-sdk/src/rp2_common/hardware_timer/timer.c.obj
                0x100014d4                busy_wait_until
 .text.hardware_alarm_set_callback
                0x100014f4       0x8c CMakeFiles/rpizerow.dir/Users/SeanChneg/Desktop/Pico/pico-sdk/src/rp2_common/hardware_timer/timer.c.obj
                0x100014f4                hardware_alarm_set_callback
 .text.hardware_alarm_set_target
                0x10001580       0xd0 CMakeFiles/rpizerow.dir/Users/SeanChneg/Desktop/Pico/pico-sdk/src/rp2_common/hardware_timer/timer.c.obj
                0x10001580                hardware_alarm_set_target
 .text.hardware_alarm_cancel
                0x10001650       0x3c CMakeFiles/rpizerow.dir/Users/SeanChneg/Desktop/Pico/pico-sdk/src/rp2_common/hardware_timer/timer.c.obj
                0x10001650                hardware_alarm_cancel
 .text.ph_merge_nodes
                0x1000168c       0x58 CMakeFiles/rpizerow.dir/Users/SeanChneg/Desktop/Pico/pico-sdk/src/common/pico_util/pheap.c.obj
 .text.ph_post_alloc_init
                0x100016e4       0x3c CMakeFiles/rpizerow.dir/Users/SeanChneg/Desktop/Pico/pico-sdk/src/common/pico_util/pheap.c.obj
                0x100016e4                ph_post_alloc_init
 .text.ph_merge_two_pass
                0x10001720       0x8c CMakeFiles/rpizerow.dir/Users/SeanChneg/Desktop/Pico/pico-sdk/src/common/pico_util/pheap.c.obj
                0x10001720                ph_merge_two_pass
 .text.ph_remove_any_head
                0x100017ac      0x100 CMakeFiles/rpizerow.dir/Users/SeanChneg/Desktop/Pico/pico-sdk/src/common/pico_util/pheap.c.obj
 .text.ph_remove_head
                0x100018ac      0x104 CMakeFiles/rpizerow.dir/Users/SeanChneg/Desktop/Pico/pico-sdk/src/common/pico_util/pheap.c.obj
                0x100018ac                ph_remove_head
 .text.ph_remove_and_free_node
                0x100019b0       0x78 CMakeFiles/rpizerow.dir/Users/SeanChneg/Desktop/Pico/pico-sdk/src/common/pico_util/pheap.c.obj
                0x100019b0                ph_remove_and_free_node
 .text.uart_init
                0x10001a28      0x18c CMakeFiles/rpizerow.dir/Users/SeanChneg/Desktop/Pico/pico-sdk/src/rp2_common/hardware_uart/uart.c.obj
                0x10001a28                uart_init
 .text.uart_set_baudrate
                0x10001bb4       0xb8 CMakeFiles/rpizerow.dir/Users/SeanChneg/Desktop/Pico/pico-sdk/src/rp2_common/hardware_uart/uart.c.obj
                0x10001bb4                uart_set_baudrate
 .text.uart_set_format
                0x10001c6c       0x7c CMakeFiles/rpizerow.dir/Users/SeanChneg/Desktop/Pico/pico-sdk/src/rp2_common/hardware_uart/uart.c.obj
                0x10001c6c                uart_set_format
 .text.uart_set_fifo_enabled
                0x10001ce8       0x60 CMakeFiles/rpizerow.dir/Users/SeanChneg/Desktop/Pico/pico-sdk/src/rp2_common/hardware_uart/uart.c.obj
                0x10001ce8                uart_set_fifo_enabled
 .text.clocks_init
                0x10001d48      0x2c8 CMakeFiles/rpizerow.dir/Users/SeanChneg/Desktop/Pico/pico-sdk/src/rp2_common/hardware_clocks/clocks.c.obj
                0x10001d48                clocks_init
 .text.clock_get_hz
                0x10002010        0xc CMakeFiles/rpizerow.dir/Users/SeanChneg/Desktop/Pico/pico-sdk/src/rp2_common/hardware_clocks/clocks.c.obj
                0x10002010                clock_get_hz
 .text.pll_init
                0x1000201c       0xa4 CMakeFiles/rpizerow.dir/Users/SeanChneg/Desktop/Pico/pico-sdk/src/rp2_common/hardware_pll/pll.c.obj
                0x1000201c                pll_init
 .text.watchdog_start_tick
                0x100020c0       0x10 CMakeFiles/rpizerow.dir/Users/SeanChneg/Desktop/Pico/pico-sdk/src/rp2_common/hardware_watchdog/watchdog.c.obj
                0x100020c0                watchdog_start_tick
 .text.watchdog_reboot
                0x100020d0       0x9c CMakeFiles/rpizerow.dir/Users/SeanChneg/Desktop/Pico/pico-sdk/src/rp2_common/hardware_watchdog/watchdog.c.obj
                0x100020d0                watchdog_reboot
 .text.xosc_init
                0x1000216c       0x28 CMakeFiles/rpizerow.dir/Users/SeanChneg/Desktop/Pico/pico-sdk/src/rp2_common/hardware_xosc/xosc.c.obj
                0x1000216c                xosc_init
 .text.runtime_init
                0x10002194       0xf0 CMakeFiles/rpizerow.dir/Users/SeanChneg/Desktop/Pico/pico-sdk/src/rp2_common/pico_runtime/runtime.c.obj
                0x10002194                runtime_init
 .text._exit    0x10002284        0x4 CMakeFiles/rpizerow.dir/Users/SeanChneg/Desktop/Pico/pico-sdk/src/rp2_common/pico_runtime/runtime.c.obj
                0x10002284                _exit
 .text._sbrk    0x10002288       0x34 CMakeFiles/rpizerow.dir/Users/SeanChneg/Desktop/Pico/pico-sdk/src/rp2_common/pico_runtime/runtime.c.obj
                0x10002288                _sbrk
 .text.exit     0x100022bc        0x8 CMakeFiles/rpizerow.dir/Users/SeanChneg/Desktop/Pico/pico-sdk/src/rp2_common/pico_runtime/runtime.c.obj
                0x100022bc                exit
 .text.__assert_func
                0x100022c4       0x38 CMakeFiles/rpizerow.dir/Users/SeanChneg/Desktop/Pico/pico-sdk/src/rp2_common/pico_runtime/runtime.c.obj
                0x100022c4                __assert_func
 .text.panic    0x100022fc       0x30 CMakeFiles/rpizerow.dir/Users/SeanChneg/Desktop/Pico/pico-sdk/src/rp2_common/pico_runtime/runtime.c.obj
                0x100022fc                panic
 .text.hard_assertion_failure
                0x1000232c        0xc CMakeFiles/rpizerow.dir/Users/SeanChneg/Desktop/Pico/pico-sdk/src/rp2_common/pico_runtime/runtime.c.obj
                0x1000232c                hard_assertion_failure
 .text._out_buffer
                0x10002338        0x8 CMakeFiles/rpizerow.dir/Users/SeanChneg/Desktop/Pico/pico-sdk/src/rp2_common/pico_printf/printf.c.obj
 .text._out_null
                0x10002340        0x4 CMakeFiles/rpizerow.dir/Users/SeanChneg/Desktop/Pico/pico-sdk/src/rp2_common/pico_printf/printf.c.obj
 .text._out_rev
                0x10002344       0xac CMakeFiles/rpizerow.dir/Users/SeanChneg/Desktop/Pico/pico-sdk/src/rp2_common/pico_printf/printf.c.obj
 .text._ntoa_format
                0x100023f0      0x250 CMakeFiles/rpizerow.dir/Users/SeanChneg/Desktop/Pico/pico-sdk/src/rp2_common/pico_printf/printf.c.obj
 .text._out_char
                0x10002640       0x10 CMakeFiles/rpizerow.dir/Users/SeanChneg/Desktop/Pico/pico-sdk/src/rp2_common/pico_printf/printf.c.obj
 .text._out_fct
                0x10002650       0x10 CMakeFiles/rpizerow.dir/Users/SeanChneg/Desktop/Pico/pico-sdk/src/rp2_common/pico_printf/printf.c.obj
 .text._etoa    0x10002660      0x464 CMakeFiles/rpizerow.dir/Users/SeanChneg/Desktop/Pico/pico-sdk/src/rp2_common/pico_printf/printf.c.obj
 .text._ftoa    0x10002ac4      0x3c0 CMakeFiles/rpizerow.dir/Users/SeanChneg/Desktop/Pico/pico-sdk/src/rp2_common/pico_printf/printf.c.obj
 .text._vsnprintf
                0x10002e84      0xbc8 CMakeFiles/rpizerow.dir/Users/SeanChneg/Desktop/Pico/pico-sdk/src/rp2_common/pico_printf/printf.c.obj
 .text.__wrap_sprintf
                0x10003a4c       0x2c CMakeFiles/rpizerow.dir/Users/SeanChneg/Desktop/Pico/pico-sdk/src/rp2_common/pico_printf/printf.c.obj
                0x10003a4c                __wrap_sprintf
 .text.vfctprintf
                0x10003a78       0x20 CMakeFiles/rpizerow.dir/Users/SeanChneg/Desktop/Pico/pico-sdk/src/rp2_common/pico_printf/printf.c.obj
                0x10003a78                vfctprintf
 .text.weak_raw_printf
                0x10003a98       0x40 CMakeFiles/rpizerow.dir/Users/SeanChneg/Desktop/Pico/pico-sdk/src/rp2_common/pico_printf/printf.c.obj
                0x10003a98                weak_raw_printf
 .text.weak_raw_vprintf
                0x10003ad8       0x30 CMakeFiles/rpizerow.dir/Users/SeanChneg/Desktop/Pico/pico-sdk/src/rp2_common/pico_printf/printf.c.obj
                0x10003ad8                weak_raw_vprintf
 .text          0x10003b08       0x10 CMakeFiles/rpizerow.dir/Users/SeanChneg/Desktop/Pico/pico-sdk/src/rp2_common/pico_bit_ops/bit_ops_aeabi.S.obj
 .text.rom_func_lookup
                0x10003b18       0x10 CMakeFiles/rpizerow.dir/Users/SeanChneg/Desktop/Pico/pico-sdk/src/rp2_common/pico_bootrom/bootrom.c.obj
                0x10003b18                rom_func_lookup
 .text.rom_data_lookup
                0x10003b28       0x10 CMakeFiles/rpizerow.dir/Users/SeanChneg/Desktop/Pico/pico-sdk/src/rp2_common/pico_bootrom/bootrom.c.obj
                0x10003b28                rom_data_lookup
 .text.rom_funcs_lookup
                0x10003b38       0x44 CMakeFiles/rpizerow.dir/Users/SeanChneg/Desktop/Pico/pico-sdk/src/rp2_common/pico_bootrom/bootrom.c.obj
                0x10003b38                rom_funcs_lookup
 .text.__wrap___aeabi_idiv
                0x10003b7c       0x50 CMakeFiles/rpizerow.dir/Users/SeanChneg/Desktop/Pico/pico-sdk/src/rp2_common/pico_divider/divider.S.obj
                0x10003b7c                __wrap___aeabi_idivmod
                0x10003b7c                divmod_s32s32
                0x10003b7c                div_s32s32
                0x10003b7c                __wrap___aeabi_idiv
                0x10003b84                divmod_s32s32_unsafe
                0x10003bb0                divmod_s32s32_savestate
 .text.__wrap___aeabi_uidiv
                0x10003bcc       0x4c CMakeFiles/rpizerow.dir/Users/SeanChneg/Desktop/Pico/pico-sdk/src/rp2_common/pico_divider/divider.S.obj
                0x10003bcc                __wrap___aeabi_uidiv
                0x10003bcc                __wrap___aeabi_uidivmod
                0x10003bcc                div_u32u32
                0x10003bcc                divmod_u32u32
                0x10003bd4                divmod_u32u32_unsafe
                0x10003bfc                divmod_u32u32_savestate
 .text.__wrap___aeabi_ldiv
                0x10003c18      0x424 CMakeFiles/rpizerow.dir/Users/SeanChneg/Desktop/Pico/pico-sdk/src/rp2_common/pico_divider/divider.S.obj
                0x10003c18                __wrap___aeabi_ldivmod
                0x10003c18                div_s64s64
                0x10003c18                divmod_s64s64
                0x10003c48                divmod_u64u64
                0x10003c48                div_u64u64
                0x10003c48                __wrap___aeabi_uldivmod
                0x10003c58                divmod_u64u64_savestate
                0x10003c78                divmod_s64s64_unsafe
                0x10003d00                divmod_u64u64_unsafe
 .text.__wrap___aeabi_darithmetic
                0x1000403c       0x80 CMakeFiles/rpizerow.dir/Users/SeanChneg/Desktop/Pico/pico-sdk/src/rp2_common/pico_double/double_aeabi.S.obj
                0x1000403c                __wrap___aeabi_drsub
                0x10004042                __wrap___aeabi_dsub
                0x10004054                __wrap___aeabi_dadd
                0x10004066                __wrap___aeabi_ddiv
                0x100040a2                __wrap___aeabi_dmul
 .text.__wrap___aeabi_cdcmple
                0x100040bc       0x6c CMakeFiles/rpizerow.dir/Users/SeanChneg/Desktop/Pico/pico-sdk/src/rp2_common/pico_double/double_aeabi.S.obj
                0x100040bc                __wrap___aeabi_cdrcmple
                0x100040cc                __wrap___aeabi_cdcmple
                0x100040cc                __wrap___aeabi_cdcmpeq
 .text.__wrap___aeabi_dcmpeq
                0x10004128       0x10 CMakeFiles/rpizerow.dir/Users/SeanChneg/Desktop/Pico/pico-sdk/src/rp2_common/pico_double/double_aeabi.S.obj
                0x10004128                __wrap___aeabi_dcmpeq
 .text.__wrap___aeabi_dcmplt
                0x10004138        0xc CMakeFiles/rpizerow.dir/Users/SeanChneg/Desktop/Pico/pico-sdk/src/rp2_common/pico_double/double_aeabi.S.obj
                0x10004138                __wrap___aeabi_dcmplt
 .text.__wrap___aeabi_dcmple
                0x10004144       0x10 CMakeFiles/rpizerow.dir/Users/SeanChneg/Desktop/Pico/pico-sdk/src/rp2_common/pico_double/double_aeabi.S.obj
                0x10004144                __wrap___aeabi_dcmple
 .text.__wrap___aeabi_dcmpge
                0x10004154       0x10 CMakeFiles/rpizerow.dir/Users/SeanChneg/Desktop/Pico/pico-sdk/src/rp2_common/pico_double/double_aeabi.S.obj
                0x10004154                __wrap___aeabi_dcmpge
 .text.__wrap___aeabi_dcmpgt
                0x10004164        0xa CMakeFiles/rpizerow.dir/Users/SeanChneg/Desktop/Pico/pico-sdk/src/rp2_common/pico_double/double_aeabi.S.obj
                0x10004164                __wrap___aeabi_dcmpgt
 .text.__wrap___aeabi_dcmpun
                0x1000416e       0x1c CMakeFiles/rpizerow.dir/Users/SeanChneg/Desktop/Pico/pico-sdk/src/rp2_common/pico_double/double_aeabi.S.obj
                0x1000416e                __wrap___aeabi_dcmpun
 *fill*         0x1000418a        0x2 
 .text.__wrap___aeabi_i2d
                0x1000418c       0x38 CMakeFiles/rpizerow.dir/Users/SeanChneg/Desktop/Pico/pico-sdk/src/rp2_common/pico_double/double_aeabi.S.obj
                0x1000418c                __wrap___aeabi_ui2d
                0x10004194                __wrap___aeabi_i2d
 .text.__wrap___aeabi_d2iz
                0x100041c4       0x48 CMakeFiles/rpizerow.dir/Users/SeanChneg/Desktop/Pico/pico-sdk/src/rp2_common/pico_double/double_aeabi.S.obj
                0x100041c4                __wrap___aeabi_d2iz
                0x100041c4                double2int_z
 .text.__wrap___aeabi_d2uiz
                0x1000420c       0x18 CMakeFiles/rpizerow.dir/Users/SeanChneg/Desktop/Pico/pico-sdk/src/rp2_common/pico_double/double_aeabi.S.obj
                0x1000420c                double2uint
                0x1000420c                __wrap___aeabi_d2uiz
 .text.__wrap___aeabi_l2d
                0x10004224       0x18 CMakeFiles/rpizerow.dir/Users/SeanChneg/Desktop/Pico/pico-sdk/src/rp2_common/pico_double/double_aeabi.S.obj
                0x10004224                __wrap___aeabi_l2d
 .text.__wrap___aeabi_d2lz
                0x1000423c       0x26 CMakeFiles/rpizerow.dir/Users/SeanChneg/Desktop/Pico/pico-sdk/src/rp2_common/pico_double/double_aeabi.S.obj
                0x1000423c                __wrap___aeabi_d2lz
                0x1000423c                double2int64_z
 *fill*         0x10004262        0x2 
 .text.double2int64
                0x10004264       0x18 CMakeFiles/rpizerow.dir/Users/SeanChneg/Desktop/Pico/pico-sdk/src/rp2_common/pico_double/double_aeabi.S.obj
                0x10004264                double2int64
 .text.double2ufix64
                0x1000427c       0x18 CMakeFiles/rpizerow.dir/Users/SeanChneg/Desktop/Pico/pico-sdk/src/rp2_common/pico_double/double_aeabi.S.obj
                0x1000427c                double2ufix64
 .text.__wrap___aeabi_d2f
                0x10004294       0x18 CMakeFiles/rpizerow.dir/Users/SeanChneg/Desktop/Pico/pico-sdk/src/rp2_common/pico_double/double_aeabi.S.obj
                0x10004294                __wrap___aeabi_d2f
 .text.__aeabi_double_init
                0x100042ac       0x98 CMakeFiles/rpizerow.dir/Users/SeanChneg/Desktop/Pico/pico-sdk/src/rp2_common/pico_double/double_init_rom.c.obj
                0x100042ac                __aeabi_double_init
 .text.double_table_shim_on_use_helper
                0x10004344       0x2c CMakeFiles/rpizerow.dir/Users/SeanChneg/Desktop/Pico/pico-sdk/src/rp2_common/pico_double/double_v1_rom_shim.S.obj
                0x10004344                double_table_shim_on_use_helper
 .text.__wrap___aeabi_dsub
                0x10004370       0x10 CMakeFiles/rpizerow.dir/Users/SeanChneg/Desktop/Pico/pico-sdk/src/rp2_common/pico_double/double_v1_rom_shim.S.obj
                0x10004370                drsub_shim
                0x10004376                dsub_shim
 .text.dadd_shim
                0x10004380      0x15c CMakeFiles/rpizerow.dir/Users/SeanChneg/Desktop/Pico/pico-sdk/src/rp2_common/pico_double/double_v1_rom_shim.S.obj
                0x10004380                dadd_shim
 .text.dmul_shim
                0x100044dc      0x15c CMakeFiles/rpizerow.dir/Users/SeanChneg/Desktop/Pico/pico-sdk/src/rp2_common/pico_double/double_v1_rom_shim.S.obj
                0x100044dc                dmul_shim
 .text.ddiv_shim
                0x10004638      0x1b0 CMakeFiles/rpizerow.dir/Users/SeanChneg/Desktop/Pico/pico-sdk/src/rp2_common/pico_double/double_v1_rom_shim.S.obj
                0x10004638                ddiv_shim
 .text.double2uint_shim
                0x100047e8        0xe CMakeFiles/rpizerow.dir/Users/SeanChneg/Desktop/Pico/pico-sdk/src/rp2_common/pico_double/double_v1_rom_shim.S.obj
                0x100047e8                double2uint_shim
                0x100047ea                double2ufix_shim
 .text.double2int64_shim
                0x100047f6       0x1a CMakeFiles/rpizerow.dir/Users/SeanChneg/Desktop/Pico/pico-sdk/src/rp2_common/pico_double/double_v1_rom_shim.S.obj
                0x100047f6                double2int64_shim
                0x100047f8                double2fix64_shim
 .text.double2uint64_shim
                0x10004810       0x70 CMakeFiles/rpizerow.dir/Users/SeanChneg/Desktop/Pico/pico-sdk/src/rp2_common/pico_double/double_v1_rom_shim.S.obj
                0x10004810                double2uint64_shim
                0x10004812                double2ufix64_shim
                0x10004832                d2fix_a
 .text.double2float_shim
                0x10004880       0x5c CMakeFiles/rpizerow.dir/Users/SeanChneg/Desktop/Pico/pico-sdk/src/rp2_common/pico_double/double_v1_rom_shim.S.obj
                0x10004880                double2float_shim
 .text.x2double_shims
                0x100048dc       0x90 CMakeFiles/rpizerow.dir/Users/SeanChneg/Desktop/Pico/pico-sdk/src/rp2_common/pico_double/double_v1_rom_shim.S.obj
                0x100048dc                uint2double_shim
                0x100048de                ufix2double_shim
                0x100048e4                int2double_shim
                0x100048e6                fix2double_shim
                0x100048ec                uint642double_shim
                0x100048ee                ufix642double_shim
                0x100048f4                int642double_shim
                0x100048f6                fix642double_shim
 .text.dunpacks
                0x1000496c       0x3c CMakeFiles/rpizerow.dir/Users/SeanChneg/Desktop/Pico/pico-sdk/src/rp2_common/pico_double/double_v1_rom_shim.S.obj
                0x1000496c                dunpacks
 .text.__aeabi_lmul
                0x100049a8       0x32 CMakeFiles/rpizerow.dir/Users/SeanChneg/Desktop/Pico/pico-sdk/src/rp2_common/pico_int64_ops/pico_int64_ops_aeabi.S.obj
                0x100049a8                __wrap___aeabi_lmul
 *fill*         0x100049da        0x2 
 .text.__aeabi_float_init
                0x100049dc       0x64 CMakeFiles/rpizerow.dir/Users/SeanChneg/Desktop/Pico/pico-sdk/src/rp2_common/pico_float/float_init_rom.c.obj
                0x100049dc                __aeabi_float_init
 .text.float_table_shim_on_use_helper
                0x10004a40       0x2c CMakeFiles/rpizerow.dir/Users/SeanChneg/Desktop/Pico/pico-sdk/src/rp2_common/pico_float/float_v1_rom_shim.S.obj
                0x10004a40                float_table_shim_on_use_helper
 .text.__wrap_malloc
                0x10004a6c       0x24 CMakeFiles/rpizerow.dir/Users/SeanChneg/Desktop/Pico/pico-sdk/src/rp2_common/pico_malloc/pico_malloc.c.obj
                0x10004a6c                __wrap_malloc
 .text.__wrap_realloc
                0x10004a90       0x24 CMakeFiles/rpizerow.dir/Users/SeanChneg/Desktop/Pico/pico-sdk/src/rp2_common/pico_malloc/pico_malloc.c.obj
                0x10004a90                __wrap_realloc
 .text.__wrap_free
                0x10004ab4        0x8 CMakeFiles/rpizerow.dir/Users/SeanChneg/Desktop/Pico/pico-sdk/src/rp2_common/pico_malloc/pico_malloc.c.obj
                0x10004ab4                __wrap_free
 .text          0x10004abc       0x10 CMakeFiles/rpizerow.dir/Users/SeanChneg/Desktop/Pico/pico-sdk/src/rp2_common/pico_mem_ops/mem_ops_aeabi.S.obj
                0x10004abc                __aeabi_mem_init
 .text.memset   0x10004acc        0xc CMakeFiles/rpizerow.dir/Users/SeanChneg/Desktop/Pico/pico-sdk/src/rp2_common/pico_mem_ops/mem_ops_aeabi.S.obj
                0x10004acc                __wrap_memset
 .text.memcpy   0x10004ad8        0xc CMakeFiles/rpizerow.dir/Users/SeanChneg/Desktop/Pico/pico-sdk/src/rp2_common/pico_mem_ops/mem_ops_aeabi.S.obj
                0x10004ad8                __wrap___aeabi_memcpy
                0x10004ad8                __wrap_memcpy
 .text.stdio_out_chars_crlf
                0x10004ae4       0x94 CMakeFiles/rpizerow.dir/Users/SeanChneg/Desktop/Pico/pico-sdk/src/rp2_common/pico_stdio/stdio.c.obj
 .text.stdio_buffered_printer
                0x10004b78       0x64 CMakeFiles/rpizerow.dir/Users/SeanChneg/Desktop/Pico/pico-sdk/src/rp2_common/pico_stdio/stdio.c.obj
 .text.__wrap_putchar
                0x10004bdc       0x98 CMakeFiles/rpizerow.dir/Users/SeanChneg/Desktop/Pico/pico-sdk/src/rp2_common/pico_stdio/stdio.c.obj
                0x10004bdc                __wrap_putchar
 .text.__wrap_puts
                0x10004c74       0xe0 CMakeFiles/rpizerow.dir/Users/SeanChneg/Desktop/Pico/pico-sdk/src/rp2_common/pico_stdio/stdio.c.obj
                0x10004c74                __wrap_puts
 .text._read    0x10004d54       0x94 CMakeFiles/rpizerow.dir/Users/SeanChneg/Desktop/Pico/pico-sdk/src/rp2_common/pico_stdio/stdio.c.obj
                0x10004d54                _read
 .text._write   0x10004de8       0xb4 CMakeFiles/rpizerow.dir/Users/SeanChneg/Desktop/Pico/pico-sdk/src/rp2_common/pico_stdio/stdio.c.obj
                0x10004de8                _write
 .text._close   0x10004e9c        0x8 CMakeFiles/rpizerow.dir/Users/SeanChneg/Desktop/Pico/pico-sdk/src/rp2_common/pico_stdio/stdio.c.obj
                0x10004e9c                _close
 .text._lseek   0x10004ea4        0x8 CMakeFiles/rpizerow.dir/Users/SeanChneg/Desktop/Pico/pico-sdk/src/rp2_common/pico_stdio/stdio.c.obj
                0x10004ea4                _lseek
 .text._fstat   0x10004eac        0x8 CMakeFiles/rpizerow.dir/Users/SeanChneg/Desktop/Pico/pico-sdk/src/rp2_common/pico_stdio/stdio.c.obj
                0x10004eac                _fstat
 .text._isatty  0x10004eb4        0xc CMakeFiles/rpizerow.dir/Users/SeanChneg/Desktop/Pico/pico-sdk/src/rp2_common/pico_stdio/stdio.c.obj
                0x10004eb4                _isatty
 .text.stdio_set_driver_enabled
                0x10004ec0       0x30 CMakeFiles/rpizerow.dir/Users/SeanChneg/Desktop/Pico/pico-sdk/src/rp2_common/pico_stdio/stdio.c.obj
                0x10004ec0                stdio_set_driver_enabled
 .text.__wrap_vprintf
                0x10004ef0       0xd4 CMakeFiles/rpizerow.dir/Users/SeanChneg/Desktop/Pico/pico-sdk/src/rp2_common/pico_stdio/stdio.c.obj
                0x10004ef0                __wrap_vprintf
 .text.__wrap_printf
                0x10004fc4       0x18 CMakeFiles/rpizerow.dir/Users/SeanChneg/Desktop/Pico/pico-sdk/src/rp2_common/pico_stdio/stdio.c.obj
                0x10004fc4                __wrap_printf
 .text.stdio_init_all
                0x10004fdc        0x8 CMakeFiles/rpizerow.dir/Users/SeanChneg/Desktop/Pico/pico-sdk/src/rp2_common/pico_stdio/stdio.c.obj
                0x10004fdc                stdio_init_all
 .text.resetd_init
                0x10004fe4        0x4 CMakeFiles/rpizerow.dir/Users/SeanChneg/Desktop/Pico/pico-sdk/src/rp2_common/pico_stdio_usb/reset_interface.c.obj
 .text.resetd_reset
                0x10004fe8        0xc CMakeFiles/rpizerow.dir/Users/SeanChneg/Desktop/Pico/pico-sdk/src/rp2_common/pico_stdio_usb/reset_interface.c.obj
 .text.resetd_open
                0x10004ff4       0x28 CMakeFiles/rpizerow.dir/Users/SeanChneg/Desktop/Pico/pico-sdk/src/rp2_common/pico_stdio_usb/reset_interface.c.obj
 .text.resetd_xfer_cb
                0x1000501c        0x4 CMakeFiles/rpizerow.dir/Users/SeanChneg/Desktop/Pico/pico-sdk/src/rp2_common/pico_stdio_usb/reset_interface.c.obj
 .text.resetd_control_xfer_cb
                0x10005020       0x60 CMakeFiles/rpizerow.dir/Users/SeanChneg/Desktop/Pico/pico-sdk/src/rp2_common/pico_stdio_usb/reset_interface.c.obj
 .text.usbd_app_driver_get_cb
                0x10005080        0xc CMakeFiles/rpizerow.dir/Users/SeanChneg/Desktop/Pico/pico-sdk/src/rp2_common/pico_stdio_usb/reset_interface.c.obj
                0x10005080                usbd_app_driver_get_cb
 .text.tud_cdc_line_coding_cb
                0x1000508c       0x34 CMakeFiles/rpizerow.dir/Users/SeanChneg/Desktop/Pico/pico-sdk/src/rp2_common/pico_stdio_usb/reset_interface.c.obj
                0x1000508c                tud_cdc_line_coding_cb
 .text.stdio_usb_set_chars_available_callback
                0x100050c0       0x14 CMakeFiles/rpizerow.dir/Users/SeanChneg/Desktop/Pico/pico-sdk/src/rp2_common/pico_stdio_usb/stdio_usb.c.obj
                0x100050c0                stdio_usb_set_chars_available_callback
 .text.usb_irq  0x100050d4       0x10 CMakeFiles/rpizerow.dir/Users/SeanChneg/Desktop/Pico/pico-sdk/src/rp2_common/pico_stdio_usb/stdio_usb.c.obj
 .text.timer_task
                0x100050e4       0x54 CMakeFiles/rpizerow.dir/Users/SeanChneg/Desktop/Pico/pico-sdk/src/rp2_common/pico_stdio_usb/stdio_usb.c.obj
 .text.stdio_usb_in_chars
                0x10005138       0x90 CMakeFiles/rpizerow.dir/Users/SeanChneg/Desktop/Pico/pico-sdk/src/rp2_common/pico_stdio_usb/stdio_usb.c.obj
                0x10005138                stdio_usb_in_chars
 .text.stdio_usb_out_chars
                0x100051c8      0x104 CMakeFiles/rpizerow.dir/Users/SeanChneg/Desktop/Pico/pico-sdk/src/rp2_common/pico_stdio_usb/stdio_usb.c.obj
 .text.low_priority_worker_irq
                0x100052cc       0xa8 CMakeFiles/rpizerow.dir/Users/SeanChneg/Desktop/Pico/pico-sdk/src/rp2_common/pico_stdio_usb/stdio_usb.c.obj
 .text.tud_cdc_rx_cb
                0x10005374       0x20 CMakeFiles/rpizerow.dir/Users/SeanChneg/Desktop/Pico/pico-sdk/src/rp2_common/pico_stdio_usb/stdio_usb.c.obj
                0x10005374                tud_cdc_rx_cb
 .text.stdio_usb_init
                0x10005394       0xe0 CMakeFiles/rpizerow.dir/Users/SeanChneg/Desktop/Pico/pico-sdk/src/rp2_common/pico_stdio_usb/stdio_usb.c.obj
                0x10005394                stdio_usb_init
 .text.stdio_usb_connected
                0x10005474        0xc CMakeFiles/rpizerow.dir/Users/SeanChneg/Desktop/Pico/pico-sdk/src/rp2_common/pico_stdio_usb/stdio_usb.c.obj
                0x10005474                stdio_usb_connected
 .text.tud_descriptor_device_cb
                0x10005480        0x8 CMakeFiles/rpizerow.dir/Users/SeanChneg/Desktop/Pico/pico-sdk/src/rp2_common/pico_stdio_usb/stdio_usb_descriptors.c.obj
                0x10005480                tud_descriptor_device_cb
 .text.tud_descriptor_configuration_cb
                0x10005488        0x8 CMakeFiles/rpizerow.dir/Users/SeanChneg/Desktop/Pico/pico-sdk/src/rp2_common/pico_stdio_usb/stdio_usb_descriptors.c.obj
                0x10005488                tud_descriptor_configuration_cb
 .text.tud_descriptor_string_cb
                0x10005490       0x78 CMakeFiles/rpizerow.dir/Users/SeanChneg/Desktop/Pico/pico-sdk/src/rp2_common/pico_stdio_usb/stdio_usb_descriptors.c.obj
                0x10005490                tud_descriptor_string_cb
 .text.startup._retrieve_unique_id_on_boot
                0x10005508       0x10 CMakeFiles/rpizerow.dir/Users/SeanChneg/Desktop/Pico/pico-sdk/src/rp2_common/pico_unique_id/unique_id.c.obj
 .text.pico_get_unique_board_id_string
                0x10005518      0x1a8 CMakeFiles/rpizerow.dir/Users/SeanChneg/Desktop/Pico/pico-sdk/src/rp2_common/pico_unique_id/unique_id.c.obj
                0x10005518                pico_get_unique_board_id_string
 .text.flash_get_unique_id
                0x100056c0       0x3c CMakeFiles/rpizerow.dir/Users/SeanChneg/Desktop/Pico/pico-sdk/src/rp2_common/hardware_flash/flash.c.obj
                0x100056c0                flash_get_unique_id
 .text.dcd_int_enable
                0x100056fc        0xc CMakeFiles/rpizerow.dir/Users/SeanChneg/Desktop/Pico/pico-sdk/lib/tinyusb/src/portable/raspberrypi/rp2040/dcd_rp2040.c.obj
                0x100056fc                dcd_int_enable
 .text.dcd_set_address
                0x10005708       0x14 CMakeFiles/rpizerow.dir/Users/SeanChneg/Desktop/Pico/pico-sdk/lib/tinyusb/src/portable/raspberrypi/rp2040/dcd_rp2040.c.obj
                0x10005708                dcd_set_address
 .text.dcd_connect
                0x1000571c       0x10 CMakeFiles/rpizerow.dir/Users/SeanChneg/Desktop/Pico/pico-sdk/lib/tinyusb/src/portable/raspberrypi/rp2040/dcd_rp2040.c.obj
                0x1000571c                dcd_connect
 .text.dcd_init
                0x1000572c       0x98 CMakeFiles/rpizerow.dir/Users/SeanChneg/Desktop/Pico/pico-sdk/lib/tinyusb/src/portable/raspberrypi/rp2040/dcd_rp2040.c.obj
                0x1000572c                dcd_init
 .text.dcd_edpt0_status_complete
                0x100057c4       0x1c CMakeFiles/rpizerow.dir/Users/SeanChneg/Desktop/Pico/pico-sdk/lib/tinyusb/src/portable/raspberrypi/rp2040/dcd_rp2040.c.obj
                0x100057c4                dcd_edpt0_status_complete
 .text.dcd_edpt_open
                0x100057e0      0x108 CMakeFiles/rpizerow.dir/Users/SeanChneg/Desktop/Pico/pico-sdk/lib/tinyusb/src/portable/raspberrypi/rp2040/dcd_rp2040.c.obj
                0x100057e0                dcd_edpt_open
 .text.dcd_edpt_close_all
                0x100058e8        0x8 CMakeFiles/rpizerow.dir/Users/SeanChneg/Desktop/Pico/pico-sdk/lib/tinyusb/src/portable/raspberrypi/rp2040/dcd_rp2040.c.obj
                0x100058e8                dcd_edpt_close_all
 .text.dcd_edpt_xfer
                0x100058f0       0x24 CMakeFiles/rpizerow.dir/Users/SeanChneg/Desktop/Pico/pico-sdk/lib/tinyusb/src/portable/raspberrypi/rp2040/dcd_rp2040.c.obj
                0x100058f0                dcd_edpt_xfer
 .text.dcd_edpt_stall
                0x10005914       0x34 CMakeFiles/rpizerow.dir/Users/SeanChneg/Desktop/Pico/pico-sdk/lib/tinyusb/src/portable/raspberrypi/rp2040/dcd_rp2040.c.obj
                0x10005914                dcd_edpt_stall
 .text.dcd_edpt_clear_stall
                0x10005948       0x30 CMakeFiles/rpizerow.dir/Users/SeanChneg/Desktop/Pico/pico-sdk/lib/tinyusb/src/portable/raspberrypi/rp2040/dcd_rp2040.c.obj
                0x10005948                dcd_edpt_clear_stall
 .text.rp2040_usb_init
                0x10005978       0x4c CMakeFiles/rpizerow.dir/Users/SeanChneg/Desktop/Pico/pico-sdk/lib/tinyusb/src/portable/raspberrypi/rp2040/rp2040_usb.c.obj
                0x10005978                rp2040_usb_init
 .text.hw_endpoint_xfer_start
                0x100059c4       0x40 CMakeFiles/rpizerow.dir/Users/SeanChneg/Desktop/Pico/pico-sdk/lib/tinyusb/src/portable/raspberrypi/rp2040/rp2040_usb.c.obj
                0x100059c4                hw_endpoint_xfer_start
 .text.tud_mounted
                0x10005a04       0x10 CMakeFiles/rpizerow.dir/Users/SeanChneg/Desktop/Pico/pico-sdk/lib/tinyusb/src/device/usbd.c.obj
                0x10005a04                tud_mounted
 .text.tud_suspended
                0x10005a14       0x10 CMakeFiles/rpizerow.dir/Users/SeanChneg/Desktop/Pico/pico-sdk/lib/tinyusb/src/device/usbd.c.obj
                0x10005a14                tud_suspended
 .text.tud_inited
                0x10005a24       0x14 CMakeFiles/rpizerow.dir/Users/SeanChneg/Desktop/Pico/pico-sdk/lib/tinyusb/src/device/usbd.c.obj
                0x10005a24                tud_inited
 .text.tud_init
                0x10005a38       0xdc CMakeFiles/rpizerow.dir/Users/SeanChneg/Desktop/Pico/pico-sdk/lib/tinyusb/src/device/usbd.c.obj
                0x10005a38                tud_init
 .text.tud_task_ext
                0x10005b14      0x850 CMakeFiles/rpizerow.dir/Users/SeanChneg/Desktop/Pico/pico-sdk/lib/tinyusb/src/device/usbd.c.obj
                0x10005b14                tud_task_ext
 .text.usbd_open_edpt_pair
                0x10006364       0x9c CMakeFiles/rpizerow.dir/Users/SeanChneg/Desktop/Pico/pico-sdk/lib/tinyusb/src/device/usbd.c.obj
                0x10006364                usbd_open_edpt_pair
 .text.usbd_defer_func
                0x10006400       0x48 CMakeFiles/rpizerow.dir/Users/SeanChneg/Desktop/Pico/pico-sdk/lib/tinyusb/src/device/usbd.c.obj
                0x10006400                usbd_defer_func
 .text.usbd_edpt_open
                0x10006448       0x34 CMakeFiles/rpizerow.dir/Users/SeanChneg/Desktop/Pico/pico-sdk/lib/tinyusb/src/device/usbd.c.obj
                0x10006448                usbd_edpt_open
 .text.usbd_edpt_claim
                0x1000647c       0x28 CMakeFiles/rpizerow.dir/Users/SeanChneg/Desktop/Pico/pico-sdk/lib/tinyusb/src/device/usbd.c.obj
                0x1000647c                usbd_edpt_claim
 .text.usbd_edpt_release
                0x100064a4       0x28 CMakeFiles/rpizerow.dir/Users/SeanChneg/Desktop/Pico/pico-sdk/lib/tinyusb/src/device/usbd.c.obj
                0x100064a4                usbd_edpt_release
 .text.usbd_edpt_xfer
                0x100064cc       0x4c CMakeFiles/rpizerow.dir/Users/SeanChneg/Desktop/Pico/pico-sdk/lib/tinyusb/src/device/usbd.c.obj
                0x100064cc                usbd_edpt_xfer
 .text.tud_control_status
                0x10006518       0x2c CMakeFiles/rpizerow.dir/Users/SeanChneg/Desktop/Pico/pico-sdk/lib/tinyusb/src/device/usbd_control.c.obj
                0x10006518                tud_control_status
 .text.tud_control_xfer
                0x10006544       0xac CMakeFiles/rpizerow.dir/Users/SeanChneg/Desktop/Pico/pico-sdk/lib/tinyusb/src/device/usbd_control.c.obj
                0x10006544                tud_control_xfer
 .text.usbd_control_reset
                0x100065f0       0x14 CMakeFiles/rpizerow.dir/Users/SeanChneg/Desktop/Pico/pico-sdk/lib/tinyusb/src/device/usbd_control.c.obj
                0x100065f0                usbd_control_reset
 .text.usbd_control_set_complete_callback
                0x10006604        0xc CMakeFiles/rpizerow.dir/Users/SeanChneg/Desktop/Pico/pico-sdk/lib/tinyusb/src/device/usbd_control.c.obj
                0x10006604                usbd_control_set_complete_callback
 .text.usbd_control_set_request
                0x10006610       0x1c CMakeFiles/rpizerow.dir/Users/SeanChneg/Desktop/Pico/pico-sdk/lib/tinyusb/src/device/usbd_control.c.obj
                0x10006610                usbd_control_set_request
 .text.usbd_control_xfer_cb
                0x1000662c       0xf4 CMakeFiles/rpizerow.dir/Users/SeanChneg/Desktop/Pico/pico-sdk/lib/tinyusb/src/device/usbd_control.c.obj
                0x1000662c                usbd_control_xfer_cb
 .text.tud_cdc_n_connected
                0x10006720       0x30 CMakeFiles/rpizerow.dir/Users/SeanChneg/Desktop/Pico/pico-sdk/lib/tinyusb/src/class/cdc/cdc_device.c.obj
                0x10006720                tud_cdc_n_connected
 .text.tud_cdc_n_available
                0x10006750       0x18 CMakeFiles/rpizerow.dir/Users/SeanChneg/Desktop/Pico/pico-sdk/lib/tinyusb/src/class/cdc/cdc_device.c.obj
                0x10006750                tud_cdc_n_available
 .text.tud_cdc_n_read
                0x10006768       0x70 CMakeFiles/rpizerow.dir/Users/SeanChneg/Desktop/Pico/pico-sdk/lib/tinyusb/src/class/cdc/cdc_device.c.obj
                0x10006768                tud_cdc_n_read
 .text.tud_cdc_n_write_flush
                0x100067d8       0x78 CMakeFiles/rpizerow.dir/Users/SeanChneg/Desktop/Pico/pico-sdk/lib/tinyusb/src/class/cdc/cdc_device.c.obj
                0x100067d8                tud_cdc_n_write_flush
 .text.tud_cdc_n_write
                0x10006850       0x34 CMakeFiles/rpizerow.dir/Users/SeanChneg/Desktop/Pico/pico-sdk/lib/tinyusb/src/class/cdc/cdc_device.c.obj
                0x10006850                tud_cdc_n_write
 .text.tud_cdc_n_write_available
                0x10006884       0x18 CMakeFiles/rpizerow.dir/Users/SeanChneg/Desktop/Pico/pico-sdk/lib/tinyusb/src/class/cdc/cdc_device.c.obj
                0x10006884                tud_cdc_n_write_available
 .text.cdcd_init
                0x1000689c       0x7c CMakeFiles/rpizerow.dir/Users/SeanChneg/Desktop/Pico/pico-sdk/lib/tinyusb/src/class/cdc/cdc_device.c.obj
                0x1000689c                cdcd_init
 .text.cdcd_reset
                0x10006918       0x2c CMakeFiles/rpizerow.dir/Users/SeanChneg/Desktop/Pico/pico-sdk/lib/tinyusb/src/class/cdc/cdc_device.c.obj
                0x10006918                cdcd_reset
 .text.cdcd_open
                0x10006944       0xe4 CMakeFiles/rpizerow.dir/Users/SeanChneg/Desktop/Pico/pico-sdk/lib/tinyusb/src/class/cdc/cdc_device.c.obj
                0x10006944                cdcd_open
 .text.cdcd_control_xfer_cb
                0x10006a28       0xe4 CMakeFiles/rpizerow.dir/Users/SeanChneg/Desktop/Pico/pico-sdk/lib/tinyusb/src/class/cdc/cdc_device.c.obj
                0x10006a28                cdcd_control_xfer_cb
 .text.cdcd_xfer_cb
                0x10006b0c      0x13c CMakeFiles/rpizerow.dir/Users/SeanChneg/Desktop/Pico/pico-sdk/lib/tinyusb/src/class/cdc/cdc_device.c.obj
                0x10006b0c                cdcd_xfer_cb
 .text.tusb_init
                0x10006c48        0xc CMakeFiles/rpizerow.dir/Users/SeanChneg/Desktop/Pico/pico-sdk/lib/tinyusb/src/tusb.c.obj
                0x10006c48                tusb_init
 .text.tusb_inited
                0x10006c54        0x8 CMakeFiles/rpizerow.dir/Users/SeanChneg/Desktop/Pico/pico-sdk/lib/tinyusb/src/tusb.c.obj
                0x10006c54                tusb_inited
 .text.tu_edpt_claim
                0x10006c5c       0x50 CMakeFiles/rpizerow.dir/Users/SeanChneg/Desktop/Pico/pico-sdk/lib/tinyusb/src/tusb.c.obj
                0x10006c5c                tu_edpt_claim
 .text.tu_edpt_release
                0x10006cac       0x38 CMakeFiles/rpizerow.dir/Users/SeanChneg/Desktop/Pico/pico-sdk/lib/tinyusb/src/tusb.c.obj
                0x10006cac                tu_edpt_release
 .text.tu_edpt_validate
                0x10006ce4       0x7c CMakeFiles/rpizerow.dir/Users/SeanChneg/Desktop/Pico/pico-sdk/lib/tinyusb/src/tusb.c.obj
                0x10006ce4                tu_edpt_validate
 .text.tu_edpt_bind_driver
                0x10006d60       0x34 CMakeFiles/rpizerow.dir/Users/SeanChneg/Desktop/Pico/pico-sdk/lib/tinyusb/src/tusb.c.obj
                0x10006d60                tu_edpt_bind_driver
 .text.tu_fifo_config
                0x10006d94       0x6c CMakeFiles/rpizerow.dir/Users/SeanChneg/Desktop/Pico/pico-sdk/lib/tinyusb/src/common/tusb_fifo.c.obj
                0x10006d94                tu_fifo_config
 .text.tu_fifo_count
                0x10006e00       0x2c CMakeFiles/rpizerow.dir/Users/SeanChneg/Desktop/Pico/pico-sdk/lib/tinyusb/src/common/tusb_fifo.c.obj
                0x10006e00                tu_fifo_count
 .text.tu_fifo_empty
                0x10006e2c       0x10 CMakeFiles/rpizerow.dir/Users/SeanChneg/Desktop/Pico/pico-sdk/lib/tinyusb/src/common/tusb_fifo.c.obj
                0x10006e2c                tu_fifo_empty
 .text.tu_fifo_remaining
                0x10006e3c       0x2c CMakeFiles/rpizerow.dir/Users/SeanChneg/Desktop/Pico/pico-sdk/lib/tinyusb/src/common/tusb_fifo.c.obj
                0x10006e3c                tu_fifo_remaining
 .text.tu_fifo_read
                0x10006e68       0x9c CMakeFiles/rpizerow.dir/Users/SeanChneg/Desktop/Pico/pico-sdk/lib/tinyusb/src/common/tusb_fifo.c.obj
                0x10006e68                tu_fifo_read
 .text.tu_fifo_read_n
                0x10006f04       0xe8 CMakeFiles/rpizerow.dir/Users/SeanChneg/Desktop/Pico/pico-sdk/lib/tinyusb/src/common/tusb_fifo.c.obj
                0x10006f04                tu_fifo_read_n
 .text.tu_fifo_write
                0x10006fec       0xa8 CMakeFiles/rpizerow.dir/Users/SeanChneg/Desktop/Pico/pico-sdk/lib/tinyusb/src/common/tusb_fifo.c.obj
                0x10006fec                tu_fifo_write
 .text.tu_fifo_write_n
                0x10007094      0x178 CMakeFiles/rpizerow.dir/Users/SeanChneg/Desktop/Pico/pico-sdk/lib/tinyusb/src/common/tusb_fifo.c.obj
                0x10007094                tu_fifo_write_n
 .text.tu_fifo_clear
                0x1000720c       0x40 CMakeFiles/rpizerow.dir/Users/SeanChneg/Desktop/Pico/pico-sdk/lib/tinyusb/src/common/tusb_fifo.c.obj
                0x1000720c                tu_fifo_clear
 .text.tu_fifo_set_overwritable
                0x1000724c       0x48 CMakeFiles/rpizerow.dir/Users/SeanChneg/Desktop/Pico/pico-sdk/lib/tinyusb/src/common/tusb_fifo.c.obj
                0x1000724c                tu_fifo_set_overwritable
 .text.i2c_set_baudrate
                0x10007294       0xc4 CMakeFiles/rpizerow.dir/Users/SeanChneg/Desktop/Pico/pico-sdk/src/rp2_common/hardware_i2c/i2c.c.obj
                0x10007294                i2c_set_baudrate
 .text.i2c_init
                0x10007358       0x50 CMakeFiles/rpizerow.dir/Users/SeanChneg/Desktop/Pico/pico-sdk/src/rp2_common/hardware_i2c/i2c.c.obj
                0x10007358                i2c_init
 .text._calloc_r
                0x100073a8       0xa8 /Applications/ArmGNUToolchain/13.2.Rel1/arm-none-eabi/bin/../lib/gcc/arm-none-eabi/13.2.1/../../../../arm-none-eabi/lib/thumb/v6-m/nofp/libc.a(libc_a-callocr.o)
                0x100073a8                _calloc_r
 .text.malloc   0x10007450       0x14 /Applications/ArmGNUToolchain/13.2.Rel1/arm-none-eabi/bin/../lib/gcc/arm-none-eabi/13.2.1/../../../../arm-none-eabi/lib/thumb/v6-m/nofp/libc.a(libc_a-malloc.o)
                0x10007450                malloc
 .text.free     0x10007464       0x14 /Applications/ArmGNUToolchain/13.2.Rel1/arm-none-eabi/bin/../lib/gcc/arm-none-eabi/13.2.1/../../../../arm-none-eabi/lib/thumb/v6-m/nofp/libc.a(libc_a-malloc.o)
                0x10007464                free
 .text._malloc_r
                0x10007478      0x5c4 /Applications/ArmGNUToolchain/13.2.Rel1/arm-none-eabi/bin/../lib/gcc/arm-none-eabi/13.2.1/../../../../arm-none-eabi/lib/thumb/v6-m/nofp/libc.a(libc_a-mallocr.o)
                0x10007478                _malloc_r
 .text.__malloc_lock
                0x10007a3c       0x10 /Applications/ArmGNUToolchain/13.2.Rel1/arm-none-eabi/bin/../lib/gcc/arm-none-eabi/13.2.1/../../../../arm-none-eabi/lib/thumb/v6-m/nofp/libc.a(libc_a-mlock.o)
                0x10007a3c                __malloc_lock
 .text.__malloc_unlock
                0x10007a4c       0x10 /Applications/ArmGNUToolchain/13.2.Rel1/arm-none-eabi/bin/../lib/gcc/arm-none-eabi/13.2.1/../../../../arm-none-eabi/lib/thumb/v6-m/nofp/libc.a(libc_a-mlock.o)
                0x10007a4c                __malloc_unlock
 .text.realloc  0x10007a5c       0x18 /Applications/ArmGNUToolchain/13.2.Rel1/arm-none-eabi/bin/../lib/gcc/arm-none-eabi/13.2.1/../../../../arm-none-eabi/lib/thumb/v6-m/nofp/libc.a(libc_a-realloc.o)
                0x10007a5c                realloc
 .text.scanf    0x10007a74       0x24 /Applications/ArmGNUToolchain/13.2.Rel1/arm-none-eabi/bin/../lib/gcc/arm-none-eabi/13.2.1/../../../../arm-none-eabi/lib/thumb/v6-m/nofp/libc.a(libc_a-scanf.o)
                0x10007a74                scanf
 .text._realloc_r
                0x10007a98      0x350 /Applications/ArmGNUToolchain/13.2.Rel1/arm-none-eabi/bin/../lib/gcc/arm-none-eabi/13.2.1/../../../../arm-none-eabi/lib/thumb/v6-m/nofp/libc.a(libc_a-reallocr.o)
                0x10007a98                _realloc_r
 .text.memmove  0x10007de8       0xb0 /Applications/ArmGNUToolchain/13.2.Rel1/arm-none-eabi/bin/../lib/gcc/arm-none-eabi/13.2.1/../../../../arm-none-eabi/lib/thumb/v6-m/nofp/libc.a(libc_a-memmove.o)
                0x10007de8                memmove
 .text._sbrk_r  0x10007e98       0x24 /Applications/ArmGNUToolchain/13.2.Rel1/arm-none-eabi/bin/../lib/gcc/arm-none-eabi/13.2.1/../../../../arm-none-eabi/lib/thumb/v6-m/nofp/libc.a(libc_a-sbrkr.o)
                0x10007e98                _sbrk_r
 .text.__errno  0x10007ebc        0xc /Applications/ArmGNUToolchain/13.2.Rel1/arm-none-eabi/bin/../lib/gcc/arm-none-eabi/13.2.1/../../../../arm-none-eabi/lib/thumb/v6-m/nofp/libc.a(libc_a-errno.o)
                0x10007ebc                __errno
 .text.sysconf  0x10007ec8       0x1c /Applications/ArmGNUToolchain/13.2.Rel1/arm-none-eabi/bin/../lib/gcc/arm-none-eabi/13.2.1/../../../../arm-none-eabi/lib/thumb/v6-m/nofp/libc.a(libc_a-sysconf.o)
                0x10007ec8                sysconf
 .text.__retarget_lock_init_recursive
                0x10007ee4        0x4 /Applications/ArmGNUToolchain/13.2.Rel1/arm-none-eabi/bin/../lib/gcc/arm-none-eabi/13.2.1/../../../../arm-none-eabi/lib/thumb/v6-m/nofp/libc.a(libc_a-lock.o)
                0x10007ee4                __retarget_lock_init_recursive
 .text.__retarget_lock_close_recursive
                0x10007ee8        0x4 /Applications/ArmGNUToolchain/13.2.Rel1/arm-none-eabi/bin/../lib/gcc/arm-none-eabi/13.2.1/../../../../arm-none-eabi/lib/thumb/v6-m/nofp/libc.a(libc_a-lock.o)
                0x10007ee8                __retarget_lock_close_recursive
 .text.__retarget_lock_acquire_recursive
                0x10007eec        0x4 /Applications/ArmGNUToolchain/13.2.Rel1/arm-none-eabi/bin/../lib/gcc/arm-none-eabi/13.2.1/../../../../arm-none-eabi/lib/thumb/v6-m/nofp/libc.a(libc_a-lock.o)
                0x10007eec                __retarget_lock_acquire_recursive
 .text.__retarget_lock_release_recursive
                0x10007ef0        0x4 /Applications/ArmGNUToolchain/13.2.Rel1/arm-none-eabi/bin/../lib/gcc/arm-none-eabi/13.2.1/../../../../arm-none-eabi/lib/thumb/v6-m/nofp/libc.a(libc_a-lock.o)
                0x10007ef0                __retarget_lock_release_recursive
 .text.strlen   0x10007ef4       0x5c /Applications/ArmGNUToolchain/13.2.Rel1/arm-none-eabi/bin/../lib/gcc/arm-none-eabi/13.2.1/../../../../arm-none-eabi/lib/thumb/v6-m/nofp/libc.a(libc_a-strlen-stub.o)
                0x10007ef4                strlen
 .text._malloc_trim_r
                0x10007f50       0xb4 /Applications/ArmGNUToolchain/13.2.Rel1/arm-none-eabi/bin/../lib/gcc/arm-none-eabi/13.2.1/../../../../arm-none-eabi/lib/thumb/v6-m/nofp/libc.a(libc_a-freer.o)
                0x10007f50                _malloc_trim_r
 .text._free_r  0x10008004      0x1d4 /Applications/ArmGNUToolchain/13.2.Rel1/arm-none-eabi/bin/../lib/gcc/arm-none-eabi/13.2.1/../../../../arm-none-eabi/lib/thumb/v6-m/nofp/libc.a(libc_a-freer.o)
                0x10008004                _free_r
 .text.__svfscanf_r
                0x100081d8     0x1884 /Applications/ArmGNUToolchain/13.2.Rel1/arm-none-eabi/bin/../lib/gcc/arm-none-eabi/13.2.1/../../../../arm-none-eabi/lib/thumb/v6-m/nofp/libc.a(libc_a-vfscanf.o)
                0x100081d8                __svfscanf_r
 .text._vfscanf_r
                0x10009a5c       0x28 /Applications/ArmGNUToolchain/13.2.Rel1/arm-none-eabi/bin/../lib/gcc/arm-none-eabi/13.2.1/../../../../arm-none-eabi/lib/thumb/v6-m/nofp/libc.a(libc_a-vfscanf.o)
                0x10009a5c                _vfscanf_r
 .text.__sccl   0x10009a84       0x80 /Applications/ArmGNUToolchain/13.2.Rel1/arm-none-eabi/bin/../lib/gcc/arm-none-eabi/13.2.1/../../../../arm-none-eabi/lib/thumb/v6-m/nofp/libc.a(libc_a-sccl.o)
                0x10009a84                __sccl
 .text.sulp     0x10009b04       0x30 /Applications/ArmGNUToolchain/13.2.Rel1/arm-none-eabi/bin/../lib/gcc/arm-none-eabi/13.2.1/../../../../arm-none-eabi/lib/thumb/v6-m/nofp/libc.a(libc_a-strtod.o)
 .text._strtod_l
                0x10009b34      0xeb8 /Applications/ArmGNUToolchain/13.2.Rel1/arm-none-eabi/bin/../lib/gcc/arm-none-eabi/13.2.1/../../../../arm-none-eabi/lib/thumb/v6-m/nofp/libc.a(libc_a-strtod.o)
                0x10009b34                _strtod_l
 .text._strtod_r
                0x1000a9ec       0x10 /Applications/ArmGNUToolchain/13.2.Rel1/arm-none-eabi/bin/../lib/gcc/arm-none-eabi/13.2.1/../../../../arm-none-eabi/lib/thumb/v6-m/nofp/libc.a(libc_a-strtod.o)
                0x1000a9ec                _strtod_r
 .text._strtol_l.isra.0
                0x1000a9fc      0x158 /Applications/ArmGNUToolchain/13.2.Rel1/arm-none-eabi/bin/../lib/gcc/arm-none-eabi/13.2.1/../../../../arm-none-eabi/lib/thumb/v6-m/nofp/libc.a(libc_a-strtol.o)
 .text._strtol_r
                0x1000ab54        0x8 /Applications/ArmGNUToolchain/13.2.Rel1/arm-none-eabi/bin/../lib/gcc/arm-none-eabi/13.2.1/../../../../arm-none-eabi/lib/thumb/v6-m/nofp/libc.a(libc_a-strtol.o)
                0x1000ab54                _strtol_r
 .text._strtoul_l.isra.0
                0x1000ab5c      0x144 /Applications/ArmGNUToolchain/13.2.Rel1/arm-none-eabi/bin/../lib/gcc/arm-none-eabi/13.2.1/../../../../arm-none-eabi/lib/thumb/v6-m/nofp/libc.a(libc_a-strtoul.o)
 .text._strtoul_r
                0x1000aca0        0x8 /Applications/ArmGNUToolchain/13.2.Rel1/arm-none-eabi/bin/../lib/gcc/arm-none-eabi/13.2.1/../../../../arm-none-eabi/lib/thumb/v6-m/nofp/libc.a(libc_a-strtoul.o)
                0x1000aca0                _strtoul_r
 .text.stdio_exit_handler
                0x1000aca8       0x1c /Applications/ArmGNUToolchain/13.2.Rel1/arm-none-eabi/bin/../lib/gcc/arm-none-eabi/13.2.1/../../../../arm-none-eabi/lib/thumb/v6-m/nofp/libc.a(libc_a-findfp.o)
 .text.cleanup_stdio
                0x1000acc4       0x3c /Applications/ArmGNUToolchain/13.2.Rel1/arm-none-eabi/bin/../lib/gcc/arm-none-eabi/13.2.1/../../../../arm-none-eabi/lib/thumb/v6-m/nofp/libc.a(libc_a-findfp.o)
 .text.global_stdio_init.part.0
                0x1000ad00      0x118 /Applications/ArmGNUToolchain/13.2.Rel1/arm-none-eabi/bin/../lib/gcc/arm-none-eabi/13.2.1/../../../../arm-none-eabi/lib/thumb/v6-m/nofp/libc.a(libc_a-findfp.o)
 .text.__sinit  0x1000ae18       0x38 /Applications/ArmGNUToolchain/13.2.Rel1/arm-none-eabi/bin/../lib/gcc/arm-none-eabi/13.2.1/../../../../arm-none-eabi/lib/thumb/v6-m/nofp/libc.a(libc_a-findfp.o)
                0x1000ae18                __sinit
 .text.__sfp_lock_acquire
                0x1000ae50       0x10 /Applications/ArmGNUToolchain/13.2.Rel1/arm-none-eabi/bin/../lib/gcc/arm-none-eabi/13.2.1/../../../../arm-none-eabi/lib/thumb/v6-m/nofp/libc.a(libc_a-findfp.o)
                0x1000ae50                __sfp_lock_acquire
 .text.__sfp_lock_release
                0x1000ae60       0x10 /Applications/ArmGNUToolchain/13.2.Rel1/arm-none-eabi/bin/../lib/gcc/arm-none-eabi/13.2.1/../../../../arm-none-eabi/lib/thumb/v6-m/nofp/libc.a(libc_a-findfp.o)
                0x1000ae60                __sfp_lock_release
 .text.__submore
                0x1000ae70       0x84 /Applications/ArmGNUToolchain/13.2.Rel1/arm-none-eabi/bin/../lib/gcc/arm-none-eabi/13.2.1/../../../../arm-none-eabi/lib/thumb/v6-m/nofp/libc.a(libc_a-ungetc.o)
                0x1000ae70                __submore
 .text._ungetc_r
                0x1000aef4      0x144 /Applications/ArmGNUToolchain/13.2.Rel1/arm-none-eabi/bin/../lib/gcc/arm-none-eabi/13.2.1/../../../../arm-none-eabi/lib/thumb/v6-m/nofp/libc.a(libc_a-ungetc.o)
                0x1000aef4                _ungetc_r
 .text._fread_r
                0x1000b038      0x1e8 /Applications/ArmGNUToolchain/13.2.Rel1/arm-none-eabi/bin/../lib/gcc/arm-none-eabi/13.2.1/../../../../arm-none-eabi/lib/thumb/v6-m/nofp/libc.a(libc_a-fread.o)
                0x1000b038                _fread_r
 .text._fwalk_sglue
                0x1000b220       0x44 /Applications/ArmGNUToolchain/13.2.Rel1/arm-none-eabi/bin/../lib/gcc/arm-none-eabi/13.2.1/../../../../arm-none-eabi/lib/thumb/v6-m/nofp/libc.a(libc_a-fwalk.o)
                0x1000b220                _fwalk_sglue
 .text.strncmp  0x1000b264       0x74 /Applications/ArmGNUToolchain/13.2.Rel1/arm-none-eabi/bin/../lib/gcc/arm-none-eabi/13.2.1/../../../../arm-none-eabi/lib/thumb/v6-m/nofp/libc.a(libc_a-strncmp.o)
                0x1000b264                strncmp
 .text.stpncpy  0x1000b2d8       0x78 /Applications/ArmGNUToolchain/13.2.Rel1/arm-none-eabi/bin/../lib/gcc/arm-none-eabi/13.2.1/../../../../arm-none-eabi/lib/thumb/v6-m/nofp/libc.a(libc_a-stpncpy.o)
                0x1000b2d8                stpncpy
 .text.__locale_mb_cur_max
                0x1000b350       0x10 /Applications/ArmGNUToolchain/13.2.Rel1/arm-none-eabi/bin/../lib/gcc/arm-none-eabi/13.2.1/../../../../arm-none-eabi/lib/thumb/v6-m/nofp/libc.a(libc_a-locale.o)
                0x1000b350                __locale_mb_cur_max
 .text._localeconv_r
                0x1000b360        0x8 /Applications/ArmGNUToolchain/13.2.Rel1/arm-none-eabi/bin/../lib/gcc/arm-none-eabi/13.2.1/../../../../arm-none-eabi/lib/thumb/v6-m/nofp/libc.a(libc_a-localeconv.o)
                0x1000b360                _localeconv_r
 .text          0x1000b368       0x88 /Applications/ArmGNUToolchain/13.2.Rel1/arm-none-eabi/bin/../lib/gcc/arm-none-eabi/13.2.1/../../../../arm-none-eabi/lib/thumb/v6-m/nofp/libc.a(libc_a-strcmp.o)
                0x1000b368                strcmp
 .text._strtoll_l.isra.0
                0x1000b3f0      0x1a0 /Applications/ArmGNUToolchain/13.2.Rel1/arm-none-eabi/bin/../lib/gcc/arm-none-eabi/13.2.1/../../../../arm-none-eabi/lib/thumb/v6-m/nofp/libc.a(libc_a-strtoll.o)
 .text._strtoll_r
                0x1000b590        0x8 /Applications/ArmGNUToolchain/13.2.Rel1/arm-none-eabi/bin/../lib/gcc/arm-none-eabi/13.2.1/../../../../arm-none-eabi/lib/thumb/v6-m/nofp/libc.a(libc_a-strtoll.o)
                0x1000b590                _strtoll_r
 .text._strtoull_l.isra.0
                0x1000b598      0x1c4 /Applications/ArmGNUToolchain/13.2.Rel1/arm-none-eabi/bin/../lib/gcc/arm-none-eabi/13.2.1/../../../../arm-none-eabi/lib/thumb/v6-m/nofp/libc.a(libc_a-strtoull.o)
 .text._strtoull_r
                0x1000b75c        0x8 /Applications/ArmGNUToolchain/13.2.Rel1/arm-none-eabi/bin/../lib/gcc/arm-none-eabi/13.2.1/../../../../arm-none-eabi/lib/thumb/v6-m/nofp/libc.a(libc_a-strtoull.o)
                0x1000b75c                _strtoull_r
 .text._mbrtowc_r
                0x1000b764       0x54 /Applications/ArmGNUToolchain/13.2.Rel1/arm-none-eabi/bin/../lib/gcc/arm-none-eabi/13.2.1/../../../../arm-none-eabi/lib/thumb/v6-m/nofp/libc.a(libc_a-mbrtowc.o)
                0x1000b764                _mbrtowc_r
 .text.iswspace
                0x1000b7b8        0xc /Applications/ArmGNUToolchain/13.2.Rel1/arm-none-eabi/bin/../lib/gcc/arm-none-eabi/13.2.1/../../../../arm-none-eabi/lib/thumb/v6-m/nofp/libc.a(libc_a-iswspace.o)
                0x1000b7b8                iswspace
 .text.iswspace_l
                0x1000b7c4       0x24 /Applications/ArmGNUToolchain/13.2.Rel1/arm-none-eabi/bin/../lib/gcc/arm-none-eabi/13.2.1/../../../../arm-none-eabi/lib/thumb/v6-m/nofp/libc.a(libc_a-iswspace_l.o)
                0x1000b7c4                iswspace_l
 .text.nan      0x1000b7e8        0xc /Applications/ArmGNUToolchain/13.2.Rel1/arm-none-eabi/bin/../lib/gcc/arm-none-eabi/13.2.1/../../../../arm-none-eabi/lib/thumb/v6-m/nofp/libc.a(libm_a-s_nan.o)
                0x1000b7e8                nan
 .text.nanf     0x1000b7f4        0x8 /Applications/ArmGNUToolchain/13.2.Rel1/arm-none-eabi/bin/../lib/gcc/arm-none-eabi/13.2.1/../../../../arm-none-eabi/lib/thumb/v6-m/nofp/libc.a(libm_a-sf_nan.o)
                0x1000b7f4                nanf
 .text.__jp2uc  0x1000b7fc      0x154 /Applications/ArmGNUToolchain/13.2.Rel1/arm-none-eabi/bin/../lib/gcc/arm-none-eabi/13.2.1/../../../../arm-none-eabi/lib/thumb/v6-m/nofp/libc.a(libc_a-jp2uc.o)
 .text._jp2uc_l
                0x1000b950       0x68 /Applications/ArmGNUToolchain/13.2.Rel1/arm-none-eabi/bin/../lib/gcc/arm-none-eabi/13.2.1/../../../../arm-none-eabi/lib/thumb/v6-m/nofp/libc.a(libc_a-jp2uc.o)
                0x1000b950                _jp2uc_l
 .text.category
                0x1000b9b8       0x54 /Applications/ArmGNUToolchain/13.2.Rel1/arm-none-eabi/bin/../lib/gcc/arm-none-eabi/13.2.1/../../../../arm-none-eabi/lib/thumb/v6-m/nofp/libc.a(libc_a-categories.o)
                0x1000b9b8                category
 .text.rshift   0x1000ba0c       0xb0 /Applications/ArmGNUToolchain/13.2.Rel1/arm-none-eabi/bin/../lib/gcc/arm-none-eabi/13.2.1/../../../../arm-none-eabi/lib/thumb/v6-m/nofp/libc.a(libc_a-gdtoa-gethex.o)
 .text.__gethex
                0x1000babc      0x5a8 /Applications/ArmGNUToolchain/13.2.Rel1/arm-none-eabi/bin/../lib/gcc/arm-none-eabi/13.2.1/../../../../arm-none-eabi/lib/thumb/v6-m/nofp/libc.a(libc_a-gdtoa-gethex.o)
                0x1000babc                __gethex
 .text.__match  0x1000c064       0x2c /Applications/ArmGNUToolchain/13.2.Rel1/arm-none-eabi/bin/../lib/gcc/arm-none-eabi/13.2.1/../../../../arm-none-eabi/lib/thumb/v6-m/nofp/libc.a(libc_a-gdtoa-hexnan.o)
                0x1000c064                __match
 .text.__hexnan
                0x1000c090      0x204 /Applications/ArmGNUToolchain/13.2.Rel1/arm-none-eabi/bin/../lib/gcc/arm-none-eabi/13.2.1/../../../../arm-none-eabi/lib/thumb/v6-m/nofp/libc.a(libc_a-gdtoa-hexnan.o)
                0x1000c090                __hexnan
 .text.__ascii_mbtowc
                0x1000c294       0x2c /Applications/ArmGNUToolchain/13.2.Rel1/arm-none-eabi/bin/../lib/gcc/arm-none-eabi/13.2.1/../../../../arm-none-eabi/lib/thumb/v6-m/nofp/libc.a(libc_a-mbtowc_r.o)
                0x1000c294                __ascii_mbtowc
 .text._Balloc  0x1000c2c0       0x50 /Applications/ArmGNUToolchain/13.2.Rel1/arm-none-eabi/bin/../lib/gcc/arm-none-eabi/13.2.1/../../../../arm-none-eabi/lib/thumb/v6-m/nofp/libc.a(libc_a-mprec.o)
                0x1000c2c0                _Balloc
 .text._Bfree   0x1000c310       0x14 /Applications/ArmGNUToolchain/13.2.Rel1/arm-none-eabi/bin/../lib/gcc/arm-none-eabi/13.2.1/../../../../arm-none-eabi/lib/thumb/v6-m/nofp/libc.a(libc_a-mprec.o)
                0x1000c310                _Bfree
 .text.__multadd
                0x1000c324       0xa8 /Applications/ArmGNUToolchain/13.2.Rel1/arm-none-eabi/bin/../lib/gcc/arm-none-eabi/13.2.1/../../../../arm-none-eabi/lib/thumb/v6-m/nofp/libc.a(libc_a-mprec.o)
                0x1000c324                __multadd
 .text.__s2b    0x1000c3cc       0xb0 /Applications/ArmGNUToolchain/13.2.Rel1/arm-none-eabi/bin/../lib/gcc/arm-none-eabi/13.2.1/../../../../arm-none-eabi/lib/thumb/v6-m/nofp/libc.a(libc_a-mprec.o)
                0x1000c3cc                __s2b
 .text.__hi0bits
                0x1000c47c       0x4c /Applications/ArmGNUToolchain/13.2.Rel1/arm-none-eabi/bin/../lib/gcc/arm-none-eabi/13.2.1/../../../../arm-none-eabi/lib/thumb/v6-m/nofp/libc.a(libc_a-mprec.o)
                0x1000c47c                __hi0bits
 .text.__lo0bits
                0x1000c4c8       0x5c /Applications/ArmGNUToolchain/13.2.Rel1/arm-none-eabi/bin/../lib/gcc/arm-none-eabi/13.2.1/../../../../arm-none-eabi/lib/thumb/v6-m/nofp/libc.a(libc_a-mprec.o)
                0x1000c4c8                __lo0bits
 .text.__i2b    0x1000c524       0x60 /Applications/ArmGNUToolchain/13.2.Rel1/arm-none-eabi/bin/../lib/gcc/arm-none-eabi/13.2.1/../../../../arm-none-eabi/lib/thumb/v6-m/nofp/libc.a(libc_a-mprec.o)
                0x1000c524                __i2b
 .text.__multiply
                0x1000c584      0x1ac /Applications/ArmGNUToolchain/13.2.Rel1/arm-none-eabi/bin/../lib/gcc/arm-none-eabi/13.2.1/../../../../arm-none-eabi/lib/thumb/v6-m/nofp/libc.a(libc_a-mprec.o)
                0x1000c584                __multiply
 .text.__pow5mult
                0x1000c730       0xd0 /Applications/ArmGNUToolchain/13.2.Rel1/arm-none-eabi/bin/../lib/gcc/arm-none-eabi/13.2.1/../../../../arm-none-eabi/lib/thumb/v6-m/nofp/libc.a(libc_a-mprec.o)
                0x1000c730                __pow5mult
 .text.__lshift
                0x1000c800       0xfc /Applications/ArmGNUToolchain/13.2.Rel1/arm-none-eabi/bin/../lib/gcc/arm-none-eabi/13.2.1/../../../../arm-none-eabi/lib/thumb/v6-m/nofp/libc.a(libc_a-mprec.o)
                0x1000c800                __lshift
 .text.__mcmp   0x1000c8fc       0x3c /Applications/ArmGNUToolchain/13.2.Rel1/arm-none-eabi/bin/../lib/gcc/arm-none-eabi/13.2.1/../../../../arm-none-eabi/lib/thumb/v6-m/nofp/libc.a(libc_a-mprec.o)
                0x1000c8fc                __mcmp
 .text.__mdiff  0x1000c938      0x1b4 /Applications/ArmGNUToolchain/13.2.Rel1/arm-none-eabi/bin/../lib/gcc/arm-none-eabi/13.2.1/../../../../arm-none-eabi/lib/thumb/v6-m/nofp/libc.a(libc_a-mprec.o)
                0x1000c938                __mdiff
 .text.__ulp    0x1000caec       0x40 /Applications/ArmGNUToolchain/13.2.Rel1/arm-none-eabi/bin/../lib/gcc/arm-none-eabi/13.2.1/../../../../arm-none-eabi/lib/thumb/v6-m/nofp/libc.a(libc_a-mprec.o)
                0x1000caec                __ulp
 .text.__b2d    0x1000cb2c       0xb8 /Applications/ArmGNUToolchain/13.2.Rel1/arm-none-eabi/bin/../lib/gcc/arm-none-eabi/13.2.1/../../../../arm-none-eabi/lib/thumb/v6-m/nofp/libc.a(libc_a-mprec.o)
                0x1000cb2c                __b2d
 .text.__d2b    0x1000cbe4       0xcc /Applications/ArmGNUToolchain/13.2.Rel1/arm-none-eabi/bin/../lib/gcc/arm-none-eabi/13.2.1/../../../../arm-none-eabi/lib/thumb/v6-m/nofp/libc.a(libc_a-mprec.o)
                0x1000cbe4                __d2b
 .text.__ratio  0x1000ccb0       0x68 /Applications/ArmGNUToolchain/13.2.Rel1/arm-none-eabi/bin/../lib/gcc/arm-none-eabi/13.2.1/../../../../arm-none-eabi/lib/thumb/v6-m/nofp/libc.a(libc_a-mprec.o)
                0x1000ccb0                __ratio
 .text.__copybits
                0x1000cd18       0x40 /Applications/ArmGNUToolchain/13.2.Rel1/arm-none-eabi/bin/../lib/gcc/arm-none-eabi/13.2.1/../../../../arm-none-eabi/lib/thumb/v6-m/nofp/libc.a(libc_a-mprec.o)
                0x1000cd18                __copybits
 .text.__any_on
                0x1000cd58       0x4c /Applications/ArmGNUToolchain/13.2.Rel1/arm-none-eabi/bin/../lib/gcc/arm-none-eabi/13.2.1/../../../../arm-none-eabi/lib/thumb/v6-m/nofp/libc.a(libc_a-mprec.o)
                0x1000cd58                __any_on
 .text.lflush   0x1000cda4       0x20 /Applications/ArmGNUToolchain/13.2.Rel1/arm-none-eabi/bin/../lib/gcc/arm-none-eabi/13.2.1/../../../../arm-none-eabi/lib/thumb/v6-m/nofp/libc.a(libc_a-refill.o)
 .text.__srefill_r
                0x1000cdc4      0x118 /Applications/ArmGNUToolchain/13.2.Rel1/arm-none-eabi/bin/../lib/gcc/arm-none-eabi/13.2.1/../../../../arm-none-eabi/lib/thumb/v6-m/nofp/libc.a(libc_a-refill.o)
                0x1000cdc4                __srefill_r
 .text._fclose_r
                0x1000cedc       0xd0 /Applications/ArmGNUToolchain/13.2.Rel1/arm-none-eabi/bin/../lib/gcc/arm-none-eabi/13.2.1/../../../../arm-none-eabi/lib/thumb/v6-m/nofp/libc.a(libc_a-fclose.o)
                0x1000cedc                _fclose_r
 .text.__sflush_r
                0x1000cfac      0x148 /Applications/ArmGNUToolchain/13.2.Rel1/arm-none-eabi/bin/../lib/gcc/arm-none-eabi/13.2.1/../../../../arm-none-eabi/lib/thumb/v6-m/nofp/libc.a(libc_a-fflush.o)
                0x1000cfac                __sflush_r
 .text._fflush_r
                0x1000d0f4       0x68 /Applications/ArmGNUToolchain/13.2.Rel1/arm-none-eabi/bin/../lib/gcc/arm-none-eabi/13.2.1/../../../../arm-none-eabi/lib/thumb/v6-m/nofp/libc.a(libc_a-fflush.o)
                0x1000d0f4                _fflush_r
 .text.__sread  0x1000d15c       0x28 /Applications/ArmGNUToolchain/13.2.Rel1/arm-none-eabi/bin/../lib/gcc/arm-none-eabi/13.2.1/../../../../arm-none-eabi/lib/thumb/v6-m/nofp/libc.a(libc_a-stdio.o)
                0x1000d15c                __sread
 .text.__swrite
                0x1000d184       0x40 /Applications/ArmGNUToolchain/13.2.Rel1/arm-none-eabi/bin/../lib/gcc/arm-none-eabi/13.2.1/../../../../arm-none-eabi/lib/thumb/v6-m/nofp/libc.a(libc_a-stdio.o)
                0x1000d184                __swrite
 .text.__sseek  0x1000d1c4       0x30 /Applications/ArmGNUToolchain/13.2.Rel1/arm-none-eabi/bin/../lib/gcc/arm-none-eabi/13.2.1/../../../../arm-none-eabi/lib/thumb/v6-m/nofp/libc.a(libc_a-stdio.o)
                0x1000d1c4                __sseek
 .text.__sclose
                0x1000d1f4        0xc /Applications/ArmGNUToolchain/13.2.Rel1/arm-none-eabi/bin/../lib/gcc/arm-none-eabi/13.2.1/../../../../arm-none-eabi/lib/thumb/v6-m/nofp/libc.a(libc_a-stdio.o)
                0x1000d1f4                __sclose
 .text.__ascii_wctomb
                0x1000d200       0x1c /Applications/ArmGNUToolchain/13.2.Rel1/arm-none-eabi/bin/../lib/gcc/arm-none-eabi/13.2.1/../../../../arm-none-eabi/lib/thumb/v6-m/nofp/libc.a(libc_a-wctomb_r.o)
                0x1000d200                __ascii_wctomb
 .text._close_r
                0x1000d21c       0x24 /Applications/ArmGNUToolchain/13.2.Rel1/arm-none-eabi/bin/../lib/gcc/arm-none-eabi/13.2.1/../../../../arm-none-eabi/lib/thumb/v6-m/nofp/libc.a(libc_a-closer.o)
                0x1000d21c                _close_r
 .text._lseek_r
                0x1000d240       0x28 /Applications/ArmGNUToolchain/13.2.Rel1/arm-none-eabi/bin/../lib/gcc/arm-none-eabi/13.2.1/../../../../arm-none-eabi/lib/thumb/v6-m/nofp/libc.a(libc_a-lseekr.o)
                0x1000d240                _lseek_r
 .text._read_r  0x1000d268       0x28 /Applications/ArmGNUToolchain/13.2.Rel1/arm-none-eabi/bin/../lib/gcc/arm-none-eabi/13.2.1/../../../../arm-none-eabi/lib/thumb/v6-m/nofp/libc.a(libc_a-readr.o)
                0x1000d268                _read_r
 .text._write_r
                0x1000d290       0x28 /Applications/ArmGNUToolchain/13.2.Rel1/arm-none-eabi/bin/../lib/gcc/arm-none-eabi/13.2.1/../../../../arm-none-eabi/lib/thumb/v6-m/nofp/libc.a(libc_a-writer.o)
                0x1000d290                _write_r
 .text.__smakebuf_r
                0x1000d2b8       0xe0 /Applications/ArmGNUToolchain/13.2.Rel1/arm-none-eabi/bin/../lib/gcc/arm-none-eabi/13.2.1/../../../../arm-none-eabi/lib/thumb/v6-m/nofp/libc.a(libc_a-makebuf.o)
                0x1000d2b8                __smakebuf_r
 .text._fstat_r
                0x1000d398       0x28 /Applications/ArmGNUToolchain/13.2.Rel1/arm-none-eabi/bin/../lib/gcc/arm-none-eabi/13.2.1/../../../../arm-none-eabi/lib/thumb/v6-m/nofp/libc.a(libc_a-fstatr.o)
                0x1000d398                _fstat_r
 .text._isatty_r
                0x1000d3c0       0x24 /Applications/ArmGNUToolchain/13.2.Rel1/arm-none-eabi/bin/../lib/gcc/arm-none-eabi/13.2.1/../../../../arm-none-eabi/lib/thumb/v6-m/nofp/libc.a(libc_a-isattyr.o)
                0x1000d3c0                _isatty_r
 *(.fini)
 .fini          0x1000d3e4        0x4 /Applications/ArmGNUToolchain/13.2.Rel1/arm-none-eabi/bin/../lib/gcc/arm-none-eabi/13.2.1/thumb/v6-m/nofp/crti.o
                0x1000d3e4                _fini
 .fini.__stub   0x1000d3e8       0xc0 linker stubs
 *crtbegin.o(.ctors)
 *crtbegin?.o(.ctors)
 *(EXCLUDE_FILE(*crtend.o *crtend?.o) .ctors)
 *(SORT_BY_NAME(.ctors.*))
 *(.ctors)
 *crtbegin.o(.dtors)
 *crtbegin?.o(.dtors)
 *(EXCLUDE_FILE(*crtend.o *crtend?.o) .dtors)
 *(SORT_BY_NAME(.dtors.*))
 *(.dtors)
 *(.eh_frame*)
 .eh_frame      0x1000d4a8        0x0 /Applications/ArmGNUToolchain/13.2.Rel1/arm-none-eabi/bin/../lib/gcc/arm-none-eabi/13.2.1/thumb/v6-m/nofp/crtbegin.o
                0x1000d4a8                        . = ALIGN (0x4)

.glue_7         0x1000d4a8        0x0
 .glue_7        0x1000d4a8        0x0 linker stubs

.glue_7t        0x1000d4a8        0x0
 .glue_7t       0x1000d4a8        0x0 linker stubs

.vfp11_veneer   0x1000d4a8        0x0
 .vfp11_veneer  0x1000d4a8        0x0 linker stubs

.v4_bx          0x1000d4a8        0x0
 .v4_bx         0x1000d4a8        0x0 linker stubs

.iplt           0x1000d4a8        0x0
 .iplt          0x1000d4a8        0x0 /Applications/ArmGNUToolchain/13.2.Rel1/arm-none-eabi/bin/../lib/gcc/arm-none-eabi/13.2.1/thumb/v6-m/nofp/crtbegin.o

.rodata         0x1000d4a8     0x7998
 *(EXCLUDE_FILE(*libm.a: *libc.a:*lib_a-mem*.o *libgcc.a:) .rodata*)
 .rodata.on_uart_rx.str1.4
                0x1000d4a8      0x34e CMakeFiles/rpizerow.dir/uart.c.obj
                                  0xf (size before relaxing)
 .rodata.main.str1.4
                0x1000d7f6       0x1c CMakeFiles/rpizerow.dir/uart.c.obj
 .rodata.spin_lock_claim_unused.str1.4
                0x1000d7f6       0x1b CMakeFiles/rpizerow.dir/Users/SeanChneg/Desktop/Pico/pico-sdk/src/rp2_common/hardware_sync/sync.c.obj
 .rodata.user_irq_claim_unused.str1.4
                0x1000d7f6       0x1b CMakeFiles/rpizerow.dir/Users/SeanChneg/Desktop/Pico/pico-sdk/src/rp2_common/hardware_irq/irq.c.obj
 *fill*         0x1000d7f6        0x2 
 .rodata.at_the_end_of_time
                0x1000d7f8        0x8 CMakeFiles/rpizerow.dir/Users/SeanChneg/Desktop/Pico/pico-sdk/src/common/pico_time/time.c.obj
                0x1000d7f8                at_the_end_of_time
 .rodata.hardware_alarm_claim.str1.4
                0x1000d800       0x22 CMakeFiles/rpizerow.dir/Users/SeanChneg/Desktop/Pico/pico-sdk/src/rp2_common/hardware_timer/timer.c.obj
 .rodata.__assert_func.str1.4
                0x1000d800       0x43 CMakeFiles/rpizerow.dir/Users/SeanChneg/Desktop/Pico/pico-sdk/src/rp2_common/pico_runtime/runtime.c.obj
 .rodata.panic.str1.4
                0x1000d800       0x12 CMakeFiles/rpizerow.dir/Users/SeanChneg/Desktop/Pico/pico-sdk/src/rp2_common/pico_runtime/runtime.c.obj
 .rodata.hard_assertion_failure.str1.4
                0x1000d800        0xc CMakeFiles/rpizerow.dir/Users/SeanChneg/Desktop/Pico/pico-sdk/src/rp2_common/pico_runtime/runtime.c.obj
 .rodata._ftoa.str1.4
                0x1000d800       0x15 CMakeFiles/rpizerow.dir/Users/SeanChneg/Desktop/Pico/pico-sdk/src/rp2_common/pico_printf/printf.c.obj
 .rodata._vsnprintf
                0x1000d800      0x19c CMakeFiles/rpizerow.dir/Users/SeanChneg/Desktop/Pico/pico-sdk/src/rp2_common/pico_printf/printf.c.obj
 *fill*         0x1000d99c        0x4 
 .rodata.pow10.0
                0x1000d9a0       0x50 CMakeFiles/rpizerow.dir/Users/SeanChneg/Desktop/Pico/pico-sdk/src/rp2_common/pico_printf/printf.c.obj
 .rodata.__wrap_malloc.str1.4
                0x1000d9f0        0xe CMakeFiles/rpizerow.dir/Users/SeanChneg/Desktop/Pico/pico-sdk/src/rp2_common/pico_malloc/pico_malloc.c.obj
 .rodata.str1.4
                0x1000d9f0       0x40 CMakeFiles/rpizerow.dir/Users/SeanChneg/Desktop/Pico/pico-sdk/src/rp2_common/pico_standard_link/binary_info.c.obj
 .rodata.__bi_81
                0x1000d9f0        0xc CMakeFiles/rpizerow.dir/Users/SeanChneg/Desktop/Pico/pico-sdk/src/rp2_common/pico_standard_link/binary_info.c.obj
 .rodata.__bi_75
                0x1000d9fc        0xc CMakeFiles/rpizerow.dir/Users/SeanChneg/Desktop/Pico/pico-sdk/src/rp2_common/pico_standard_link/binary_info.c.obj
 .rodata.__bi_44
                0x1000da08        0xc CMakeFiles/rpizerow.dir/Users/SeanChneg/Desktop/Pico/pico-sdk/src/rp2_common/pico_standard_link/binary_info.c.obj
 .rodata.crlf_str.0
                0x1000da14        0x2 CMakeFiles/rpizerow.dir/Users/SeanChneg/Desktop/Pico/pico-sdk/src/rp2_common/pico_stdio/stdio.c.obj
 *fill*         0x1000da16        0x2 
 .rodata._resetd_driver
                0x1000da18       0x18 CMakeFiles/rpizerow.dir/Users/SeanChneg/Desktop/Pico/pico-sdk/src/rp2_common/pico_stdio_usb/reset_interface.c.obj
 .rodata.str1.4
                0x1000da30       0x13 CMakeFiles/rpizerow.dir/Users/SeanChneg/Desktop/Pico/pico-sdk/src/rp2_common/pico_stdio_usb/stdio_usb.c.obj
 .rodata.__bi_182.0
                0x1000da30        0xc CMakeFiles/rpizerow.dir/Users/SeanChneg/Desktop/Pico/pico-sdk/src/rp2_common/pico_stdio_usb/stdio_usb.c.obj
 .rodata.str1.4
                0x1000da3c       0x2a CMakeFiles/rpizerow.dir/Users/SeanChneg/Desktop/Pico/pico-sdk/src/rp2_common/pico_stdio_usb/stdio_usb_descriptors.c.obj
 .rodata.usbd_desc_str
                0x1000da3c       0x18 CMakeFiles/rpizerow.dir/Users/SeanChneg/Desktop/Pico/pico-sdk/src/rp2_common/pico_stdio_usb/stdio_usb_descriptors.c.obj
 .rodata.usbd_desc_cfg
                0x1000da54       0x54 CMakeFiles/rpizerow.dir/Users/SeanChneg/Desktop/Pico/pico-sdk/src/rp2_common/pico_stdio_usb/stdio_usb_descriptors.c.obj
 .rodata.usbd_desc_device
                0x1000daa8       0x12 CMakeFiles/rpizerow.dir/Users/SeanChneg/Desktop/Pico/pico-sdk/src/rp2_common/pico_stdio_usb/stdio_usb_descriptors.c.obj
 .rodata.str1.4
                0x1000daba       0x14 CMakeFiles/rpizerow.dir/Users/SeanChneg/Desktop/Pico/pico-sdk/lib/tinyusb/src/portable/raspberrypi/rp2040/dcd_rp2040.c.obj
 .rodata.str1.4
                0x1000daba       0x53 CMakeFiles/rpizerow.dir/Users/SeanChneg/Desktop/Pico/pico-sdk/lib/tinyusb/src/portable/raspberrypi/rp2040/rp2040_usb.c.obj
 *fill*         0x1000daba        0x2 
 .rodata.tud_task_ext
                0x1000dabc       0x8c CMakeFiles/rpizerow.dir/Users/SeanChneg/Desktop/Pico/pico-sdk/lib/tinyusb/src/device/usbd.c.obj
 .rodata._usbd_driver
                0x1000db48       0x18 CMakeFiles/rpizerow.dir/Users/SeanChneg/Desktop/Pico/pico-sdk/lib/tinyusb/src/device/usbd.c.obj
 .rodata.__svfscanf_r.str1.4
                0x1000db60        0x9 /Applications/ArmGNUToolchain/13.2.Rel1/arm-none-eabi/bin/../lib/gcc/arm-none-eabi/13.2.1/../../../../arm-none-eabi/lib/thumb/v6-m/nofp/libc.a(libc_a-vfscanf.o)
 .rodata.__svfscanf_r
                0x1000db60      0x3cc /Applications/ArmGNUToolchain/13.2.Rel1/arm-none-eabi/bin/../lib/gcc/arm-none-eabi/13.2.1/../../../../arm-none-eabi/lib/thumb/v6-m/nofp/libc.a(libc_a-vfscanf.o)
 .rodata.basefix.0
                0x1000df2c       0x22 /Applications/ArmGNUToolchain/13.2.Rel1/arm-none-eabi/bin/../lib/gcc/arm-none-eabi/13.2.1/../../../../arm-none-eabi/lib/thumb/v6-m/nofp/libc.a(libc_a-vfscanf.o)
 .rodata._strtod_l.str1.4
                0x1000df4e       0x15 /Applications/ArmGNUToolchain/13.2.Rel1/arm-none-eabi/bin/../lib/gcc/arm-none-eabi/13.2.1/../../../../arm-none-eabi/lib/thumb/v6-m/nofp/libc.a(libc_a-strtod.o)
 *fill*         0x1000df4e        0x2 
 .rodata._strtod_l
                0x1000df50       0xd0 /Applications/ArmGNUToolchain/13.2.Rel1/arm-none-eabi/bin/../lib/gcc/arm-none-eabi/13.2.1/../../../../arm-none-eabi/lib/thumb/v6-m/nofp/libc.a(libc_a-strtod.o)
 .rodata.fpinan.0
                0x1000e020       0x14 /Applications/ArmGNUToolchain/13.2.Rel1/arm-none-eabi/bin/../lib/gcc/arm-none-eabi/13.2.1/../../../../arm-none-eabi/lib/thumb/v6-m/nofp/libc.a(libc_a-strtod.o)
 .rodata.fpi.1  0x1000e034       0x14 /Applications/ArmGNUToolchain/13.2.Rel1/arm-none-eabi/bin/../lib/gcc/arm-none-eabi/13.2.1/../../../../arm-none-eabi/lib/thumb/v6-m/nofp/libc.a(libc_a-strtod.o)
 .rodata.tinytens
                0x1000e048       0x28 /Applications/ArmGNUToolchain/13.2.Rel1/arm-none-eabi/bin/../lib/gcc/arm-none-eabi/13.2.1/../../../../arm-none-eabi/lib/thumb/v6-m/nofp/libc.a(libc_a-strtod.o)
 .rodata.str1.4
                0x1000e070       0x4c /Applications/ArmGNUToolchain/13.2.Rel1/arm-none-eabi/bin/../lib/gcc/arm-none-eabi/13.2.1/../../../../arm-none-eabi/lib/thumb/v6-m/nofp/libc.a(libc_a-locale.o)
 .rodata._mbrtowc_r.str1.4
                0x1000e070        0x1 /Applications/ArmGNUToolchain/13.2.Rel1/arm-none-eabi/bin/../lib/gcc/arm-none-eabi/13.2.1/../../../../arm-none-eabi/lib/thumb/v6-m/nofp/libc.a(libc_a-mbrtowc.o)
 .rodata._ctype_
                0x1000e070      0x101 /Applications/ArmGNUToolchain/13.2.Rel1/arm-none-eabi/bin/../lib/gcc/arm-none-eabi/13.2.1/../../../../arm-none-eabi/lib/thumb/v6-m/nofp/libc.a(libc_a-ctype_.o)
                0x1000e070                _ctype_
 *fill*         0x1000e171        0x3 
 .rodata.__jp2uc
                0x1000e174       0x20 /Applications/ArmGNUToolchain/13.2.Rel1/arm-none-eabi/bin/../lib/gcc/arm-none-eabi/13.2.1/../../../../arm-none-eabi/lib/thumb/v6-m/nofp/libc.a(libc_a-jp2uc.o)
 .rodata._jp2uc_l.str1.4
                0x1000e194       0x12 /Applications/ArmGNUToolchain/13.2.Rel1/arm-none-eabi/bin/../lib/gcc/arm-none-eabi/13.2.1/../../../../arm-none-eabi/lib/thumb/v6-m/nofp/libc.a(libc_a-jp2uc.o)
 .rodata.d02f4  0x1000e194     0x1a7c /Applications/ArmGNUToolchain/13.2.Rel1/arm-none-eabi/bin/../lib/gcc/arm-none-eabi/13.2.1/../../../../arm-none-eabi/lib/thumb/v6-m/nofp/libc.a(libc_a-jp2uc.o)
 .rodata.b02cf  0x1000fc10     0x172a /Applications/ArmGNUToolchain/13.2.Rel1/arm-none-eabi/bin/../lib/gcc/arm-none-eabi/13.2.1/../../../../arm-none-eabi/lib/thumb/v6-m/nofp/libc.a(libc_a-jp2uc.o)
 *fill*         0x1001133a        0x2 
 .rodata.a8     0x1001133c       0x40 /Applications/ArmGNUToolchain/13.2.Rel1/arm-none-eabi/bin/../lib/gcc/arm-none-eabi/13.2.1/../../../../arm-none-eabi/lib/thumb/v6-m/nofp/libc.a(libc_a-jp2uc.o)
 .rodata.a7     0x1001137c       0xa2 /Applications/ArmGNUToolchain/13.2.Rel1/arm-none-eabi/bin/../lib/gcc/arm-none-eabi/13.2.1/../../../../arm-none-eabi/lib/thumb/v6-m/nofp/libc.a(libc_a-jp2uc.o)
 *fill*         0x1001141e        0x2 
 .rodata.a6     0x10011420       0x70 /Applications/ArmGNUToolchain/13.2.Rel1/arm-none-eabi/bin/../lib/gcc/arm-none-eabi/13.2.1/../../../../arm-none-eabi/lib/thumb/v6-m/nofp/libc.a(libc_a-jp2uc.o)
 .rodata.a3     0x10011490       0x5b /Applications/ArmGNUToolchain/13.2.Rel1/arm-none-eabi/bin/../lib/gcc/arm-none-eabi/13.2.1/../../../../arm-none-eabi/lib/thumb/v6-m/nofp/libc.a(libc_a-jp2uc.o)
 *fill*         0x100114eb        0x1 
 .rodata.a2     0x100114ec       0xbc /Applications/ArmGNUToolchain/13.2.Rel1/arm-none-eabi/bin/../lib/gcc/arm-none-eabi/13.2.1/../../../../arm-none-eabi/lib/thumb/v6-m/nofp/libc.a(libc_a-jp2uc.o)
 .rodata.a1     0x100115a8       0xbc /Applications/ArmGNUToolchain/13.2.Rel1/arm-none-eabi/bin/../lib/gcc/arm-none-eabi/13.2.1/../../../../arm-none-eabi/lib/thumb/v6-m/nofp/libc.a(libc_a-jp2uc.o)
 .rodata.categories
                0x10011664     0x35dc /Applications/ArmGNUToolchain/13.2.Rel1/arm-none-eabi/bin/../lib/gcc/arm-none-eabi/13.2.1/../../../../arm-none-eabi/lib/thumb/v6-m/nofp/libc.a(libc_a-categories.o)
 .rodata.__gethex.str1.4
                0x10014c40       0x81 /Applications/ArmGNUToolchain/13.2.Rel1/arm-none-eabi/bin/../lib/gcc/arm-none-eabi/13.2.1/../../../../arm-none-eabi/lib/thumb/v6-m/nofp/libc.a(libc_a-gdtoa-gethex.o)
 .rodata.__hexdig
                0x10014c40      0x100 /Applications/ArmGNUToolchain/13.2.Rel1/arm-none-eabi/bin/../lib/gcc/arm-none-eabi/13.2.1/../../../../arm-none-eabi/lib/thumb/v6-m/nofp/libc.a(libc_a-gdtoa-gethex.o)
                0x10014c40                __hexdig
 .rodata.__multadd.str1.4
                0x10014d40       0x76 /Applications/ArmGNUToolchain/13.2.Rel1/arm-none-eabi/bin/../lib/gcc/arm-none-eabi/13.2.1/../../../../arm-none-eabi/lib/thumb/v6-m/nofp/libc.a(libc_a-mprec.o)
 .rodata.p05.0  0x10014d40        0xc /Applications/ArmGNUToolchain/13.2.Rel1/arm-none-eabi/bin/../lib/gcc/arm-none-eabi/13.2.1/../../../../arm-none-eabi/lib/thumb/v6-m/nofp/libc.a(libc_a-mprec.o)
 *fill*         0x10014d4c        0x4 
 .rodata.__mprec_bigtens
                0x10014d50       0x28 /Applications/ArmGNUToolchain/13.2.Rel1/arm-none-eabi/bin/../lib/gcc/arm-none-eabi/13.2.1/../../../../arm-none-eabi/lib/thumb/v6-m/nofp/libc.a(libc_a-mprec.o)
                0x10014d50                __mprec_bigtens
 .rodata.__mprec_tens
                0x10014d78       0xc8 /Applications/ArmGNUToolchain/13.2.Rel1/arm-none-eabi/bin/../lib/gcc/arm-none-eabi/13.2.1/../../../../arm-none-eabi/lib/thumb/v6-m/nofp/libc.a(libc_a-mprec.o)
                0x10014d78                __mprec_tens
                0x10014e40                        . = ALIGN (0x4)
 *(SORT_BY_ALIGNMENT(SORT_BY_NAME(.flashdata*)))
                0x10014e40                        . = ALIGN (0x4)

.ARM.extab
 *(.ARM.extab* .gnu.linkonce.armextab.*)
                0x10014e40                        __exidx_start = .

.ARM.exidx
 *(.ARM.exidx* .gnu.linkonce.armexidx.*)
                0x10014e40                        __exidx_end = .
                0x10014e40                        . = ALIGN (0x4)
                0x10014e40                        __binary_info_start = .

.binary_info    0x10014e40       0x20
 *(.binary_info.keep.*)
 .binary_info.keep.__bi_ptr81
                0x10014e40        0x4 CMakeFiles/rpizerow.dir/Users/SeanChneg/Desktop/Pico/pico-sdk/src/rp2_common/pico_standard_link/binary_info.c.obj
 .binary_info.keep.__bi_ptr75
                0x10014e44        0x4 CMakeFiles/rpizerow.dir/Users/SeanChneg/Desktop/Pico/pico-sdk/src/rp2_common/pico_standard_link/binary_info.c.obj
 .binary_info.keep.__bi_ptr50
                0x10014e48        0x4 CMakeFiles/rpizerow.dir/Users/SeanChneg/Desktop/Pico/pico-sdk/src/rp2_common/pico_standard_link/binary_info.c.obj
 .binary_info.keep.__bi_ptr44
                0x10014e4c        0x4 CMakeFiles/rpizerow.dir/Users/SeanChneg/Desktop/Pico/pico-sdk/src/rp2_common/pico_standard_link/binary_info.c.obj
 .binary_info.keep.__bi_ptr38
                0x10014e50        0x4 CMakeFiles/rpizerow.dir/Users/SeanChneg/Desktop/Pico/pico-sdk/src/rp2_common/pico_standard_link/binary_info.c.obj
 .binary_info.keep.__bi_ptr30
                0x10014e54        0x4 CMakeFiles/rpizerow.dir/Users/SeanChneg/Desktop/Pico/pico-sdk/src/rp2_common/pico_standard_link/binary_info.c.obj
 .binary_info.keep.__bi_ptr22
                0x10014e58        0x4 CMakeFiles/rpizerow.dir/Users/SeanChneg/Desktop/Pico/pico-sdk/src/rp2_common/pico_standard_link/binary_info.c.obj
 *(.binary_info.*)
 .binary_info.__bi_ptr182