Archive member included to satisfy reference by file (symbol)

/Applications/ArmGNUToolchain/13.2.Rel1/arm-none-eabi/bin/../lib/gcc/arm-none-eabi/13.2.1/thumb/v6-m/nofp/libgcc.a(_dvmd_tls.o)
                              CMakeFiles/imu.dir/Users/SeanChneg/Desktop/Pico/pico-sdk/src/rp2_common/pico_divider/divider.S.obj (__aeabi_idiv0)
/Applications/ArmGNUToolchain/13.2.Rel1/arm-none-eabi/bin/../lib/gcc/arm-none-eabi/13.2.1/../../../../arm-none-eabi/lib/thumb/v6-m/nofp/libg.a(libc_a-calloc.o)
                              CMakeFiles/imu.dir/Users/SeanChneg/Desktop/Pico/pico-sdk/src/rp2_common/pico_malloc/pico_malloc.c.obj (calloc)
/Applications/ArmGNUToolchain/13.2.Rel1/arm-none-eabi/bin/../lib/gcc/arm-none-eabi/13.2.1/../../../../arm-none-eabi/lib/thumb/v6-m/nofp/libg.a(libc_a-callocr.o)
                              /Applications/ArmGNUToolchain/13.2.Rel1/arm-none-eabi/bin/../lib/gcc/arm-none-eabi/13.2.1/../../../../arm-none-eabi/lib/thumb/v6-m/nofp/libg.a(libc_a-calloc.o) (_calloc_r)
/Applications/ArmGNUToolchain/13.2.Rel1/arm-none-eabi/bin/../lib/gcc/arm-none-eabi/13.2.1/../../../../arm-none-eabi/lib/thumb/v6-m/nofp/libg.a(libc_a-malloc.o)
                              CMakeFiles/imu.dir/Users/SeanChneg/Desktop/Pico/pico-sdk/src/rp2_common/pico_malloc/pico_malloc.c.obj (malloc)
/Applications/ArmGNUToolchain/13.2.Rel1/arm-none-eabi/bin/../lib/gcc/arm-none-eabi/13.2.1/../../../../arm-none-eabi/lib/thumb/v6-m/nofp/libg.a(libc_a-mallocr.o)
                              /Applications/ArmGNUToolchain/13.2.Rel1/arm-none-eabi/bin/../lib/gcc/arm-none-eabi/13.2.1/../../../../arm-none-eabi/lib/thumb/v6-m/nofp/libg.a(libc_a-callocr.o) (_malloc_r)
/Applications/ArmGNUToolchain/13.2.Rel1/arm-none-eabi/bin/../lib/gcc/arm-none-eabi/13.2.1/../../../../arm-none-eabi/lib/thumb/v6-m/nofp/libg.a(libc_a-mlock.o)
                              /Applications/ArmGNUToolchain/13.2.Rel1/arm-none-eabi/bin/../lib/gcc/arm-none-eabi/13.2.1/../../../../arm-none-eabi/lib/thumb/v6-m/nofp/libg.a(libc_a-mallocr.o) (__malloc_lock)
/Applications/ArmGNUToolchain/13.2.Rel1/arm-none-eabi/bin/../lib/gcc/arm-none-eabi/13.2.1/../../../../arm-none-eabi/lib/thumb/v6-m/nofp/libg.a(libc_a-realloc.o)
                              CMakeFiles/imu.dir/Users/SeanChneg/Desktop/Pico/pico-sdk/src/rp2_common/pico_malloc/pico_malloc.c.obj (realloc)
/Applications/ArmGNUToolchain/13.2.Rel1/arm-none-eabi/bin/../lib/gcc/arm-none-eabi/13.2.1/../../../../arm-none-eabi/lib/thumb/v6-m/nofp/libg.a(libc_a-scanf.o)
                              CMakeFiles/imu.dir/mpu6050.c.obj (scanf)
/Applications/ArmGNUToolchain/13.2.Rel1/arm-none-eabi/bin/../lib/gcc/arm-none-eabi/13.2.1/../../../../arm-none-eabi/lib/thumb/v6-m/nofp/libg.a(libc_a-reallocr.o)
                              /Applications/ArmGNUToolchain/13.2.Rel1/arm-none-eabi/bin/../lib/gcc/arm-none-eabi/13.2.1/../../../../arm-none-eabi/lib/thumb/v6-m/nofp/libg.a(libc_a-realloc.o) (_realloc_r)
/Applications/ArmGNUToolchain/13.2.Rel1/arm-none-eabi/bin/../lib/gcc/arm-none-eabi/13.2.1/../../../../arm-none-eabi/lib/thumb/v6-m/nofp/libg.a(libc_a-memmove.o)
                              /Applications/ArmGNUToolchain/13.2.Rel1/arm-none-eabi/bin/../lib/gcc/arm-none-eabi/13.2.1/../../../../arm-none-eabi/lib/thumb/v6-m/nofp/libg.a(libc_a-reallocr.o) (memmove)
/Applications/ArmGNUToolchain/13.2.Rel1/arm-none-eabi/bin/../lib/gcc/arm-none-eabi/13.2.1/../../../../arm-none-eabi/lib/thumb/v6-m/nofp/libg.a(libc_a-impure.o)
                              /Applications/ArmGNUToolchain/13.2.Rel1/arm-none-eabi/bin/../lib/gcc/arm-none-eabi/13.2.1/../../../../arm-none-eabi/lib/thumb/v6-m/nofp/libg.a(libc_a-calloc.o) (_impure_ptr)
/Applications/ArmGNUToolchain/13.2.Rel1/arm-none-eabi/bin/../lib/gcc/arm-none-eabi/13.2.1/../../../../arm-none-eabi/lib/thumb/v6-m/nofp/libg.a(libc_a-sbrkr.o)
                              /Applications/ArmGNUToolchain/13.2.Rel1/arm-none-eabi/bin/../lib/gcc/arm-none-eabi/13.2.1/../../../../arm-none-eabi/lib/thumb/v6-m/nofp/libg.a(libc_a-mallocr.o) (_sbrk_r)
/Applications/ArmGNUToolchain/13.2.Rel1/arm-none-eabi/bin/../lib/gcc/arm-none-eabi/13.2.1/../../../../arm-none-eabi/lib/thumb/v6-m/nofp/libg.a(libc_a-errno.o)
                              /Applications/ArmGNUToolchain/13.2.Rel1/arm-none-eabi/bin/../lib/gcc/arm-none-eabi/13.2.1/../../../../arm-none-eabi/lib/thumb/v6-m/nofp/libg.a(libc_a-callocr.o) (__errno)
/Applications/ArmGNUToolchain/13.2.Rel1/arm-none-eabi/bin/../lib/gcc/arm-none-eabi/13.2.1/../../../../arm-none-eabi/lib/thumb/v6-m/nofp/libg.a(libc_a-sysconf.o)
                              /Applications/ArmGNUToolchain/13.2.Rel1/arm-none-eabi/bin/../lib/gcc/arm-none-eabi/13.2.1/../../../../arm-none-eabi/lib/thumb/v6-m/nofp/libg.a(libc_a-mallocr.o) (sysconf)
/Applications/ArmGNUToolchain/13.2.Rel1/arm-none-eabi/bin/../lib/gcc/arm-none-eabi/13.2.1/../../../../arm-none-eabi/lib/thumb/v6-m/nofp/libg.a(libc_a-init.o)
[...]
Memory Configuration

Name             Origin             Length             Attributes
FLASH            0x10000000         0x00200000         xr
RAM              0x20000000         0x00040000         xrw
SCRATCH_X        0x20040000         0x00001000         xrw
SCRATCH_Y        0x20041000         0x00001000         xrw
*default*        0x00000000         0xffffffff

Linker script and memory map

LOAD /Applications/ArmGNUToolchain/13.2.Rel1/arm-none-eabi/bin/../lib/gcc/arm-none-eabi/13.2.1/thumb/v6-m/nofp/crti.o
LOAD /Applications/ArmGNUToolchain/13.2.Rel1/arm-none-eabi/bin/../lib/gcc/arm-none-eabi/13.2.1/thumb/v6-m/nofp/crtbegin.o
LOAD /Applications/ArmGNUToolchain/13.2.Rel1/arm-none-eabi/bin/../lib/gcc/arm-none-eabi/13.2.1/../../../../arm-none-eabi/lib/thumb/v6-m/nofp/crt0.o

.flash_begin    0x10000000        0x0
                0x10000000                        __flash_binary_start = .

.boot2          0x10000000      0x100
                0x10000000                        __boot2_start__ = .
 *(.boot2)
 .boot2         0x10000000      0x100 /var/folders/x7/nfx0zkgj7kb2snmzgwzsp7x00000gp/T//ccJKuY9d.o
                0x10000100                        __boot2_end__ = .
                0x00000001                        ASSERT (((__boot2_end__ - __boot2_start__) == 0x100), ERROR: Pico second stage bootloader must be 256 bytes in size)

.text           0x10000100     0xa970
                0x10000100                        __logical_binary_start = .
 *(.vectors)
 .vectors       0x10000100       0xd4 CMakeFiles/imu.dir/Users/SeanChneg/Desktop/Pico/pico-sdk/src/rp2_common/pico_standard_link/crt0.S.obj
                0x10000100                __VECTOR_TABLE
                0x10000100                __vectors
                0x100001c0                __default_isrs_start
                0x100001c0                isr_invalid
                0x100001c2                isr_nmi
                0x100001c4                isr_hardfault
                0x100001c6                isr_svcall
                0x100001c8                isr_pendsv
                0x100001ca                isr_systick
                0x100001cc                isr_irq28
                0x100001cc                isr_irq19
                0x100001cc                isr_irq0
                0x100001cc                isr_irq6
                0x100001cc                isr_irq22
                0x100001cc                isr_irq17
                0x100001cc                isr_irq14
                0x100001cc                isr_irq2
                0x100001cc                isr_irq10
                0x100001cc                isr_irq8
                0x100001cc                isr_irq24
                0x100001cc                isr_irq1
                0x100001cc                isr_irq7
                0x100001cc                isr_irq21
                0x100001cc                isr_irq20
                0x100001cc                isr_irq15
                0x100001cc                isr_irq25
                0x100001cc                isr_irq4
                0x100001cc                isr_irq16
                0x100001cc                isr_irq29
                0x100001cc                isr_irq26
                0x100001cc                __default_isrs_end
                0x100001cc                isr_irq3
                0x100001cc                isr_irq9
                0x100001cc                __unhandled_user_irq
                0x100001cc                isr_irq13
                0x100001cc                isr_irq27
                0x100001cc                isr_irq31
                0x100001cc                isr_irq5
                0x100001cc                isr_irq11
                0x100001cc                isr_irq23
                0x100001cc                isr_irq18
                0x100001cc                isr_irq30
                0x100001cc                isr_irq12
                0x100001d2                unhandled_user_irq_num_in_r0
 *(.binary_info_header)
 .binary_info_header
                0x100001d4       0x14 CMakeFiles/imu.dir/Users/SeanChneg/Desktop/Pico/pico-sdk/src/rp2_common/pico_standard_link/crt0.S.obj
                0x100001e8                        __binary_info_header_end = .
 *(.reset)
 .reset         0x100001e8       0xa0 CMakeFiles/imu.dir/Users/SeanChneg/Desktop/Pico/pico-sdk/src/rp2_common/pico_standard_link/crt0.S.obj
                0x100001e8                _entry_point
 .reset         0x10000288       0x30 CMakeFiles/imu.dir/Users/SeanChneg/Desktop/Pico/pico-sdk/src/rp2_common/pico_standard_link/binary_info.c.obj
 *(.init)
 .init          0x100002b8        0x4 /Applications/ArmGNUToolchain/13.2.Rel1/arm-none-eabi/bin/../lib/gcc/arm-none-eabi/13.2.1/thumb/v6-m/nofp/crti.o
                0x100002b8                _init
 *(EXCLUDE_FILE(*libm.a: *libc.a:*lib_a-mem*.o *libgcc.a:) .text*)
 .text.register_tm_clones
                0x100002bc       0x28 /Applications/ArmGNUToolchain/13.2.Rel1/arm-none-eabi/bin/../lib/gcc/arm-none-eabi/13.2.1/thumb/v6-m/nofp/crtbegin.o
 .text.frame_dummy
                0x100002e4       0x24 /Applications/ArmGNUToolchain/13.2.Rel1/arm-none-eabi/bin/../lib/gcc/arm-none-eabi/13.2.1/thumb/v6-m/nofp/crtbegin.o
 .text.imu_config
                0x10000308       0x24 CMakeFiles/imu.dir/mpu6050.c.obj
                0x10000308                imu_config
 .text.imu_init
                0x1000032c       0x1c CMakeFiles/imu.dir/mpu6050.c.obj
                0x1000032c                imu_init
 .text.imu_read
                0x10000348       0x38 CMakeFiles/imu.dir/mpu6050.c.obj
                0x10000348                imu_read
 .text.whoami   0x10000380        0xa CMakeFiles/imu.dir/mpu6050.c.obj
                0x10000380                whoami
 .text.get_value
                0x1000038a        0xe CMakeFiles/imu.dir/mpu6050.c.obj
                0x1000038a                get_value
 .text.accel_value
                0x10000398       0x20 CMakeFiles/imu.dir/mpu6050.c.obj
                0x10000398                accel_value
 .text.gyro_value
                0x100003b8       0x20 CMakeFiles/imu.dir/mpu6050.c.obj
                0x100003b8                gyro_value
 .text.burst_read
                0x100003d8       0x34 CMakeFiles/imu.dir/mpu6050.c.obj
                0x100003d8                burst_read
 .text.print    0x1000040c       0x28 CMakeFiles/imu.dir/mpu6050.c.obj
                0x1000040c                print
 .text.main     0x10000434      0x108 CMakeFiles/imu.dir/mpu6050.c.obj
                0x10000434                main
 .text.gpio_set_function
                0x1000053c       0x30 CMakeFiles/imu.dir/Users/SeanChneg/Desktop/Pico/pico-sdk/src/rp2_common/hardware_gpio/gpio.c.obj
                0x1000053c                gpio_set_function
 .text.gpio_init
                0x1000056c       0x16 CMakeFiles/imu.dir/Users/SeanChneg/Desktop/Pico/pico-sdk/src/rp2_common/hardware_gpio/gpio.c.obj
                0x1000056c                gpio_init
 *fill*         0x10000582        0x2 
 .text.running_on_fpga
                0x10000584       0x14 CMakeFiles/imu.dir/Users/SeanChneg/Desktop/Pico/pico-sdk/src/rp2_common/pico_platform/platform.c.obj
                0x10000584                running_on_fpga
 .text.hw_claim_lock
                0x10000598       0x18 CMakeFiles/imu.dir/Users/SeanChneg/Desktop/Pico/pico-sdk/src/rp2_common/hardware_claim/claim.c.obj
                0x10000598                hw_claim_lock
 .text.hw_claim_unlock
                0x100005b0       0x14 CMakeFiles/imu.dir/Users/SeanChneg/Desktop/Pico/pico-sdk/src/rp2_common/hardware_claim/claim.c.obj
                0x100005b0                hw_claim_unlock
 .text.hw_claim_or_assert
                0x100005c4       0x32 CMakeFiles/imu.dir/Users/SeanChneg/Desktop/Pico/pico-sdk/src/rp2_common/hardware_claim/claim.c.obj
                0x100005c4                hw_claim_or_assert
 *fill*         0x100005f6        0x2 
 .text.spin_locks_reset
                0x100005f8       0x20 CMakeFiles/imu.dir/Users/SeanChneg/Desktop/Pico/pico-sdk/src/rp2_common/hardware_sync/sync.c.obj
                0x100005f8                spin_locks_reset
 .text.next_striped_spin_lock_num
                0x10000618       0x1c CMakeFiles/imu.dir/Users/SeanChneg/Desktop/Pico/pico-sdk/src/rp2_common/hardware_sync/sync.c.obj
                0x10000618                next_striped_spin_lock_num
 .text.set_raw_irq_handler_and_unlock
                0x10000634       0x28 CMakeFiles/imu.dir/Users/SeanChneg/Desktop/Pico/pico-sdk/src/rp2_common/hardware_irq/irq.c.obj
 .text.resolve_branch
                0x1000065c       0x30 CMakeFiles/imu.dir/Users/SeanChneg/Desktop/Pico/pico-sdk/src/rp2_common/hardware_irq/irq.c.obj
 .text.make_branch
                0x1000068c       0x48 CMakeFiles/imu.dir/Users/SeanChneg/Desktop/Pico/pico-sdk/src/rp2_common/hardware_irq/irq.c.obj
 .text.insert_branch_and_link
                0x100006d4       0x40 CMakeFiles/imu.dir/Users/SeanChneg/Desktop/Pico/pico-sdk/src/rp2_common/hardware_irq/irq.c.obj
 .text.irq_is_enabled
                0x10000714       0x18 CMakeFiles/imu.dir/Users/SeanChneg/Desktop/Pico/pico-sdk/src/rp2_common/hardware_irq/irq.c.obj
                0x10000714                irq_is_enabled
 .text.irq_set_mask_enabled
                0x1000072c       0x20 CMakeFiles/imu.dir/Users/SeanChneg/Desktop/Pico/pico-sdk/src/rp2_common/hardware_irq/irq.c.obj
                0x1000072c                irq_set_mask_enabled
 .text.irq_set_enabled
                0x1000074c        0xe CMakeFiles/imu.dir/Users/SeanChneg/Desktop/Pico/pico-sdk/src/rp2_common/hardware_irq/irq.c.obj
                0x1000074c                irq_set_enabled
 *fill*         0x1000075a        0x2 
 .text.irq_get_vtable_handler
                0x1000075c       0x10 CMakeFiles/imu.dir/Users/SeanChneg/Desktop/Pico/pico-sdk/src/rp2_common/hardware_irq/irq.c.obj
                0x1000075c                irq_get_vtable_handler
 .text.irq_set_exclusive_handler
                0x1000076c       0x54 CMakeFiles/imu.dir/Users/SeanChneg/Desktop/Pico/pico-sdk/src/rp2_common/hardware_irq/irq.c.obj
                0x1000076c                irq_set_exclusive_handler
 .text.irq_remove_handler
                0x100007c0      0x188 CMakeFiles/imu.dir/Users/SeanChneg/Desktop/Pico/pico-sdk/src/rp2_common/hardware_irq/irq.c.obj
                0x100007c0                irq_remove_handler
 .text.irq_add_tail_to_free_list
                0x10000948       0xf0 CMakeFiles/imu.dir/Users/SeanChneg/Desktop/Pico/pico-sdk/src/rp2_common/hardware_irq/irq.c.obj
                0x10000948                irq_add_tail_to_free_list
 .text.irq_init_priorities
                0x10000a38       0x1c CMakeFiles/imu.dir/Users/SeanChneg/Desktop/Pico/pico-sdk/src/rp2_common/hardware_irq/irq.c.obj
                0x10000a38                irq_init_priorities
 .text.lock_init
                0x10000a54       0x10 CMakeFiles/imu.dir/Users/SeanChneg/Desktop/Pico/pico-sdk/src/common/pico_sync/lock_core.c.obj
                0x10000a54                lock_init
 .text.mutex_init
                0x10000a64       0x1a CMakeFiles/imu.dir/Users/SeanChneg/Desktop/Pico/pico-sdk/src/common/pico_sync/mutex.c.obj
                0x10000a64                mutex_init
 .text.recursive_mutex_init
                0x10000a7e       0x1e CMakeFiles/imu.dir/Users/SeanChneg/Desktop/Pico/pico-sdk/src/common/pico_sync/mutex.c.obj
                0x10000a7e                recursive_mutex_init
 .text.time_reached
                0x10000a9c       0x28 CMakeFiles/imu.dir/Users/SeanChneg/Desktop/Pico/pico-sdk/src/common/pico_time/time.c.obj
 .text.get_entry
                0x10000ac4       0x38 CMakeFiles/imu.dir/Users/SeanChneg/Desktop/Pico/pico-sdk/src/common/pico_time/time.c.obj
 .text.timer_pool_entry_comparator
                0x10000afc       0x2e CMakeFiles/imu.dir/Users/SeanChneg/Desktop/Pico/pico-sdk/src/common/pico_time/time.c.obj
                0x10000afc                timer_pool_entry_comparator
 *fill*         0x10000b2a        0x2 
 .text.update_us_since_boot
                0x10000b2c       0x24 CMakeFiles/imu.dir/Users/SeanChneg/Desktop/Pico/pico-sdk/src/common/pico_time/time.c.obj
 .text.delayed_by_us
                0x10000b50       0x34 CMakeFiles/imu.dir/Users/SeanChneg/Desktop/Pico/pico-sdk/src/common/pico_time/time.c.obj
 .text.ph_get_node
                0x10000b84       0x30 CMakeFiles/imu.dir/Users/SeanChneg/Desktop/Pico/pico-sdk/src/common/pico_time/time.c.obj
 .text.ph_contains_node
                0x10000bb4       0x1e CMakeFiles/imu.dir/Users/SeanChneg/Desktop/Pico/pico-sdk/src/common/pico_time/time.c.obj
 .text.ph_new_node
                0x10000bd2       0x28 CMakeFiles/imu.dir/Users/SeanChneg/Desktop/Pico/pico-sdk/src/common/pico_time/time.c.obj
 *fill*         0x10000bfa        0x2 
 .text.ph_add_child_node
                0x10000bfc       0x6c CMakeFiles/imu.dir/Users/SeanChneg/Desktop/Pico/pico-sdk/src/common/pico_time/time.c.obj
 .text.ph_merge_nodes
                0x10000c68       0x3e CMakeFiles/imu.dir/Users/SeanChneg/Desktop/Pico/pico-sdk/src/common/pico_time/time.c.obj
 *fill*         0x10000ca6        0x2 
 .text.ph_insert_node
                0x10000ca8       0x3c CMakeFiles/imu.dir/Users/SeanChneg/Desktop/Pico/pico-sdk/src/common/pico_time/time.c.obj
 .text.ph_free_node
                0x10000ce4       0x5c CMakeFiles/imu.dir/Users/SeanChneg/Desktop/Pico/pico-sdk/src/common/pico_time/time.c.obj
 .text.get_entry_id_high
                0x10000d40       0x30 CMakeFiles/imu.dir/Users/SeanChneg/Desktop/Pico/pico-sdk/src/common/pico_time/time.c.obj
 .text.alarm_pool_post_alloc_init
                0x10000d70       0x40 CMakeFiles/imu.dir/Users/SeanChneg/Desktop/Pico/pico-sdk/src/common/pico_time/time.c.obj
 .text.sleep_until_callback
                0x10000db0       0x30 CMakeFiles/imu.dir/Users/SeanChneg/Desktop/Pico/pico-sdk/src/common/pico_time/time.c.obj
 .text.get_absolute_time
                0x10000de0       0x22 CMakeFiles/imu.dir/Users/SeanChneg/Desktop/Pico/pico-sdk/src/common/pico_time/time.c.obj
 .text.make_timeout_time_us
                0x10000e02       0x24 CMakeFiles/imu.dir/Users/SeanChneg/Desktop/Pico/pico-sdk/src/common/pico_time/time.c.obj
 *fill*         0x10000e26        0x2 
 .text.add_alarm_under_lock
                0x10000e28       0x94 CMakeFiles/imu.dir/Users/SeanChneg/Desktop/Pico/pico-sdk/src/common/pico_time/time.c.obj
 .text.alarm_pool_alarm_callback
                0x10000ebc      0x210 CMakeFiles/imu.dir/Users/SeanChneg/Desktop/Pico/pico-sdk/src/common/pico_time/time.c.obj
 .text.alarm_pool_init_default
                0x100010cc       0x40 CMakeFiles/imu.dir/Users/SeanChneg/Desktop/Pico/pico-sdk/src/common/pico_time/time.c.obj
                0x100010cc                alarm_pool_init_default
 .text.alarm_pool_get_default
                0x1000110c       0x2c CMakeFiles/imu.dir/Users/SeanChneg/Desktop/Pico/pico-sdk/src/common/pico_time/time.c.obj
                0x1000110c                alarm_pool_get_default
 .text.alarm_pool_add_alarm_at
                0x10001138      0x10e CMakeFiles/imu.dir/Users/SeanChneg/Desktop/Pico/pico-sdk/src/common/pico_time/time.c.obj
                0x10001138                alarm_pool_add_alarm_at
 .text.add_alarm_at
                0x10001246       0x2e CMakeFiles/imu.dir/Users/SeanChneg/Desktop/Pico/pico-sdk/src/common/pico_time/time.c.obj
 .text.alarm_pool_cancel_alarm
                0x10001274       0xa8 CMakeFiles/imu.dir/Users/SeanChneg/Desktop/Pico/pico-sdk/src/common/pico_time/time.c.obj
                0x10001274                alarm_pool_cancel_alarm
 .text.cancel_alarm
                0x1000131c       0x10 CMakeFiles/imu.dir/Users/SeanChneg/Desktop/Pico/pico-sdk/src/common/pico_time/time.c.obj
 .text.sleep_until
                0x1000132c       0xb0 CMakeFiles/imu.dir/Users/SeanChneg/Desktop/Pico/pico-sdk/src/common/pico_time/time.c.obj
                0x1000132c                sleep_until
 .text.sleep_us
                0x100013dc       0x1a CMakeFiles/imu.dir/Users/SeanChneg/Desktop/Pico/pico-sdk/src/common/pico_time/time.c.obj
                0x100013dc                sleep_us
 .text.sleep_ms
                0x100013f6       0x14 CMakeFiles/imu.dir/Users/SeanChneg/Desktop/Pico/pico-sdk/src/common/pico_time/time.c.obj
                0x100013f6                sleep_ms
 *fill*         0x1000140a        0x2 
 .text.best_effort_wfe_or_timeout
                0x1000140c       0x44 CMakeFiles/imu.dir/Users/SeanChneg/Desktop/Pico/pico-sdk/src/common/pico_time/time.c.obj
                0x1000140c                best_effort_wfe_or_timeout
 .text.update_us_since_boot
                0x10001450       0x24 CMakeFiles/imu.dir/Users/SeanChneg/Desktop/Pico/pico-sdk/src/rp2_common/hardware_timer/timer.c.obj
 .text.hardware_alarm_irq_handler
                0x10001474       0x8c CMakeFiles/imu.dir/Users/SeanChneg/Desktop/Pico/pico-sdk/src/rp2_common/hardware_timer/timer.c.obj
 .text.hardware_alarm_claim
                0x10001500       0x18 CMakeFiles/imu.dir/Users/SeanChneg/Desktop/Pico/pico-sdk/src/rp2_common/hardware_timer/timer.c.obj
                0x10001500                hardware_alarm_claim
 .text.time_us_64
                0x10001518       0x18 CMakeFiles/imu.dir/Users/SeanChneg/Desktop/Pico/pico-sdk/src/rp2_common/hardware_timer/timer.c.obj
                0x10001518                time_us_64
 .text.busy_wait_until
                0x10001530       0x28 CMakeFiles/imu.dir/Users/SeanChneg/Desktop/Pico/pico-sdk/src/rp2_common/hardware_timer/timer.c.obj
                0x10001530                busy_wait_until
 .text.busy_wait_us
                0x10001558       0x3a CMakeFiles/imu.dir/Users/SeanChneg/Desktop/Pico/pico-sdk/src/rp2_common/hardware_timer/timer.c.obj
                0x10001558                busy_wait_us
 *fill*         0x10001592        0x2 
 .text.hardware_alarm_set_callback
                0x10001594       0x90 CMakeFiles/imu.dir/Users/SeanChneg/Desktop/Pico/pico-sdk/src/rp2_common/hardware_timer/timer.c.obj
                0x10001594                hardware_alarm_set_callback
 .text.hardware_alarm_set_target
                0x10001624       0xe8 CMakeFiles/imu.dir/Users/SeanChneg/Desktop/Pico/pico-sdk/src/rp2_common/hardware_timer/timer.c.obj
                0x10001624                hardware_alarm_set_target
 .text.hardware_alarm_cancel
                0x1000170c       0x40 CMakeFiles/imu.dir/Users/SeanChneg/Desktop/Pico/pico-sdk/src/rp2_common/hardware_timer/timer.c.obj
                0x1000170c                hardware_alarm_cancel
 .text.ph_get_node
                0x1000174c       0x30 CMakeFiles/imu.dir/Users/SeanChneg/Desktop/Pico/pico-sdk/src/common/pico_util/pheap.c.obj
 .text.ph_add_child_node
                0x1000177c       0x6c CMakeFiles/imu.dir/Users/SeanChneg/Desktop/Pico/pico-sdk/src/common/pico_util/pheap.c.obj
 .text.ph_merge_nodes
                0x100017e8       0x3e CMakeFiles/imu.dir/Users/SeanChneg/Desktop/Pico/pico-sdk/src/common/pico_util/pheap.c.obj
 .text.ph_clear
                0x10001826       0x34 CMakeFiles/imu.dir/Users/SeanChneg/Desktop/Pico/pico-sdk/src/common/pico_util/pheap.c.obj
                0x10001826                ph_clear
 .text.ph_post_alloc_init
                0x1000185a        0xe CMakeFiles/imu.dir/Users/SeanChneg/Desktop/Pico/pico-sdk/src/common/pico_util/pheap.c.obj
                0x1000185a                ph_post_alloc_init
 .text.ph_merge_two_pass
                0x10001868       0x5c CMakeFiles/imu.dir/Users/SeanChneg/Desktop/Pico/pico-sdk/src/common/pico_util/pheap.c.obj
                0x10001868                ph_merge_two_pass
 .text.ph_remove_any_head
                0x100018c4       0xc0 CMakeFiles/imu.dir/Users/SeanChneg/Desktop/Pico/pico-sdk/src/common/pico_util/pheap.c.obj
 .text.ph_remove_head
                0x10001984       0x14 CMakeFiles/imu.dir/Users/SeanChneg/Desktop/Pico/pico-sdk/src/common/pico_util/pheap.c.obj
                0x10001984                ph_remove_head
 .text.ph_remove_and_free_node
                0x10001998       0xa0 CMakeFiles/imu.dir/Users/SeanChneg/Desktop/Pico/pico-sdk/src/common/pico_util/pheap.c.obj
                0x10001998                ph_remove_and_free_node
 .text.clock_configure
                0x10001a38      0x108 CMakeFiles/imu.dir/Users/SeanChneg/Desktop/Pico/pico-sdk/src/rp2_common/hardware_clocks/clocks.c.obj
                0x10001a38                clock_configure
 .text.clocks_init
                0x10001b40      0x100 CMakeFiles/imu.dir/Users/SeanChneg/Desktop/Pico/pico-sdk/src/rp2_common/hardware_clocks/clocks.c.obj
                0x10001b40                clocks_init
 .text.clock_get_hz
                0x10001c40        0xc CMakeFiles/imu.dir/Users/SeanChneg/Desktop/Pico/pico-sdk/src/rp2_common/hardware_clocks/clocks.c.obj
                0x10001c40                clock_get_hz
 .text.pll_init
                0x10001c4c      0x120 CMakeFiles/imu.dir/Users/SeanChneg/Desktop/Pico/pico-sdk/src/rp2_common/hardware_pll/pll.c.obj
                0x10001c4c                pll_init
 .text.watchdog_start_tick
                0x10001d6c       0x10 CMakeFiles/imu.dir/Users/SeanChneg/Desktop/Pico/pico-sdk/src/rp2_common/hardware_watchdog/watchdog.c.obj
                0x10001d6c                watchdog_start_tick
 .text.xosc_init
                0x10001d7c       0x28 CMakeFiles/imu.dir/Users/SeanChneg/Desktop/Pico/pico-sdk/src/rp2_common/hardware_xosc/xosc.c.obj
                0x10001d7c                xosc_init
 .text._exit    0x10001da4        0x4 CMakeFiles/imu.dir/Users/SeanChneg/Desktop/Pico/pico-sdk/src/rp2_common/pico_runtime/runtime.c.obj
                0x10001da4                _exit
 .text._sbrk    0x10001da8       0x38 CMakeFiles/imu.dir/Users/SeanChneg/Desktop/Pico/pico-sdk/src/rp2_common/pico_runtime/runtime.c.obj
                0x10001da8                _sbrk
 .text.exit     0x10001de0        0x6 CMakeFiles/imu.dir/Users/SeanChneg/Desktop/Pico/pico-sdk/src/rp2_common/pico_runtime/runtime.c.obj
                0x10001de0                exit
 *fill*         0x10001de6        0x2 
 .text.__assert_func
                0x10001de8       0x38 CMakeFiles/imu.dir/Users/SeanChneg/Desktop/Pico/pico-sdk/src/rp2_common/pico_runtime/runtime.c.obj
                0x10001de8                __assert_func
 .text.runtime_init
                0x10001e20       0xf8 CMakeFiles/imu.dir/Users/SeanChneg/Desktop/Pico/pico-sdk/src/rp2_common/pico_runtime/runtime.c.obj
                0x10001e20                runtime_init
 .text.panic    0x10001f18       0x30 CMakeFiles/imu.dir/Users/SeanChneg/Desktop/Pico/pico-sdk/src/rp2_common/pico_runtime/runtime.c.obj
                0x10001f18                panic
 .text._out_buffer
                0x10001f48        0x8 CMakeFiles/imu.dir/Users/SeanChneg/Desktop/Pico/pico-sdk/src/rp2_common/pico_printf/printf.c.obj
 .text._out_null
                0x10001f50        0x2 CMakeFiles/imu.dir/Users/SeanChneg/Desktop/Pico/pico-sdk/src/rp2_common/pico_printf/printf.c.obj
 .text._out_fct
                0x10001f52        0xe CMakeFiles/imu.dir/Users/SeanChneg/Desktop/Pico/pico-sdk/src/rp2_common/pico_printf/printf.c.obj
 .text._atoi    0x10001f60       0x24 CMakeFiles/imu.dir/Users/SeanChneg/Desktop/Pico/pico-sdk/src/rp2_common/pico_printf/printf.c.obj
 .text._out_rev
                0x10001f84       0xae CMakeFiles/imu.dir/Users/SeanChneg/Desktop/Pico/pico-sdk/src/rp2_common/pico_printf/printf.c.obj
 .text._ntoa_format
                0x10002032      0x110 CMakeFiles/imu.dir/Users/SeanChneg/Desktop/Pico/pico-sdk/src/rp2_common/pico_printf/printf.c.obj
 .text._ntoa_long
                0x10002142       0xbc CMakeFiles/imu.dir/Users/SeanChneg/Desktop/Pico/pico-sdk/src/rp2_common/pico_printf/printf.c.obj
 .text._ntoa_long_long
                0x100021fe      0x10e CMakeFiles/imu.dir/Users/SeanChneg/Desktop/Pico/pico-sdk/src/rp2_common/pico_printf/printf.c.obj
 .text._etoa    0x1000230c      0x420 CMakeFiles/imu.dir/Users/SeanChneg/Desktop/Pico/pico-sdk/src/rp2_common/pico_printf/printf.c.obj
 .text._ftoa    0x1000272c      0x354 CMakeFiles/imu.dir/Users/SeanChneg/Desktop/Pico/pico-sdk/src/rp2_common/pico_printf/printf.c.obj
 .text._vsnprintf
                0x10002a80      0x668 CMakeFiles/imu.dir/Users/SeanChneg/Desktop/Pico/pico-sdk/src/rp2_common/pico_printf/printf.c.obj
 .text.__wrap_sprintf
                0x100030e8       0x2c CMakeFiles/imu.dir/Users/SeanChneg/Desktop/Pico/pico-sdk/src/rp2_common/pico_printf/printf.c.obj
                0x100030e8                __wrap_sprintf
 .text.vfctprintf
                0x10003114       0x20 CMakeFiles/imu.dir/Users/SeanChneg/Desktop/Pico/pico-sdk/src/rp2_common/pico_printf/printf.c.obj
                0x10003114                vfctprintf
 .text          0x10003134       0x10 CMakeFiles/imu.dir/Users/SeanChneg/Desktop/Pico/pico-sdk/src/rp2_common/pico_bit_ops/bit_ops_aeabi.S.obj
 .text.rom_func_lookup
                0x10003144       0x10 CMakeFiles/imu.dir/Users/SeanChneg/Desktop/Pico/pico-sdk/src/rp2_common/pico_bootrom/bootrom.c.obj
                0x10003144                rom_func_lookup
 .text.rom_data_lookup
                0x10003154       0x10 CMakeFiles/imu.dir/Users/SeanChneg/Desktop/Pico/pico-sdk/src/rp2_common/pico_bootrom/bootrom.c.obj
                0x10003154                rom_data_lookup
 .text.rom_funcs_lookup
                0x10003164       0x36 CMakeFiles/imu.dir/Users/SeanChneg/Desktop/Pico/pico-sdk/src/rp2_common/pico_bootrom/bootrom.c.obj
                0x10003164                rom_funcs_lookup
 *fill*         0x1000319a        0x2 
 .text.__wrap___aeabi_idiv
                0x1000319c       0x50 CMakeFiles/imu.dir/Users/SeanChneg/Desktop/Pico/pico-sdk/src/rp2_common/pico_divider/divider.S.obj
                0x1000319c                __wrap___aeabi_idivmod
                0x1000319c                divmod_s32s32
                0x1000319c                div_s32s32
                0x1000319c                __wrap___aeabi_idiv
                0x100031a4                divmod_s32s32_unsafe
                0x100031d0                divmod_s32s32_savestate
 .text.__wrap___aeabi_uidiv
                0x100031ec       0x4c CMakeFiles/imu.dir/Users/SeanChneg/Desktop/Pico/pico-sdk/src/rp2_common/pico_divider/divider.S.obj
                0x100031ec                __wrap___aeabi_uidiv
                0x100031ec                __wrap___aeabi_uidivmod
                0x100031ec                div_u32u32
                0x100031ec                divmod_u32u32
                0x100031f4                divmod_u32u32_unsafe
                0x1000321c                divmod_u32u32_savestate
 .text.__wrap___aeabi_ldiv
                0x10003238      0x424 CMakeFiles/imu.dir/Users/SeanChneg/Desktop/Pico/pico-sdk/src/rp2_common/pico_divider/divider.S.obj
                0x10003238                __wrap___aeabi_ldivmod
                0x10003238                div_s64s64
                0x10003238                divmod_s64s64
                0x10003268                divmod_u64u64
                0x10003268                div_u64u64
                0x10003268                __wrap___aeabi_uldivmod
                0x10003278                divmod_u64u64_savestate
                0x10003298                divmod_s64s64_unsafe
                0x10003320                divmod_u64u64_unsafe
 .text.__wrap___aeabi_darithmetic
                0x1000365c       0x80 CMakeFiles/imu.dir/Users/SeanChneg/Desktop/Pico/pico-sdk/src/rp2_common/pico_double/double_aeabi.S.obj
                0x1000365c                __wrap___aeabi_drsub
                0x10003662                __wrap___aeabi_dsub
                0x10003674                __wrap___aeabi_dadd
                0x10003686                __wrap___aeabi_ddiv
                0x100036c2                __wrap___aeabi_dmul
 .text.__wrap___aeabi_cdcmple
                0x100036dc       0x6c CMakeFiles/imu.dir/Users/SeanChneg/Desktop/Pico/pico-sdk/src/rp2_common/pico_double/double_aeabi.S.obj
                0x100036dc                __wrap___aeabi_cdrcmple
                0x100036ec                __wrap___aeabi_cdcmple
                0x100036ec                __wrap___aeabi_cdcmpeq
 .text.__wrap___aeabi_dcmpeq
                0x10003748       0x10 CMakeFiles/imu.dir/Users/SeanChneg/Desktop/Pico/pico-sdk/src/rp2_common/pico_double/double_aeabi.S.obj
                0x10003748                __wrap___aeabi_dcmpeq
 .text.__wrap___aeabi_dcmplt
                0x10003758        0xc CMakeFiles/imu.dir/Users/SeanChneg/Desktop/Pico/pico-sdk/src/rp2_common/pico_double/double_aeabi.S.obj
                0x10003758                __wrap___aeabi_dcmplt
 .text.__wrap___aeabi_dcmple
                0x10003764       0x10 CMakeFiles/imu.dir/Users/SeanChneg/Desktop/Pico/pico-sdk/src/rp2_common/pico_double/double_aeabi.S.obj
                0x10003764                __wrap___aeabi_dcmple
 .text.__wrap___aeabi_dcmpge
                0x10003774       0x10 CMakeFiles/imu.dir/Users/SeanChneg/Desktop/Pico/pico-sdk/src/rp2_common/pico_double/double_aeabi.S.obj
                0x10003774                __wrap___aeabi_dcmpge
 .text.__wrap___aeabi_dcmpgt
                0x10003784        0xa CMakeFiles/imu.dir/Users/SeanChneg/Desktop/Pico/pico-sdk/src/rp2_common/pico_double/double_aeabi.S.obj
                0x10003784                __wrap___aeabi_dcmpgt
 .text.__wrap___aeabi_dcmpun
                0x1000378e       0x1c CMakeFiles/imu.dir/Users/SeanChneg/Desktop/Pico/pico-sdk/src/rp2_common/pico_double/double_aeabi.S.obj
                0x1000378e                __wrap___aeabi_dcmpun
 *fill*         0x100037aa        0x2 
 .text.__wrap___aeabi_i2d
                0x100037ac       0x38 CMakeFiles/imu.dir/Users/SeanChneg/Desktop/Pico/pico-sdk/src/rp2_common/pico_double/double_aeabi.S.obj
                0x100037ac                __wrap___aeabi_ui2d
                0x100037b4                __wrap___aeabi_i2d
 .text.__wrap___aeabi_d2iz
                0x100037e4       0x48 CMakeFiles/imu.dir/Users/SeanChneg/Desktop/Pico/pico-sdk/src/rp2_common/pico_double/double_aeabi.S.obj
                0x100037e4                __wrap___aeabi_d2iz
                0x100037e4                double2int_z
 .text.__wrap___aeabi_d2uiz
                0x1000382c       0x18 CMakeFiles/imu.dir/Users/SeanChneg/Desktop/Pico/pico-sdk/src/rp2_common/pico_double/double_aeabi.S.obj
                0x1000382c                double2uint
                0x1000382c                __wrap___aeabi_d2uiz
 .text.__wrap___aeabi_l2d
                0x10003844       0x18 CMakeFiles/imu.dir/Users/SeanChneg/Desktop/Pico/pico-sdk/src/rp2_common/pico_double/double_aeabi.S.obj
                0x10003844                __wrap___aeabi_l2d
 .text.__wrap___aeabi_d2lz
                0x1000385c       0x26 CMakeFiles/imu.dir/Users/SeanChneg/Desktop/Pico/pico-sdk/src/rp2_common/pico_double/double_aeabi.S.obj
                0x1000385c                __wrap___aeabi_d2lz
                0x1000385c                double2int64_z
 *fill*         0x10003882        0x2 
 .text.double2int64
                0x10003884       0x18 CMakeFiles/imu.dir/Users/SeanChneg/Desktop/Pico/pico-sdk/src/rp2_common/pico_double/double_aeabi.S.obj
                0x10003884                double2int64
 .text.double2ufix64
                0x1000389c       0x18 CMakeFiles/imu.dir/Users/SeanChneg/Desktop/Pico/pico-sdk/src/rp2_common/pico_double/double_aeabi.S.obj
                0x1000389c                double2ufix64
 .text.__wrap___aeabi_d2f
                0x100038b4       0x18 CMakeFiles/imu.dir/Users/SeanChneg/Desktop/Pico/pico-sdk/src/rp2_common/pico_double/double_aeabi.S.obj
                0x100038b4                __wrap___aeabi_d2f
 .text.__aeabi_double_init
                0x100038cc       0xcc CMakeFiles/imu.dir/Users/SeanChneg/Desktop/Pico/pico-sdk/src/rp2_common/pico_double/double_init_rom.c.obj
                0x100038cc                __aeabi_double_init
 .text.double_table_shim_on_use_helper
                0x10003998       0x34 CMakeFiles/imu.dir/Users/SeanChneg/Desktop/Pico/pico-sdk/src/rp2_common/pico_double/double_v1_rom_shim.S.obj
                0x10003998                double_table_shim_on_use_helper
 .text.__wrap___aeabi_dsub
                0x100039cc       0x10 CMakeFiles/imu.dir/Users/SeanChneg/Desktop/Pico/pico-sdk/src/rp2_common/pico_double/double_v1_rom_shim.S.obj
                0x100039cc                drsub_shim
                0x100039d2                dsub_shim
 .text.dadd_shim
                0x100039dc      0x15c CMakeFiles/imu.dir/Users/SeanChneg/Desktop/Pico/pico-sdk/src/rp2_common/pico_double/double_v1_rom_shim.S.obj
                0x100039dc                dadd_shim
 .text.dmul_shim
                0x10003b38      0x15c CMakeFiles/imu.dir/Users/SeanChneg/Desktop/Pico/pico-sdk/src/rp2_common/pico_double/double_v1_rom_shim.S.obj
                0x10003b38                dmul_shim
 .text.ddiv_shim
                0x10003c94      0x1b0 CMakeFiles/imu.dir/Users/SeanChneg/Desktop/Pico/pico-sdk/src/rp2_common/pico_double/double_v1_rom_shim.S.obj
                0x10003c94                ddiv_shim
 .text.double2uint_shim
                0x10003e44        0xe CMakeFiles/imu.dir/Users/SeanChneg/Desktop/Pico/pico-sdk/src/rp2_common/pico_double/double_v1_rom_shim.S.obj
                0x10003e44                double2uint_shim
                0x10003e46                double2ufix_shim
 .text.double2int64_shim
                0x10003e52       0x1a CMakeFiles/imu.dir/Users/SeanChneg/Desktop/Pico/pico-sdk/src/rp2_common/pico_double/double_v1_rom_shim.S.obj
                0x10003e52                double2int64_shim
                0x10003e54                double2fix64_shim
 .text.double2uint64_shim
                0x10003e6c       0x70 CMakeFiles/imu.dir/Users/SeanChneg/Desktop/Pico/pico-sdk/src/rp2_common/pico_double/double_v1_rom_shim.S.obj
                0x10003e6c                double2uint64_shim
                0x10003e6e                double2ufix64_shim
                0x10003e8e                d2fix_a
 .text.double2float_shim
                0x10003edc       0x5c CMakeFiles/imu.dir/Users/SeanChneg/Desktop/Pico/pico-sdk/src/rp2_common/pico_double/double_v1_rom_shim.S.obj
                0x10003edc                double2float_shim
 .text.x2double_shims
                0x10003f38       0x90 CMakeFiles/imu.dir/Users/SeanChneg/Desktop/Pico/pico-sdk/src/rp2_common/pico_double/double_v1_rom_shim.S.obj
                0x10003f38                uint2double_shim
                0x10003f3a                ufix2double_shim
                0x10003f40                int2double_shim
                0x10003f42                fix2double_shim
                0x10003f48                uint642double_shim
                0x10003f4a                ufix642double_shim
                0x10003f50                int642double_shim
                0x10003f52                fix642double_shim
 .text.dunpacks
                0x10003fc8       0x3c CMakeFiles/imu.dir/Users/SeanChneg/Desktop/Pico/pico-sdk/src/rp2_common/pico_double/double_v1_rom_shim.S.obj
                0x10003fc8                dunpacks
 .text.__aeabi_lmul
                0x10004004       0x32 CMakeFiles/imu.dir/Users/SeanChneg/Desktop/Pico/pico-sdk/src/rp2_common/pico_int64_ops/pico_int64_ops_aeabi.S.obj
                0x10004004                __wrap___aeabi_lmul
 *fill*         0x10004036        0x2 
 .text.__wrap___aeabi_f2uiz
                0x10004038       0x10 CMakeFiles/imu.dir/Users/SeanChneg/Desktop/Pico/pico-sdk/src/rp2_common/pico_float/float_aeabi.S.obj
                0x10004038                __wrap___aeabi_f2uiz
 .text.__aeabi_float_init
                0x10004048       0xfc CMakeFiles/imu.dir/Users/SeanChneg/Desktop/Pico/pico-sdk/src/rp2_common/pico_float/float_init_rom.c.obj
                0x10004048                __aeabi_float_init
 .text.float_table_shim_on_use_helper
                0x10004144       0x34 CMakeFiles/imu.dir/Users/SeanChneg/Desktop/Pico/pico-sdk/src/rp2_common/pico_float/float_v1_rom_shim.S.obj
                0x10004144                float_table_shim_on_use_helper
 .text.check_alloc
                0x10004178       0x20 CMakeFiles/imu.dir/Users/SeanChneg/Desktop/Pico/pico-sdk/src/rp2_common/pico_malloc/pico_malloc.c.obj
 .text.__wrap_malloc
                0x10004198       0x14 CMakeFiles/imu.dir/Users/SeanChneg/Desktop/Pico/pico-sdk/src/rp2_common/pico_malloc/pico_malloc.c.obj
                0x10004198                __wrap_malloc
 .text.__wrap_realloc
                0x100041ac       0x14 CMakeFiles/imu.dir/Users/SeanChneg/Desktop/Pico/pico-sdk/src/rp2_common/pico_malloc/pico_malloc.c.obj
                0x100041ac                __wrap_realloc
 .text.__wrap_free
                0x100041c0        0x8 CMakeFiles/imu.dir/Users/SeanChneg/Desktop/Pico/pico-sdk/src/rp2_common/pico_malloc/pico_malloc.c.obj
                0x100041c0                __wrap_free
 .text          0x100041c8       0x10 CMakeFiles/imu.dir/Users/SeanChneg/Desktop/Pico/pico-sdk/src/rp2_common/pico_mem_ops/mem_ops_aeabi.S.obj
                0x100041c8                __aeabi_mem_init
 .text.memset   0x100041d8        0xc CMakeFiles/imu.dir/Users/SeanChneg/Desktop/Pico/pico-sdk/src/rp2_common/pico_mem_ops/mem_ops_aeabi.S.obj
                0x100041d8                __wrap_memset
 .text.memcpy   0x100041e4        0xc CMakeFiles/imu.dir/Users/SeanChneg/Desktop/Pico/pico-sdk/src/rp2_common/pico_mem_ops/mem_ops_aeabi.S.obj
                0x100041e4                __wrap___aeabi_memcpy
                0x100041e4                __wrap_memcpy
 .text.time_reached
                0x100041f0       0x28 CMakeFiles/imu.dir/Users/SeanChneg/Desktop/Pico/pico-sdk/src/rp2_common/pico_stdio/stdio.c.obj
 .text.stdio_out_chars_no_crlf
                0x10004218        0xe CMakeFiles/imu.dir/Users/SeanChneg/Desktop/Pico/pico-sdk/src/rp2_common/pico_stdio/stdio.c.obj
 *fill*         0x10004226        0x2 
 .text.stdio_out_chars_crlf
                0x10004228       0x80 CMakeFiles/imu.dir/Users/SeanChneg/Desktop/Pico/pico-sdk/src/rp2_common/pico_stdio/stdio.c.obj
 .text.stdio_stack_buffer_flush
                0x100042a8       0x44 CMakeFiles/imu.dir/Users/SeanChneg/Desktop/Pico/pico-sdk/src/rp2_common/pico_stdio/stdio.c.obj
 .text.stdio_buffered_printer
                0x100042ec       0x20 CMakeFiles/imu.dir/Users/SeanChneg/Desktop/Pico/pico-sdk/src/rp2_common/pico_stdio/stdio.c.obj
 .text.update_us_since_boot
                0x1000430c       0x24 CMakeFiles/imu.dir/Users/SeanChneg/Desktop/Pico/pico-sdk/src/rp2_common/pico_stdio/stdio.c.obj
 .text.get_absolute_time
                0x10004330       0x22 CMakeFiles/imu.dir/Users/SeanChneg/Desktop/Pico/pico-sdk/src/rp2_common/pico_stdio/stdio.c.obj
 *fill*         0x10004352        0x2 
 .text.delayed_by_ms
                0x10004354       0x44 CMakeFiles/imu.dir/Users/SeanChneg/Desktop/Pico/pico-sdk/src/rp2_common/pico_stdio/stdio.c.obj
 .text.make_timeout_time_ms
                0x10004398       0x20 CMakeFiles/imu.dir/Users/SeanChneg/Desktop/Pico/pico-sdk/src/rp2_common/pico_stdio/stdio.c.obj
 .text.stdio_get_until
                0x100043b8       0x64 CMakeFiles/imu.dir/Users/SeanChneg/Desktop/Pico/pico-sdk/src/rp2_common/pico_stdio/stdio.c.obj
 .text.stdout_serialize_begin
                0x1000441c       0x20 CMakeFiles/imu.dir/Users/SeanChneg/Desktop/Pico/pico-sdk/src/rp2_common/pico_stdio/stdio.c.obj
                0x1000441c                stdout_serialize_begin
 .text.stdout_serialize_end
                0x1000443c       0x10 CMakeFiles/imu.dir/Users/SeanChneg/Desktop/Pico/pico-sdk/src/rp2_common/pico_stdio/stdio.c.obj
                0x1000443c                stdout_serialize_end
 .text.stdio_put_string
                0x1000444c       0x98 CMakeFiles/imu.dir/Users/SeanChneg/Desktop/Pico/pico-sdk/src/rp2_common/pico_stdio/stdio.c.obj
 .text._read    0x100044e4       0x24 CMakeFiles/imu.dir/Users/SeanChneg/Desktop/Pico/pico-sdk/src/rp2_common/pico_stdio/stdio.c.obj
                0x100044e4                _read
 .text._write   0x10004508       0x22 CMakeFiles/imu.dir/Users/SeanChneg/Desktop/Pico/pico-sdk/src/rp2_common/pico_stdio/stdio.c.obj
                0x10004508                _write
 .text._close   0x1000452a        0x6 CMakeFiles/imu.dir/Users/SeanChneg/Desktop/Pico/pico-sdk/src/rp2_common/pico_stdio/stdio.c.obj
                0x1000452a                _close
 .text._lseek   0x10004530        0x6 CMakeFiles/imu.dir/Users/SeanChneg/Desktop/Pico/pico-sdk/src/rp2_common/pico_stdio/stdio.c.obj
                0x10004530                _lseek
 .text._fstat   0x10004536        0x6 CMakeFiles/imu.dir/Users/SeanChneg/Desktop/Pico/pico-sdk/src/rp2_common/pico_stdio/stdio.c.obj
                0x10004536                _fstat
 .text._isatty  0x1000453c        0xc CMakeFiles/imu.dir/Users/SeanChneg/Desktop/Pico/pico-sdk/src/rp2_common/pico_stdio/stdio.c.obj
                0x1000453c                _isatty
 .text.stdio_flush
                0x10004548       0x20 CMakeFiles/imu.dir/Users/SeanChneg/Desktop/Pico/pico-sdk/src/rp2_common/pico_stdio/stdio.c.obj
                0x10004548                stdio_flush
 .text.__wrap_puts
                0x10004568       0x1e CMakeFiles/imu.dir/Users/SeanChneg/Desktop/Pico/pico-sdk/src/rp2_common/pico_stdio/stdio.c.obj
                0x10004568                __wrap_puts
 *fill*         0x10004586        0x2 
 .text.__wrap_vprintf
                0x10004588       0x40 CMakeFiles/imu.dir/Users/SeanChneg/Desktop/Pico/pico-sdk/src/rp2_common/pico_stdio/stdio.c.obj
                0x10004588                __wrap_vprintf
 .text.__wrap_printf
                0x100045c8       0x18 CMakeFiles/imu.dir/Users/SeanChneg/Desktop/Pico/pico-sdk/src/rp2_common/pico_stdio/stdio.c.obj
                0x100045c8                __wrap_printf
 .text.stdio_init_all
                0x100045e0        0x8 CMakeFiles/imu.dir/Users/SeanChneg/Desktop/Pico/pico-sdk/src/rp2_common/pico_stdio/stdio.c.obj
                0x100045e0                stdio_init_all
 .text.stdio_usb_init
                0x100045e8        0x4 CMakeFiles/imu.dir/Users/SeanChneg/Desktop/Pico/pico-sdk/src/rp2_common/pico_stdio_usb/stdio_usb.c.obj
                0x100045e8                stdio_usb_init
 .text._retrieve_unique_id_on_boot
                0x100045ec       0x10 CMakeFiles/imu.dir/Users/SeanChneg/Desktop/Pico/pico-sdk/src/rp2_common/pico_unique_id/unique_id.c.obj
 .text.flash_get_unique_id
                0x100045fc       0x40 CMakeFiles/imu.dir/Users/SeanChneg/Desktop/Pico/pico-sdk/src/rp2_common/hardware_flash/flash.c.obj
                0x100045fc                flash_get_unique_id
 .text.i2c_write_blocking_internal
                0x1000463c      0x146 CMakeFiles/imu.dir/Users/SeanChneg/Desktop/Pico/pico-sdk/src/rp2_common/hardware_i2c/i2c.c.obj
 .text.i2c_read_blocking_internal
                0x10004782       0xe6 CMakeFiles/imu.dir/Users/SeanChneg/Desktop/Pico/pico-sdk/src/rp2_common/hardware_i2c/i2c.c.obj
 .text.i2c_set_baudrate
                0x10004868       0xf0 CMakeFiles/imu.dir/Users/SeanChneg/Desktop/Pico/pico-sdk/src/rp2_common/hardware_i2c/i2c.c.obj
                0x10004868                i2c_set_baudrate
 .text.i2c_init
                0x10004958       0x58 CMakeFiles/imu.dir/Users/SeanChneg/Desktop/Pico/pico-sdk/src/rp2_common/hardware_i2c/i2c.c.obj
                0x10004958                i2c_init
 .text.i2c_write_blocking
                0x100049b0       0x18 CMakeFiles/imu.dir/Users/SeanChneg/Desktop/Pico/pico-sdk/src/rp2_common/hardware_i2c/i2c.c.obj
                0x100049b0                i2c_write_blocking
 .text.i2c_read_blocking
                0x100049c8       0x18 CMakeFiles/imu.dir/Users/SeanChneg/Desktop/Pico/pico-sdk/src/rp2_common/hardware_i2c/i2c.c.obj
                0x100049c8                i2c_read_blocking
 .text._calloc_r
                0x100049e0       0xa8 /Applications/ArmGNUToolchain/13.2.Rel1/arm-none-eabi/bin/../lib/gcc/arm-none-eabi/13.2.1/../../../../arm-none-eabi/lib/thumb/v6-m/nofp/libg.a(libc_a-callocr.o)
                0x100049e0                _calloc_r
 .text.malloc   0x10004a88       0x14 /Applications/ArmGNUToolchain/13.2.Rel1/arm-none-eabi/bin/../lib/gcc/arm-none-eabi/13.2.1/../../../../arm-none-eabi/lib/thumb/v6-m/nofp/libg.a(libc_a-malloc.o)
                0x10004a88                malloc
 .text.free     0x10004a9c       0x14 /Applications/ArmGNUToolchain/13.2.Rel1/arm-none-eabi/bin/../lib/gcc/arm-none-eabi/13.2.1/../../../../arm-none-eabi/lib/thumb/v6-m/nofp/libg.a(libc_a-malloc.o)
                0x10004a9c                free
 .text._malloc_r
                0x10004ab0      0x5c4 /Applications/ArmGNUToolchain/13.2.Rel1/arm-none-eabi/bin/../lib/gcc/arm-none-eabi/13.2.1/../../../../arm-none-eabi/lib/thumb/v6-m/nofp/libg.a(libc_a-mallocr.o)
                0x10004ab0                _malloc_r
 .text.__malloc_lock
                0x10005074       0x10 /Applications/ArmGNUToolchain/13.2.Rel1/arm-none-eabi/bin/../lib/gcc/arm-none-eabi/13.2.1/../../../../arm-none-eabi/lib/thumb/v6-m/nofp/libg.a(libc_a-mlock.o)
                0x10005074                __malloc_lock
 .text.__malloc_unlock
                0x10005084       0x10 /Applications/ArmGNUToolchain/13.2.Rel1/arm-none-eabi/bin/../lib/gcc/arm-none-eabi/13.2.1/../../../../arm-none-eabi/lib/thumb/v6-m/nofp/libg.a(libc_a-mlock.o)
                0x10005084                __malloc_unlock
 .text.realloc  0x10005094       0x18 /Applications/ArmGNUToolchain/13.2.Rel1/arm-none-eabi/bin/../lib/gcc/arm-none-eabi/13.2.1/../../../../arm-none-eabi/lib/thumb/v6-m/nofp/libg.a(libc_a-realloc.o)
                0x10005094                realloc
 .text.scanf    0x100050ac       0x24 /Applications/ArmGNUToolchain/13.2.Rel1/arm-none-eabi/bin/../lib/gcc/arm-none-eabi/13.2.1/../../../../arm-none-eabi/lib/thumb/v6-m/nofp/libg.a(libc_a-scanf.o)
                0x100050ac                scanf
 .text._realloc_r
                0x100050d0      0x350 /Applications/ArmGNUToolchain/13.2.Rel1/arm-none-eabi/bin/../lib/gcc/arm-none-eabi/13.2.1/../../../../arm-none-eabi/lib/thumb/v6-m/nofp/libg.a(libc_a-reallocr.o)
                0x100050d0                _realloc_r
 .text.memmove  0x10005420       0xb0 /Applications/ArmGNUToolchain/13.2.Rel1/arm-none-eabi/bin/../lib/gcc/arm-none-eabi/13.2.1/../../../../arm-none-eabi/lib/thumb/v6-m/nofp/libg.a(libc_a-memmove.o)
                0x10005420                memmove
 .text._sbrk_r  0x100054d0       0x24 /Applications/ArmGNUToolchain/13.2.Rel1/arm-none-eabi/bin/../lib/gcc/arm-none-eabi/13.2.1/../../../../arm-none-eabi/lib/thumb/v6-m/nofp/libg.a(libc_a-sbrkr.o)
                0x100054d0                _sbrk_r
 .text.__errno  0x100054f4        0xc /Applications/ArmGNUToolchain/13.2.Rel1/arm-none-eabi/bin/../lib/gcc/arm-none-eabi/13.2.1/../../../../arm-none-eabi/lib/thumb/v6-m/nofp/libg.a(libc_a-errno.o)
                0x100054f4                __errno
 .text.sysconf  0x10005500       0x1c /Applications/ArmGNUToolchain/13.2.Rel1/arm-none-eabi/bin/../lib/gcc/arm-none-eabi/13.2.1/../../../../arm-none-eabi/lib/thumb/v6-m/nofp/libg.a(libc_a-sysconf.o)
                0x10005500                sysconf
 .text.__retarget_lock_init_recursive
                0x1000551c        0x4 /Applications/ArmGNUToolchain/13.2.Rel1/arm-none-eabi/bin/../lib/gcc/arm-none-eabi/13.2.1/../../../../arm-none-eabi/lib/thumb/v6-m/nofp/libg.a(libc_a-lock.o)
                0x1000551c                __retarget_lock_init_recursive
 .text.__retarget_lock_close_recursive
                0x10005520        0x4 /Applications/ArmGNUToolchain/13.2.Rel1/arm-none-eabi/bin/../lib/gcc/arm-none-eabi/13.2.1/../../../../arm-none-eabi/lib/thumb/v6-m/nofp/libg.a(libc_a-lock.o)
                0x10005520                __retarget_lock_close_recursive
 .text.__retarget_lock_acquire_recursive
                0x10005524        0x4 /Applications/ArmGNUToolchain/13.2.Rel1/arm-none-eabi/bin/../lib/gcc/arm-none-eabi/13.2.1/../../../../arm-none-eabi/lib/thumb/v6-m/nofp/libg.a(libc_a-lock.o)
                0x10005524                __retarget_lock_acquire_recursive
 .text.__retarget_lock_release_recursive
                0x10005528        0x4 /Applications/ArmGNUToolchain/13.2.Rel1/arm-none-eabi/bin/../lib/gcc/arm-none-eabi/13.2.1/../../../../arm-none-eabi/lib/thumb/v6-m/nofp/libg.a(libc_a-lock.o)
                0x10005528                __retarget_lock_release_recursive
 .text.strlen   0x1000552c       0x5c /Applications/ArmGNUToolchain/13.2.Rel1/arm-none-eabi/bin/../lib/gcc/arm-none-eabi/13.2.1/../../../../arm-none-eabi/lib/thumb/v6-m/nofp/libg.a(libc_a-strlen-stub.o)
                0x1000552c                strlen
 .text._malloc_trim_r
                0x10005588       0xb4 /Applications/ArmGNUToolchain/13.2.Rel1/arm-none-eabi/bin/../lib/gcc/arm-none-eabi/13.2.1/../../../../arm-none-eabi/lib/thumb/v6-m/nofp/libg.a(libc_a-freer.o)
                0x10005588                _malloc_trim_r
 .text._free_r  0x1000563c      0x1d4 /Applications/ArmGNUToolchain/13.2.Rel1/arm-none-eabi/bin/../lib/gcc/arm-none-eabi/13.2.1/../../../../arm-none-eabi/lib/thumb/v6-m/nofp/libg.a(libc_a-freer.o)
                0x1000563c                _free_r
 .text.__svfscanf_r
                0x10005810     0x1884 /Applications/ArmGNUToolchain/13.2.Rel1/arm-none-eabi/bin/../lib/gcc/arm-none-eabi/13.2.1/../../../../arm-none-eabi/lib/thumb/v6-m/nofp/libg.a(libc_a-vfscanf.o)
                0x10005810                __svfscanf_r
 .text._vfscanf_r
                0x10007094       0x28 /Applications/ArmGNUToolchain/13.2.Rel1/arm-none-eabi/bin/../lib/gcc/arm-none-eabi/13.2.1/../../../../arm-none-eabi/lib/thumb/v6-m/nofp/libg.a(libc_a-vfscanf.o)
                0x10007094                _vfscanf_r
 .text.__sccl   0x100070bc       0x80 /Applications/ArmGNUToolchain/13.2.Rel1/arm-none-eabi/bin/../lib/gcc/arm-none-eabi/13.2.1/../../../../arm-none-eabi/lib/thumb/v6-m/nofp/libg.a(libc_a-sccl.o)
                0x100070bc                __sccl
 .text.sulp     0x1000713c       0x30 /Applications/ArmGNUToolchain/13.2.Rel1/arm-none-eabi/bin/../lib/gcc/arm-none-eabi/13.2.1/../../../../arm-none-eabi/lib/thumb/v6-m/nofp/libg.a(libc_a-strtod.o)
 .text._strtod_l
                0x1000716c      0xeb8 /Applications/ArmGNUToolchain/13.2.Rel1/arm-none-eabi/bin/../lib/gcc/arm-none-eabi/13.2.1/../../../../arm-none-eabi/lib/thumb/v6-m/nofp/libg.a(libc_a-strtod.o)
                0x1000716c                _strtod_l
 .text._strtod_r
                0x10008024       0x10 /Applications/ArmGNUToolchain/13.2.Rel1/arm-none-eabi/bin/../lib/gcc/arm-none-eabi/13.2.1/../../../../arm-none-eabi/lib/thumb/v6-m/nofp/libg.a(libc_a-strtod.o)
                0x10008024                _strtod_r
 .text._strtol_l.isra.0
                0x10008034      0x158 /Applications/ArmGNUToolchain/13.2.Rel1/arm-none-eabi/bin/../lib/gcc/arm-none-eabi/13.2.1/../../../../arm-none-eabi/lib/thumb/v6-m/nofp/libg.a(libc_a-strtol.o)
 .text._strtol_r
                0x1000818c        0x8 /Applications/ArmGNUToolchain/13.2.Rel1/arm-none-eabi/bin/../lib/gcc/arm-none-eabi/13.2.1/../../../../arm-none-eabi/lib/thumb/v6-m/nofp/libg.a(libc_a-strtol.o)
                0x1000818c                _strtol_r
 .text._strtoul_l.isra.0
                0x10008194      0x144 /Applications/ArmGNUToolchain/13.2.Rel1/arm-none-eabi/bin/../lib/gcc/arm-none-eabi/13.2.1/../../../../arm-none-eabi/lib/thumb/v6-m/nofp/libg.a(libc_a-strtoul.o)
 .text._strtoul_r
                0x100082d8        0x8 /Applications/ArmGNUToolchain/13.2.Rel1/arm-none-eabi/bin/../lib/gcc/arm-none-eabi/13.2.1/../../../../arm-none-eabi/lib/thumb/v6-m/nofp/libg.a(libc_a-strtoul.o)
                0x100082d8                _strtoul_r
 .text.stdio_exit_handler
                0x100082e0       0x1c /Applications/ArmGNUToolchain/13.2.Rel1/arm-none-eabi/bin/../lib/gcc/arm-none-eabi/13.2.1/../../../../arm-none-eabi/lib/thumb/v6-m/nofp/libg.a(libc_a-findfp.o)
 .text.cleanup_stdio
                0x100082fc       0x3c /Applications/ArmGNUToolchain/13.2.Rel1/arm-none-eabi/bin/../lib/gcc/arm-none-eabi/13.2.1/../../../../arm-none-eabi/lib/thumb/v6-m/nofp/libg.a(libc_a-findfp.o)
 .text.global_stdio_init.part.0
                0x10008338      0x118 /Applications/ArmGNUToolchain/13.2.Rel1/arm-none-eabi/bin/../lib/gcc/arm-none-eabi/13.2.1/../../../../arm-none-eabi/lib/thumb/v6-m/nofp/libg.a(libc_a-findfp.o)
 .text.__sinit  0x10008450       0x38 /Applications/ArmGNUToolchain/13.2.Rel1/arm-none-eabi/bin/../lib/gcc/arm-none-eabi/13.2.1/../../../../arm-none-eabi/lib/thumb/v6-m/nofp/libg.a(libc_a-findfp.o)
                0x10008450                __sinit
 .text.__sfp_lock_acquire
                0x10008488       0x10 /Applications/ArmGNUToolchain/13.2.Rel1/arm-none-eabi/bin/../lib/gcc/arm-none-eabi/13.2.1/../../../../arm-none-eabi/lib/thumb/v6-m/nofp/libg.a(libc_a-findfp.o)
                0x10008488                __sfp_lock_acquire
 .text.__sfp_lock_release
                0x10008498       0x10 /Applications/ArmGNUToolchain/13.2.Rel1/arm-none-eabi/bin/../lib/gcc/arm-none-eabi/13.2.1/../../../../arm-none-eabi/lib/thumb/v6-m/nofp/libg.a(libc_a-findfp.o)
                0x10008498                __sfp_lock_release
 .text.__submore
                0x100084a8       0x84 /Applications/ArmGNUToolchain/13.2.Rel1/arm-none-eabi/bin/../lib/gcc/arm-none-eabi/13.2.1/../../../../arm-none-eabi/lib/thumb/v6-m/nofp/libg.a(libc_a-ungetc.o)
                0x100084a8                __submore
 .text._ungetc_r
                0x1000852c      0x144 /Applications/ArmGNUToolchain/13.2.Rel1/arm-none-eabi/bin/../lib/gcc/arm-none-eabi/13.2.1/../../../../arm-none-eabi/lib/thumb/v6-m/nofp/libg.a(libc_a-ungetc.o)
                0x1000852c                _ungetc_r
 .text._fread_r
                0x10008670      0x1e8 /Applications/ArmGNUToolchain/13.2.Rel1/arm-none-eabi/bin/../lib/gcc/arm-none-eabi/13.2.1/../../../../arm-none-eabi/lib/thumb/v6-m/nofp/libg.a(libc_a-fread.o)
                0x10008670                _fread_r
 .text._fwalk_sglue
                0x10008858       0x44 /Applications/ArmGNUToolchain/13.2.Rel1/arm-none-eabi/bin/../lib/gcc/arm-none-eabi/13.2.1/../../../../arm-none-eabi/lib/thumb/v6-m/nofp/libg.a(libc_a-fwalk.o)
                0x10008858                _fwalk_sglue
 .text.strncmp  0x1000889c       0x74 /Applications/ArmGNUToolchain/13.2.Rel1/arm-none-eabi/bin/../lib/gcc/arm-none-eabi/13.2.1/../../../../arm-none-eabi/lib/thumb/v6-m/nofp/libg.a(libc_a-strncmp.o)
                0x1000889c                strncmp
 .text.stpncpy  0x10008910       0x78 /Applications/ArmGNUToolchain/13.2.Rel1/arm-none-eabi/bin/../lib/gcc/arm-none-eabi/13.2.1/../../../../arm-none-eabi/lib/thumb/v6-m/nofp/libg.a(libc_a-stpncpy.o)
                0x10008910                stpncpy
 .text.__locale_mb_cur_max
                0x10008988       0x10 /Applications/ArmGNUToolchain/13.2.Rel1/arm-none-eabi/bin/../lib/gcc/arm-none-eabi/13.2.1/../../../../arm-none-eabi/lib/thumb/v6-m/nofp/libg.a(libc_a-locale.o)
                0x10008988                __locale_mb_cur_max
 .text._localeconv_r
                0x10008998        0x8 /Applications/ArmGNUToolchain/13.2.Rel1/arm-none-eabi/bin/../lib/gcc/arm-none-eabi/13.2.1/../../../../arm-none-eabi/lib/thumb/v6-m/nofp/libg.a(libc_a-localeconv.o)
                0x10008998                _localeconv_r
 .text          0x100089a0       0x88 /Applications/ArmGNUToolchain/13.2.Rel1/arm-none-eabi/bin/../lib/gcc/arm-none-eabi/13.2.1/../../../../arm-none-eabi/lib/thumb/v6-m/nofp/libg.a(libc_a-strcmp.o)
                0x100089a0                strcmp
 .text._strtoll_l.isra.0
                0x10008a28      0x1a0 /Applications/ArmGNUToolchain/13.2.Rel1/arm-none-eabi/bin/../lib/gcc/arm-none-eabi/13.2.1/../../../../arm-none-eabi/lib/thumb/v6-m/nofp/libg.a(libc_a-strtoll.o)
 .text._strtoll_r
                0x10008bc8        0x8 /Applications/ArmGNUToolchain/13.2.Rel1/arm-none-eabi/bin/../lib/gcc/arm-none-eabi/13.2.1/../../../../arm-none-eabi/lib/thumb/v6-m/nofp/libg.a(libc_a-strtoll.o)
                0x10008bc8                _strtoll_r
 .text._strtoull_l.isra.0
                0x10008bd0      0x1c4 /Applications/ArmGNUToolchain/13.2.Rel1/arm-none-eabi/bin/../lib/gcc/arm-none-eabi/13.2.1/../../../../arm-none-eabi/lib/thumb/v6-m/nofp/libg.a(libc_a-strtoull.o)
 .text._strtoull_r
                0x10008d94        0x8 /Applications/ArmGNUToolchain/13.2.Rel1/arm-none-eabi/bin/../lib/gcc/arm-none-eabi/13.2.1/../../../../arm-none-eabi/lib/thumb/v6-m/nofp/libg.a(libc_a-strtoull.o)
                0x10008d94                _strtoull_r
 .text._mbrtowc_r
                0x10008d9c       0x54 /Applications/ArmGNUToolchain/13.2.Rel1/arm-none-eabi/bin/../lib/gcc/arm-none-eabi/13.2.1/../../../../arm-none-eabi/lib/thumb/v6-m/nofp/libg.a(libc_a-mbrtowc.o)
                0x10008d9c                _mbrtowc_r
 .text.iswspace
                0x10008df0        0xc /Applications/ArmGNUToolchain/13.2.Rel1/arm-none-eabi/bin/../lib/gcc/arm-none-eabi/13.2.1/../../../../arm-none-eabi/lib/thumb/v6-m/nofp/libg.a(libc_a-iswspace.o)
                0x10008df0                iswspace
 .text.iswspace_l
                0x10008dfc       0x24 /Applications/ArmGNUToolchain/13.2.Rel1/arm-none-eabi/bin/../lib/gcc/arm-none-eabi/13.2.1/../../../../arm-none-eabi/lib/thumb/v6-m/nofp/libg.a(libc_a-iswspace_l.o)
                0x10008dfc                iswspace_l
 .text.nan      0x10008e20        0xc /Applications/ArmGNUToolchain/13.2.Rel1/arm-none-eabi/bin/../lib/gcc/arm-none-eabi/13.2.1/../../../../arm-none-eabi/lib/thumb/v6-m/nofp/libg.a(libm_a-s_nan.o)
                0x10008e20                nan
 .text.nanf     0x10008e2c        0x8 /Applications/ArmGNUToolchain/13.2.Rel1/arm-none-eabi/bin/../lib/gcc/arm-none-eabi/13.2.1/../../../../arm-none-eabi/lib/thumb/v6-m/nofp/libg.a(libm_a-sf_nan.o)
                0x10008e2c                nanf
 .text.__jp2uc  0x10008e34      0x154 /Applications/ArmGNUToolchain/13.2.Rel1/arm-none-eabi/bin/../lib/gcc/arm-none-eabi/13.2.1/../../../../arm-none-eabi/lib/thumb/v6-m/nofp/libg.a(libc_a-jp2uc.o)
 .text._jp2uc_l
                0x10008f88       0x68 /Applications/ArmGNUToolchain/13.2.Rel1/arm-none-eabi/bin/../lib/gcc/arm-none-eabi/13.2.1/../../../../arm-none-eabi/lib/thumb/v6-m/nofp/libg.a(libc_a-jp2uc.o)
                0x10008f88                _jp2uc_l
 .text.category
                0x10008ff0       0x54 /Applications/ArmGNUToolchain/13.2.Rel1/arm-none-eabi/bin/../lib/gcc/arm-none-eabi/13.2.1/../../../../arm-none-eabi/lib/thumb/v6-m/nofp/libg.a(libc_a-categories.o)
                0x10008ff0                category
 .text.rshift   0x10009044       0xb0 /Applications/ArmGNUToolchain/13.2.Rel1/arm-none-eabi/bin/../lib/gcc/arm-none-eabi/13.2.1/../../../../arm-none-eabi/lib/thumb/v6-m/nofp/libg.a(libc_a-gdtoa-gethex.o)
 .text.__gethex
                0x100090f4      0x5a8 /Applications/ArmGNUToolchain/13.2.Rel1/arm-none-eabi/bin/../lib/gcc/arm-none-eabi/13.2.1/../../../../arm-none-eabi/lib/thumb/v6-m/nofp/libg.a(libc_a-gdtoa-gethex.o)
                0x100090f4                __gethex
 .text.__match  0x1000969c       0x2c /Applications/ArmGNUToolchain/13.2.Rel1/arm-none-eabi/bin/../lib/gcc/arm-none-eabi/13.2.1/../../../../arm-none-eabi/lib/thumb/v6-m/nofp/libg.a(libc_a-gdtoa-hexnan.o)
                0x1000969c                __match
 .text.__hexnan
                0x100096c8      0x204 /Applications/ArmGNUToolchain/13.2.Rel1/arm-none-eabi/bin/../lib/gcc/arm-none-eabi/13.2.1/../../../../arm-none-eabi/lib/thumb/v6-m/nofp/libg.a(libc_a-gdtoa-hexnan.o)
                0x100096c8                __hexnan
 .text.__ascii_mbtowc
                0x100098cc       0x2c /Applications/ArmGNUToolchain/13.2.Rel1/arm-none-eabi/bin/../lib/gcc/arm-none-eabi/13.2.1/../../../../arm-none-eabi/lib/thumb/v6-m/nofp/libg.a(libc_a-mbtowc_r.o)
                0x100098cc                __ascii_mbtowc
 .text._Balloc  0x100098f8       0x50 /Applications/ArmGNUToolchain/13.2.Rel1/arm-none-eabi/bin/../lib/gcc/arm-none-eabi/13.2.1/../../../../arm-none-eabi/lib/thumb/v6-m/nofp/libg.a(libc_a-mprec.o)
                0x100098f8                _Balloc
 .text._Bfree   0x10009948       0x14 /Applications/ArmGNUToolchain/13.2.Rel1/arm-none-eabi/bin/../lib/gcc/arm-none-eabi/13.2.1/../../../../arm-none-eabi/lib/thumb/v6-m/nofp/libg.a(libc_a-mprec.o)
                0x10009948                _Bfree
 .text.__multadd
                0x1000995c       0xa8 /Applications/ArmGNUToolchain/13.2.Rel1/arm-none-eabi/bin/../lib/gcc/arm-none-eabi/13.2.1/../../../../arm-none-eabi/lib/thumb/v6-m/nofp/libg.a(libc_a-mprec.o)
                0x1000995c                __multadd
 .text.__s2b    0x10009a04       0xb0 /Applications/ArmGNUToolchain/13.2.Rel1/arm-none-eabi/bin/../lib/gcc/arm-none-eabi/13.2.1/../../../../arm-none-eabi/lib/thumb/v6-m/nofp/libg.a(libc_a-mprec.o)
                0x10009a04                __s2b
 .text.__hi0bits
                0x10009ab4       0x4c /Applications/ArmGNUToolchain/13.2.Rel1/arm-none-eabi/bin/../lib/gcc/arm-none-eabi/13.2.1/../../../../arm-none-eabi/lib/thumb/v6-m/nofp/libg.a(libc_a-mprec.o)
                0x10009ab4                __hi0bits
 .text.__lo0bits
                0x10009b00       0x5c /Applications/ArmGNUToolchain/13.2.Rel1/arm-none-eabi/bin/../lib/gcc/arm-none-eabi/13.2.1/../../../../arm-none-eabi/lib/thumb/v6-m/nofp/libg.a(libc_a-mprec.o)
                0x10009b00                __lo0bits
 .text.__i2b    0x10009b5c       0x60 /Applications/ArmGNUToolchain/13.2.Rel1/arm-none-eabi/bin/../lib/gcc/arm-none-eabi/13.2.1/../../../../arm-none-eabi/lib/thumb/v6-m/nofp/libg.a(libc_a-mprec.o)
                0x10009b5c                __i2b
 .text.__multiply
                0x10009bbc      0x1ac /Applications/ArmGNUToolchain/13.2.Rel1/arm-none-eabi/bin/../lib/gcc/arm-none-eabi/13.2.1/../../../../arm-none-eabi/lib/thumb/v6-m/nofp/libg.a(libc_a-mprec.o)
                0x10009bbc                __multiply
 .text.__pow5mult
                0x10009d68       0xd0 /Applications/ArmGNUToolchain/13.2.Rel1/arm-none-eabi/bin/../lib/gcc/arm-none-eabi/13.2.1/../../../../arm-none-eabi/lib/thumb/v6-m/nofp/libg.a(libc_a-mprec.o)
                0x10009d68                __pow5mult
 .text.__lshift
                0x10009e38       0xfc /Applications/ArmGNUToolchain/13.2.Rel1/arm-none-eabi/bin/../lib/gcc/arm-none-eabi/13.2.1/../../../../arm-none-eabi/lib/thumb/v6-m/nofp/libg.a(libc_a-mprec.o)
                0x10009e38                __lshift
 .text.__mcmp   0x10009f34       0x3c /Applications/ArmGNUToolchain/13.2.Rel1/arm-none-eabi/bin/../lib/gcc/arm-none-eabi/13.2.1/../../../../arm-none-eabi/lib/thumb/v6-m/nofp/libg.a(libc_a-mprec.o)
                0x10009f34                __mcmp
 .text.__mdiff  0x10009f70      0x1b4 /Applications/ArmGNUToolchain/13.2.Rel1/arm-none-eabi/bin/../lib/gcc/arm-none-eabi/13.2.1/../../../../arm-none-eabi/lib/thumb/v6-m/nofp/libg.a(libc_a-mprec.o)
                0x10009f70                __mdiff
 .text.__ulp    0x1000a124       0x40 /Applications/ArmGNUToolchain/13.2.Rel1/arm-none-eabi/bin/../lib/gcc/arm-none-eabi/13.2.1/../../../../arm-none-eabi/lib/thumb/v6-m/nofp/libg.a(libc_a-mprec.o)
                0x1000a124                __ulp
 .text.__b2d    0x1000a164       0xb8 /Applications/ArmGNUToolchain/13.2.Rel1/arm-none-eabi/bin/../lib/gcc/arm-none-eabi/13.2.1/../../../../arm-none-eabi/lib/thumb/v6-m/nofp/libg.a(libc_a-mprec.o)
                0x1000a164                __b2d
 .text.__d2b    0x1000a21c       0xcc /Applications/ArmGNUToolchain/13.2.Rel1/arm-none-eabi/bin/../lib/gcc/arm-none-eabi/13.2.1/../../../../arm-none-eabi/lib/thumb/v6-m/nofp/libg.a(libc_a-mprec.o)
                0x1000a21c                __d2b
 .text.__ratio  0x1000a2e8       0x68 /Applications/ArmGNUToolchain/13.2.Rel1/arm-none-eabi/bin/../lib/gcc/arm-none-eabi/13.2.1/../../../../arm-none-eabi/lib/thumb/v6-m/nofp/libg.a(libc_a-mprec.o)
                0x1000a2e8                __ratio
 .text.__copybits
                0x1000a350       0x40 /Applications/ArmGNUToolchain/13.2.Rel1/arm-none-eabi/bin/../lib/gcc/arm-none-eabi/13.2.1/../../../../arm-none-eabi/lib/thumb/v6-m/nofp/libg.a(libc_a-mprec.o)
                0x1000a350                __copybits
 .text.__any_on
                0x1000a390       0x4c /Applications/ArmGNUToolchain/13.2.Rel1/arm-none-eabi/bin/../lib/gcc/arm-none-eabi/13.2.1/../../../../arm-none-eabi/lib/thumb/v6-m/nofp/libg.a(libc_a-mprec.o)
                0x1000a390                __any_on
 .text.lflush   0x1000a3dc       0x20 /Applications/ArmGNUToolchain/13.2.Rel1/arm-none-eabi/bin/../lib/gcc/arm-none-eabi/13.2.1/../../../../arm-none-eabi/lib/thumb/v6-m/nofp/libg.a(libc_a-refill.o)
 .text.__srefill_r
                0x1000a3fc      0x118 /Applications/ArmGNUToolchain/13.2.Rel1/arm-none-eabi/bin/../lib/gcc/arm-none-eabi/13.2.1/../../../../arm-none-eabi/lib/thumb/v6-m/nofp/libg.a(libc_a-refill.o)
                0x1000a3fc                __srefill_r
 .text._fclose_r
                0x1000a514       0xd0 /Applications/ArmGNUToolchain/13.2.Rel1/arm-none-eabi/bin/../lib/gcc/arm-none-eabi/13.2.1/../../../../arm-none-eabi/lib/thumb/v6-m/nofp/libg.a(libc_a-fclose.o)
                0x1000a514                _fclose_r
 .text.__sflush_r
                0x1000a5e4      0x148 /Applications/ArmGNUToolchain/13.2.Rel1/arm-none-eabi/bin/../lib/gcc/arm-none-eabi/13.2.1/../../../../arm-none-eabi/lib/thumb/v6-m/nofp/libg.a(libc_a-fflush.o)
                0x1000a5e4                __sflush_r
 .text._fflush_r
                0x1000a72c       0x68 /Applications/ArmGNUToolchain/13.2.Rel1/arm-none-eabi/bin/../lib/gcc/arm-none-eabi/13.2.1/../../../../arm-none-eabi/lib/thumb/v6-m/nofp/libg.a(libc_a-fflush.o)
                0x1000a72c                _fflush_r
 .text.__sread  0x1000a794       0x28 /Applications/ArmGNUToolchain/13.2.Rel1/arm-none-eabi/bin/../lib/gcc/arm-none-eabi/13.2.1/../../../../arm-none-eabi/lib/thumb/v6-m/nofp/libg.a(libc_a-stdio.o)
                0x1000a794                __sread
 .text.__swrite
                0x1000a7bc       0x40 /Applications/ArmGNUToolchain/13.2.Rel1/arm-none-eabi/bin/../lib/gcc/arm-none-eabi/13.2.1/../../../../arm-none-eabi/lib/thumb/v6-m/nofp/libg.a(libc_a-stdio.o)
                0x1000a7bc                __swrite
 .text.__sseek  0x1000a7fc       0x30 /Applications/ArmGNUToolchain/13.2.Rel1/arm-none-eabi/bin/../lib/gcc/arm-none-eabi/13.2.1/../../../../arm-none-eabi/lib/thumb/v6-m/nofp/libg.a(libc_a-stdio.o)
                0x1000a7fc                __sseek
 .text.__sclose
                0x1000a82c        0xc /Applications/ArmGNUToolchain/13.2.Rel1/arm-none-eabi/bin/../lib/gcc/arm-none-eabi/13.2.1/../../../../arm-none-eabi/lib/thumb/v6-m/nofp/libg.a(libc_a-stdio.o)
                0x1000a82c                __sclose
 .text.__ascii_wctomb
                0x1000a838       0x1c /Applications/ArmGNUToolchain/13.2.Rel1/arm-none-eabi/bin/../lib/gcc/arm-none-eabi/13.2.1/../../../../arm-none-eabi/lib/thumb/v6-m/nofp/libg.a(libc_a-wctomb_r.o)
                0x1000a838                __ascii_wctomb
 .text._close_r
                0x1000a854       0x24 /Applications/ArmGNUToolchain/13.2.Rel1/arm-none-eabi/bin/../lib/gcc/arm-none-eabi/13.2.1/../../../../arm-none-eabi/lib/thumb/v6-m/nofp/libg.a(libc_a-closer.o)
                0x1000a854                _close_r
 .text._lseek_r
                0x1000a878       0x28 /Applications/ArmGNUToolchain/13.2.Rel1/arm-none-eabi/bin/../lib/gcc/arm-none-eabi/13.2.1/../../../../arm-none-eabi/lib/thumb/v6-m/nofp/libg.a(libc_a-lseekr.o)
                0x1000a878                _lseek_r
 .text._read_r  0x1000a8a0       0x28 /Applications/ArmGNUToolchain/13.2.Rel1/arm-none-eabi/bin/../lib/gcc/arm-none-eabi/13.2.1/../../../../arm-none-eabi/lib/thumb/v6-m/nofp/libg.a(libc_a-readr.o)
                0x1000a8a0                _read_r
 .text._write_r
                0x1000a8c8       0x28 /Applications/ArmGNUToolchain/13.2.Rel1/arm-none-eabi/bin/../lib/gcc/arm-none-eabi/13.2.1/../../../../arm-none-eabi/lib/thumb/v6-m/nofp/libg.a(libc_a-writer.o)
                0x1000a8c8                _write_r
 .text.__smakebuf_r
                0x1000a8f0       0xe0 /Applications/ArmGNUToolchain/13.2.Rel1/arm-none-eabi/bin/../lib/gcc/arm-none-eabi/13.2.1/../../../../arm-none-eabi/lib/thumb/v6-m/nofp/libg.a(libc_a-makebuf.o)
                0x1000a8f0                __smakebuf_r
 .text._fstat_r
                0x1000a9d0       0x28 /Applications/ArmGNUToolchain/13.2.Rel1/arm-none-eabi/bin/../lib/gcc/arm-none-eabi/13.2.1/../../../../arm-none-eabi/lib/thumb/v6-m/nofp/libg.a(libc_a-fstatr.o)
                0x1000a9d0                _fstat_r
 .text._isatty_r
                0x1000a9f8       0x24 /Applications/ArmGNUToolchain/13.2.Rel1/arm-none-eabi/bin/../lib/gcc/arm-none-eabi/13.2.1/../../../../arm-none-eabi/lib/thumb/v6-m/nofp/libg.a(libc_a-isattyr.o)
                0x1000a9f8                _isatty_r
 *(.fini)
 .fini          0x1000aa1c        0x4 /Applications/ArmGNUToolchain/13.2.Rel1/arm-none-eabi/bin/../lib/gcc/arm-none-eabi/13.2.1/thumb/v6-m/nofp/crti.o
                0x1000aa1c                _fini
 .fini.__stub   0x1000aa20       0x50 linker stubs
 *crtbegin.o(.ctors)
 *crtbegin?.o(.ctors)
 *(EXCLUDE_FILE(*crtend.o *crtend?.o) .ctors)
 *(SORT_BY_NAME(.ctors.*))
 *(.ctors)
 *crtbegin.o(.dtors)
 *crtbegin?.o(.dtors)
 *(EXCLUDE_FILE(*crtend.o *crtend?.o) .dtors)
 *(SORT_BY_NAME(.dtors.*))
 *(.dtors)
 *(.eh_frame*)
 .eh_frame      0x1000aa70        0x0 /Applications/ArmGNUToolchain/13.2.Rel1/arm-none-eabi/bin/../lib/gcc/arm-none-eabi/13.2.1/thumb/v6-m/nofp/crtbegin.o
                0x1000aa70                        . = ALIGN (0x4)

.glue_7         0x1000aa70        0x0
 .glue_7        0x1000aa70        0x0 linker stubs

.glue_7t        0x1000aa70        0x0
 .glue_7t       0x1000aa70        0x0 linker stubs

.vfp11_veneer   0x1000aa70        0x0
 .vfp11_veneer  0x1000aa70        0x0 linker stubs

.v4_bx          0x1000aa70        0x0
 .v4_bx         0x1000aa70        0x0 linker stubs

.iplt           0x1000aa70        0x0
 .iplt          0x1000aa70        0x0 /Applications/ArmGNUToolchain/13.2.Rel1/arm-none-eabi/bin/../lib/gcc/arm-none-eabi/13.2.1/thumb/v6-m/nofp/crtbegin.o

.rodata         0x1000aa70     0x8588
 *(EXCLUDE_FILE(*libm.a: *libc.a:*lib_a-mem*.o *libgcc.a:) .rodata*)
 .rodata.print.str1.4
                0x1000aa70      0xdee CMakeFiles/imu.dir/mpu6050.c.obj
                                 0xa9 (size before relaxing)
 .rodata.main.str1.4
                0x1000b85e       0x16 CMakeFiles/imu.dir/mpu6050.c.obj
 .rodata.resolve_branch.str1.4
                0x1000b85e       0x61 CMakeFiles/imu.dir/Users/SeanChneg/Desktop/Pico/pico-sdk/src/rp2_common/hardware_irq/irq.c.obj
 .rodata.make_branch.str1.4
                0x1000b85e       0x30 CMakeFiles/imu.dir/Users/SeanChneg/Desktop/Pico/pico-sdk/src/rp2_common/hardware_irq/irq.c.obj
 .rodata.insert_branch_and_link.str1.4
                0x1000b85e       0x10 CMakeFiles/imu.dir/Users/SeanChneg/Desktop/Pico/pico-sdk/src/rp2_common/hardware_irq/irq.c.obj
 .rodata.irq_set_exclusive_handler.str1.4
                0x1000b85e       0x36 CMakeFiles/imu.dir/Users/SeanChneg/Desktop/Pico/pico-sdk/src/rp2_common/hardware_irq/irq.c.obj
 .rodata.irq_remove_handler.str1.4
                0x1000b85e       0x3a CMakeFiles/imu.dir/Users/SeanChneg/Desktop/Pico/pico-sdk/src/rp2_common/hardware_irq/irq.c.obj
 .rodata.irq_add_tail_to_free_list.str1.4
                0x1000b85e       0x3a CMakeFiles/imu.dir/Users/SeanChneg/Desktop/Pico/pico-sdk/src/rp2_common/hardware_irq/irq.c.obj
 *fill*         0x1000b85e        0x2 
 .rodata.__func__.0
                0x1000b860       0x1a CMakeFiles/imu.dir/Users/SeanChneg/Desktop/Pico/pico-sdk/src/rp2_common/hardware_irq/irq.c.obj
 *fill*         0x1000b87a        0x2 
 .rodata.__func__.1
                0x1000b87c       0x17 CMakeFiles/imu.dir/Users/SeanChneg/Desktop/Pico/pico-sdk/src/rp2_common/hardware_irq/irq.c.obj
 *fill*         0x1000b893        0x1 
 .rodata.__func__.2
                0x1000b894       0x13 CMakeFiles/imu.dir/Users/SeanChneg/Desktop/Pico/pico-sdk/src/rp2_common/hardware_irq/irq.c.obj
 *fill*         0x1000b8a7        0x1 
 .rodata.__func__.3
                0x1000b8a8        0xc CMakeFiles/imu.dir/Users/SeanChneg/Desktop/Pico/pico-sdk/src/rp2_common/hardware_irq/irq.c.obj
 .rodata.__func__.4
                0x1000b8b4        0xf CMakeFiles/imu.dir/Users/SeanChneg/Desktop/Pico/pico-sdk/src/rp2_common/hardware_irq/irq.c.obj
 *fill*         0x1000b8c3        0x1 
 .rodata.__func__.6
                0x1000b8c4       0x1a CMakeFiles/imu.dir/Users/SeanChneg/Desktop/Pico/pico-sdk/src/rp2_common/hardware_irq/irq.c.obj
 .rodata.str1.4
                0x1000b8de       0x95 CMakeFiles/imu.dir/Users/SeanChneg/Desktop/Pico/pico-sdk/src/common/pico_sync/mutex.c.obj
 *fill*         0x1000b8de        0x2 
 .rodata.__func__.1
                0x1000b8e0        0xb CMakeFiles/imu.dir/Users/SeanChneg/Desktop/Pico/pico-sdk/src/common/pico_sync/mutex.c.obj
 *fill*         0x1000b8eb        0x1 
 .rodata.__func__.3
                0x1000b8ec       0x18 CMakeFiles/imu.dir/Users/SeanChneg/Desktop/Pico/pico-sdk/src/common/pico_sync/mutex.c.obj
 .rodata.get_entry.str1.4
                0x1000b904       0x67 CMakeFiles/imu.dir/Users/SeanChneg/Desktop/Pico/pico-sdk/src/common/pico_time/time.c.obj
 .rodata.update_us_since_boot.str1.4
                0x1000b904       0x6d CMakeFiles/imu.dir/Users/SeanChneg/Desktop/Pico/pico-sdk/src/common/pico_time/time.c.obj
 .rodata.ph_get_node.str1.4
                0x1000b904       0x72 CMakeFiles/imu.dir/Users/SeanChneg/Desktop/Pico/pico-sdk/src/common/pico_time/time.c.obj
 .rodata.ph_add_child_node.str1.4
                0x1000b904       0x2e CMakeFiles/imu.dir/Users/SeanChneg/Desktop/Pico/pico-sdk/src/common/pico_time/time.c.obj
 .rodata.ph_insert_node.str1.4
                0x1000b904        0x3 CMakeFiles/imu.dir/Users/SeanChneg/Desktop/Pico/pico-sdk/src/common/pico_time/time.c.obj
 .rodata.ph_free_node.str1.4
                0x1000b904       0x38 CMakeFiles/imu.dir/Users/SeanChneg/Desktop/Pico/pico-sdk/src/common/pico_time/time.c.obj
 .rodata.add_alarm_under_lock.str1.4
                0x1000b904       0x28 CMakeFiles/imu.dir/Users/SeanChneg/Desktop/Pico/pico-sdk/src/common/pico_time/time.c.obj
 .rodata.alarm_pool_alarm_callback.str1.4
                0x1000b904       0x60 CMakeFiles/imu.dir/Users/SeanChneg/Desktop/Pico/pico-sdk/src/common/pico_time/time.c.obj
 .rodata.alarm_pool_get_default.str1.4
                0x1000b904       0x21 CMakeFiles/imu.dir/Users/SeanChneg/Desktop/Pico/pico-sdk/src/common/pico_time/time.c.obj
 .rodata.alarm_pool_cancel_alarm.str1.4
                0x1000b904       0x27 CMakeFiles/imu.dir/Users/SeanChneg/Desktop/Pico/pico-sdk/src/common/pico_time/time.c.obj
 .rodata.sleep_until.str1.4
                0x1000b904       0x4d CMakeFiles/imu.dir/Users/SeanChneg/Desktop/Pico/pico-sdk/src/common/pico_time/time.c.obj
 .rodata.__func__.1
                0x1000b904       0x18 CMakeFiles/imu.dir/Users/SeanChneg/Desktop/Pico/pico-sdk/src/common/pico_time/time.c.obj
 .rodata.__func__.3
                0x1000b91c       0x17 CMakeFiles/imu.dir/Users/SeanChneg/Desktop/Pico/pico-sdk/src/common/pico_time/time.c.obj
 *fill*         0x1000b933        0x1 
 .rodata.__func__.4
                0x1000b934       0x12 CMakeFiles/imu.dir/Users/SeanChneg/Desktop/Pico/pico-sdk/src/common/pico_time/time.c.obj
 *fill*         0x1000b946        0x2 
 .rodata.__func__.5
                0x1000b948        0xd CMakeFiles/imu.dir/Users/SeanChneg/Desktop/Pico/pico-sdk/src/common/pico_time/time.c.obj
 *fill*         0x1000b955        0x3 
 .rodata.__func__.6
                0x1000b958       0x12 CMakeFiles/imu.dir/Users/SeanChneg/Desktop/Pico/pico-sdk/src/common/pico_time/time.c.obj
 *fill*         0x1000b96a        0x2 
 .rodata.__func__.7
                0x1000b96c        0xf CMakeFiles/imu.dir/Users/SeanChneg/Desktop/Pico/pico-sdk/src/common/pico_time/time.c.obj
 *fill*         0x1000b97b        0x1 
 .rodata.__func__.8
                0x1000b97c        0xc CMakeFiles/imu.dir/Users/SeanChneg/Desktop/Pico/pico-sdk/src/common/pico_time/time.c.obj
 .rodata.__func__.9
                0x1000b988       0x15 CMakeFiles/imu.dir/Users/SeanChneg/Desktop/Pico/pico-sdk/src/common/pico_time/time.c.obj
 *fill*         0x1000b99d        0x3 
 .rodata.__func__.10
                0x1000b9a0       0x15 CMakeFiles/imu.dir/Users/SeanChneg/Desktop/Pico/pico-sdk/src/common/pico_time/time.c.obj
 *fill*         0x1000b9b5        0x3 
 .rodata.__func__.11
                0x1000b9b8       0x1a CMakeFiles/imu.dir/Users/SeanChneg/Desktop/Pico/pico-sdk/src/common/pico_time/time.c.obj
 *fill*         0x1000b9d2        0x2 
 .rodata.__func__.12
                0x1000b9d4        0xa CMakeFiles/imu.dir/Users/SeanChneg/Desktop/Pico/pico-sdk/src/common/pico_time/time.c.obj
 *fill*         0x1000b9de        0x2 
 .rodata.at_the_end_of_time
                0x1000b9e0        0x8 CMakeFiles/imu.dir/Users/SeanChneg/Desktop/Pico/pico-sdk/src/common/pico_time/time.c.obj
                0x1000b9e0                at_the_end_of_time
 .rodata.update_us_since_boot.str1.4
                0x1000b9e8       0x6d CMakeFiles/imu.dir/Users/SeanChneg/Desktop/Pico/pico-sdk/src/rp2_common/hardware_timer/timer.c.obj
 .rodata.hardware_alarm_claim.str1.4
                0x1000b9e8       0x22 CMakeFiles/imu.dir/Users/SeanChneg/Desktop/Pico/pico-sdk/src/rp2_common/hardware_timer/timer.c.obj
 .rodata.hardware_alarm_set_target.str1.4
                0x1000b9e8       0x71 CMakeFiles/imu.dir/Users/SeanChneg/Desktop/Pico/pico-sdk/src/rp2_common/hardware_timer/timer.c.obj
 .rodata.__func__.0
                0x1000b9e8       0x1a CMakeFiles/imu.dir/Users/SeanChneg/Desktop/Pico/pico-sdk/src/rp2_common/hardware_timer/timer.c.obj
 *fill*         0x1000ba02        0x2 
 .rodata.__func__.1
                0x1000ba04       0x15 CMakeFiles/imu.dir/Users/SeanChneg/Desktop/Pico/pico-sdk/src/rp2_common/hardware_timer/timer.c.obj
 .rodata.ph_get_node.str1.4
                0x1000ba19       0x72 CMakeFiles/imu.dir/Users/SeanChneg/Desktop/Pico/pico-sdk/src/common/pico_util/pheap.c.obj
 .rodata.ph_add_child_node.str1.4
                0x1000ba19       0x2e CMakeFiles/imu.dir/Users/SeanChneg/Desktop/Pico/pico-sdk/src/common/pico_util/pheap.c.obj
 .rodata.ph_remove_any_head.str1.4
                0x1000ba19       0xac CMakeFiles/imu.dir/Users/SeanChneg/Desktop/Pico/pico-sdk/src/common/pico_util/pheap.c.obj
 .rodata.ph_remove_and_free_node.str1.4
                0x1000ba19       0x26 CMakeFiles/imu.dir/Users/SeanChneg/Desktop/Pico/pico-sdk/src/common/pico_util/pheap.c.obj
 *fill*         0x1000ba19        0x3 
 .rodata.__func__.0
                0x1000ba1c       0x18 CMakeFiles/imu.dir/Users/SeanChneg/Desktop/Pico/pico-sdk/src/common/pico_util/pheap.c.obj
 .rodata.__func__.1
                0x1000ba34       0x13 CMakeFiles/imu.dir/Users/SeanChneg/Desktop/Pico/pico-sdk/src/common/pico_util/pheap.c.obj
 *fill*         0x1000ba47        0x1 
 .rodata.__func__.2
                0x1000ba48       0x12 CMakeFiles/imu.dir/Users/SeanChneg/Desktop/Pico/pico-sdk/src/common/pico_util/pheap.c.obj
 *fill*         0x1000ba5a        0x2 
 .rodata.__func__.3
                0x1000ba5c        0xc CMakeFiles/imu.dir/Users/SeanChneg/Desktop/Pico/pico-sdk/src/common/pico_util/pheap.c.obj
 .rodata.clock_configure.str1.4
                0x1000ba68       0x63 CMakeFiles/imu.dir/Users/SeanChneg/Desktop/Pico/pico-sdk/src/rp2_common/hardware_clocks/clocks.c.obj
 .rodata.__func__.1
                0x1000ba68       0x10 CMakeFiles/imu.dir/Users/SeanChneg/Desktop/Pico/pico-sdk/src/rp2_common/hardware_clocks/clocks.c.obj
 .rodata.pll_init.str1.4
                0x1000ba78      0x130 CMakeFiles/imu.dir/Users/SeanChneg/Desktop/Pico/pico-sdk/src/rp2_common/hardware_pll/pll.c.obj
 .rodata.__func__.0
                0x1000ba78        0x9 CMakeFiles/imu.dir/Users/SeanChneg/Desktop/Pico/pico-sdk/src/rp2_common/hardware_pll/pll.c.obj
 .rodata.__assert_func.str1.4
                0x1000ba81       0x43 CMakeFiles/imu.dir/Users/SeanChneg/Desktop/Pico/pico-sdk/src/rp2_common/pico_runtime/runtime.c.obj
 .rodata.runtime_init.str1.4
                0x1000ba81       0x6d CMakeFiles/imu.dir/Users/SeanChneg/Desktop/Pico/pico-sdk/src/rp2_common/pico_runtime/runtime.c.obj
 .rodata.panic.str1.4
                0x1000ba81       0x12 CMakeFiles/imu.dir/Users/SeanChneg/Desktop/Pico/pico-sdk/src/rp2_common/pico_runtime/runtime.c.obj
 *fill*         0x1000ba81        0x3 
 .rodata.__func__.2
                0x1000ba84        0xd CMakeFiles/imu.dir/Users/SeanChneg/Desktop/Pico/pico-sdk/src/rp2_common/pico_runtime/runtime.c.obj
 .rodata._ftoa.str1.4
                0x1000ba91       0x15 CMakeFiles/imu.dir/Users/SeanChneg/Desktop/Pico/pico-sdk/src/rp2_common/pico_printf/printf.c.obj
 *fill*         0x1000ba91        0x3 
 .rodata._vsnprintf
                0x1000ba94      0x19c CMakeFiles/imu.dir/Users/SeanChneg/Desktop/Pico/pico-sdk/src/rp2_common/pico_printf/printf.c.obj
 .rodata.pow10.0
                0x1000bc30       0x50 CMakeFiles/imu.dir/Users/SeanChneg/Desktop/Pico/pico-sdk/src/rp2_common/pico_printf/printf.c.obj
 .rodata.__aeabi_double_init.str1.4
                0x1000bc80       0xa8 CMakeFiles/imu.dir/Users/SeanChneg/Desktop/Pico/pico-sdk/src/rp2_common/pico_double/double_init_rom.c.obj
 .rodata.__func__.0
                0x1000bc80       0x14 CMakeFiles/imu.dir/Users/SeanChneg/Desktop/Pico/pico-sdk/src/rp2_common/pico_double/double_init_rom.c.obj
 .rodata.__aeabi_float_init.str1.4
                0x1000bc94       0x8a CMakeFiles/imu.dir/Users/SeanChneg/Desktop/Pico/pico-sdk/src/rp2_common/pico_float/float_init_rom.c.obj
 .rodata.__func__.0
                0x1000bc94       0x13 CMakeFiles/imu.dir/Users/SeanChneg/Desktop/Pico/pico-sdk/src/rp2_common/pico_float/float_init_rom.c.obj
 .rodata.check_alloc.str1.4
                0x1000bca7        0xe CMakeFiles/imu.dir/Users/SeanChneg/Desktop/Pico/pico-sdk/src/rp2_common/pico_malloc/pico_malloc.c.obj
 .rodata.str1.4
                0x1000bca7       0x38 CMakeFiles/imu.dir/Users/SeanChneg/Desktop/Pico/pico-sdk/src/rp2_common/pico_standard_link/binary_info.c.obj
 *fill*         0x1000bca7        0x1 
 .rodata.__bi_81
                0x1000bca8        0xc CMakeFiles/imu.dir/Users/SeanChneg/Desktop/Pico/pico-sdk/src/rp2_common/pico_standard_link/binary_info.c.obj
 .rodata.__bi_75
                0x1000bcb4        0xc CMakeFiles/imu.dir/Users/SeanChneg/Desktop/Pico/pico-sdk/src/rp2_common/pico_standard_link/binary_info.c.obj
 .rodata.__bi_44
                0x1000bcc0        0xc CMakeFiles/imu.dir/Users/SeanChneg/Desktop/Pico/pico-sdk/src/rp2_common/pico_standard_link/binary_info.c.obj
 .rodata.update_us_since_boot.str1.4
                0x1000bccc       0x6d CMakeFiles/imu.dir/Users/SeanChneg/Desktop/Pico/pico-sdk/src/rp2_common/pico_stdio/stdio.c.obj
 .rodata.crlf_str.2
                0x1000bccc        0x2 CMakeFiles/imu.dir/Users/SeanChneg/Desktop/Pico/pico-sdk/src/rp2_common/pico_stdio/stdio.c.obj
 *fill*         0x1000bcce        0x2 
 .rodata.__func__.3
                0x1000bcd0       0x15 CMakeFiles/imu.dir/Users/SeanChneg/Desktop/Pico/pico-sdk/src/rp2_common/pico_stdio/stdio.c.obj
 .rodata.str1.4
                0x1000bce5      0x166 CMakeFiles/imu.dir/Users/SeanChneg/Desktop/Pico/pico-sdk/src/rp2_common/hardware_flash/flash.c.obj
 *fill*         0x1000bce5        0x3 
 .rodata.__func__.0
                0x1000bce8        0xd CMakeFiles/imu.dir/Users/SeanChneg/Desktop/Pico/pico-sdk/src/rp2_common/hardware_flash/flash.c.obj
 .rodata.i2c_set_baudrate.str1.4
                0x1000bcf5       0x69 CMakeFiles/imu.dir/Users/SeanChneg/Desktop/Pico/pico-sdk/src/rp2_common/hardware_i2c/i2c.c.obj
 *fill*         0x1000bcf5        0x3 
 .rodata.__func__.0
                0x1000bcf8       0x11 CMakeFiles/imu.dir/Users/SeanChneg/Desktop/Pico/pico-sdk/src/rp2_common/hardware_i2c/i2c.c.obj
 .rodata.str1.4
                0x1000bd09        0x4 CMakeFiles/imu.dir/Users/SeanChneg/Desktop/Pico/pico-sdk/lib/tinyusb/hw/bsp/rp2040/family.c.obj
 *fill*         0x1000bd09        0x3 
 .rodata.__bi_142.0
                0x1000bd0c        0xc CMakeFiles/imu.dir/Users/SeanChneg/Desktop/Pico/pico-sdk/lib/tinyusb/hw/bsp/rp2040/family.c.obj
 .rodata.__svfscanf_r.str1.4
                0x1000bd18        0x9 /Applications/ArmGNUToolchain/13.2.Rel1/arm-none-eabi/bin/../lib/gcc/arm-none-eabi/13.2.1/../../../../arm-none-eabi/lib/thumb/v6-m/nofp/libg.a(libc_a-vfscanf.o)
 .rodata.__svfscanf_r
                0x1000bd18      0x3cc /Applications/ArmGNUToolchain/13.2.Rel1/arm-none-eabi/bin/../lib/gcc/arm-none-eabi/13.2.1/../../../../arm-none-eabi/lib/thumb/v6-m/nofp/libg.a(libc_a-vfscanf.o)
 .rodata.basefix.0
                0x1000c0e4       0x22 /Applications/ArmGNUToolchain/13.2.Rel1/arm-none-eabi/bin/../lib/gcc/arm-none-eabi/13.2.1/../../../../arm-none-eabi/lib/thumb/v6-m/nofp/libg.a(libc_a-vfscanf.o)
 .rodata._strtod_l.str1.4
                0x1000c106       0x15 /Applications/ArmGNUToolchain/13.2.Rel1/arm-none-eabi/bin/../lib/gcc/arm-none-eabi/13.2.1/../../../../arm-none-eabi/lib/thumb/v6-m/nofp/libg.a(libc_a-strtod.o)
 *fill*         0x1000c106        0x2 
 .rodata._strtod_l
                0x1000c108       0xd0 /Applications/ArmGNUToolchain/13.2.Rel1/arm-none-eabi/bin/../lib/gcc/arm-none-eabi/13.2.1/../../../../arm-none-eabi/lib/thumb/v6-m/nofp/libg.a(libc_a-strtod.o)
 .rodata.fpinan.0
                0x1000c1d8       0x14 /Applications/ArmGNUToolchain/13.2.Rel1/arm-none-eabi/bin/../lib/gcc/arm-none-eabi/13.2.1/../../../../arm-none-eabi/lib/thumb/v6-m/nofp/libg.a(libc_a-strtod.o)
 .rodata.fpi.1  0x1000c1ec       0x14 /Applications/ArmGNUToolchain/13.2.Rel1/arm-none-eabi/bin/../lib/gcc/arm-none-eabi/13.2.1/../../../../arm-none-eabi/lib/thumb/v6-m/nofp/libg.a(libc_a-strtod.o)
 .rodata.tinytens
                0x1000c200       0x28 /Applications/ArmGNUToolchain/13.2.Rel1/arm-none-eabi/bin/../lib/gcc/arm-none-eabi/13.2.1/../../../../arm-none-eabi/lib/thumb/v6-m/nofp/libg.a(libc_a-strtod.o)
 .rodata.str1.4
                0x1000c228       0x4c /Applications/ArmGNUToolchain/13.2.Rel1/arm-none-eabi/bin/../lib/gcc/arm-none-eabi/13.2.1/../../../../arm-none-eabi/lib/thumb/v6-m/nofp/libg.a(libc_a-locale.o)
 .rodata._mbrtowc_r.str1.4
                0x1000c228        0x1 /Applications/ArmGNUToolchain/13.2.Rel1/arm-none-eabi/bin/../lib/gcc/arm-none-eabi/13.2.1/../../../../arm-none-eabi/lib/thumb/v6-m/nofp/libg.a(libc_a-mbrtowc.o)
 .rodata._ctype_
                0x1000c228      0x101 /Applications/ArmGNUToolchain/13.2.Rel1/arm-none-eabi/bin/../lib/gcc/arm-none-eabi/13.2.1/../../../../arm-none-eabi/lib/thumb/v6-m/nofp/libg.a(libc_a-ctype_.o)
                0x1000c228                _ctype_
 *fill*         0x1000c329        0x3 
 .rodata.__jp2uc
                0x1000c32c       0x20 /Applications/ArmGNUToolchain/13.2.Rel1/arm-none-eabi/bin/../lib/gcc/arm-none-eabi/13.2.1/../../../../arm-none-eabi/lib/thumb/v6-m/nofp/libg.a(libc_a-jp2uc.o)
 .rodata._jp2uc_l.str1.4
                0x1000c34c       0x12 /Applications/ArmGNUToolchain/13.2.Rel1/arm-none-eabi/bin/../lib/gcc/arm-none-eabi/13.2.1/../../../../arm-none-eabi/lib/thumb/v6-m/nofp/libg.a(libc_a-jp2uc.o)
 .rodata.d02f4  0x1000c34c     0x1a7c /Applications/ArmGNUToolchain/13.2.Rel1/arm-none-eabi/bin/../lib/gcc/arm-none-eabi/13.2.1/../../../../arm-none-eabi/lib/thumb/v6-m/nofp/libg.a(libc_a-jp2uc.o)
 .rodata.b02cf  0x1000ddc8     0x172a /Applications/ArmGNUToolchain/13.2.Rel1/arm-none-eabi/bin/../lib/gcc/arm-none-eabi/13.2.1/../../../../arm-none-eabi/lib/thumb/v6-m/nofp/libg.a(libc_a-jp2uc.o)
 *fill*         0x1000f4f2        0x2 
 .rodata.a8     0x1000f4f4       0x40 /Applications/ArmGNUToolchain/13.2.Rel1/arm-none-eabi/bin/../lib/gcc/arm-none-eabi/13.2.1/../../../../arm-none-eabi/lib/thumb/v6-m/nofp/libg.a(libc_a-jp2uc.o)
 .rodata.a7     0x1000f534       0xa2 /Applications/ArmGNUToolchain/13.2.Rel1/arm-none-eabi/bin/../lib/gcc/arm-none-eabi/13.2.1/../../../../arm-none-eabi/lib/thumb/v6-m/nofp/libg.a(libc_a-jp2uc.o)
 *fill*         0x1000f5d6        0x2 
 .rodata.a6     0x1000f5d8       0x70 /Applications/ArmGNUToolchain/13.2.Rel1/arm-none-eabi/bin/../lib/gcc/arm-none-eabi/13.2.1/../../../../arm-none-eabi/lib/thumb/v6-m/nofp/libg.a(libc_a-jp2uc.o)
 .rodata.a3     0x1000f648       0x5b /Applications/ArmGNUToolchain/13.2.Rel1/arm-none-eabi/bin/../lib/gcc/arm-none-eabi/13.2.1/../../../../arm-none-eabi/lib/thumb/v6-m/nofp/libg.a(libc_a-jp2uc.o)
 *fill*         0x1000f6a3        0x1 
 .rodata.a2     0x1000f6a4       0xbc /Applications/ArmGNUToolchain/13.2.Rel1/arm-none-eabi/bin/../lib/gcc/arm-none-eabi/13.2.1/../../../../arm-none-eabi/lib/thumb/v6-m/nofp/libg.a(libc_a-jp2uc.o)
 .rodata.a1     0x1000f760       0xbc /Applications/ArmGNUToolchain/13.2.Rel1/arm-none-eabi/bin/../lib/gcc/arm-none-eabi/13.2.1/../../../../arm-none-eabi/lib/thumb/v6-m/nofp/libg.a(libc_a-jp2uc.o)
 .rodata.categories
                0x1000f81c     0x35dc /Applications/ArmGNUToolchain/13.2.Rel1/arm-none-eabi/bin/../lib/gcc/arm-none-eabi/13.2.1/../../../../arm-none-eabi/lib/thumb/v6-m/nofp/libg.a(libc_a-categories.o)
 .rodata.__gethex.str1.4
                0x10012df8       0x81 /Applications/ArmGNUToolchain/13.2.Rel1/arm-none-eabi/bin/../lib/gcc/arm-none-eabi/13.2.1/../../../../arm-none-eabi/lib/thumb/v6-m/nofp/libg.a(libc_a-gdtoa-gethex.o)
 .rodata.__hexdig
                0x10012df8      0x100 /Applications/ArmGNUToolchain/13.2.Rel1/arm-none-eabi/bin/../lib/gcc/arm-none-eabi/13.2.1/../../../../arm-none-eabi/lib/thumb/v6-m/nofp/libg.a(libc_a-gdtoa-gethex.o)
                0x10012df8                __hexdig
 .rodata.__multadd.str1.4
                0x10012ef8       0x76 /Applications/ArmGNUToolchain/13.2.Rel1/arm-none-eabi/bin/../lib/gcc/arm-none-eabi/13.2.1/../../../../arm-none-eabi/lib/thumb/v6-m/nofp/libg.a(libc_a-mprec.o)
 .rodata.p05.0  0x10012ef8        0xc /Applications/ArmGNUToolchain/13.2.Rel1/arm-none-eabi/bin/../lib/gcc/arm-none-eabi/13.2.1/../../../../arm-none-eabi/lib/thumb/v6-m/nofp/libg.a(libc_a-mprec.o)
 *fill*         0x10012f04        0x4 
 .rodata.__mprec_bigtens
                0x10012f08       0x28 /Applications/ArmGNUToolchain/13.2.Rel1/arm-none-eabi/bin/../lib/gcc/arm-none-eabi/13.2.1/../../../../arm-none-eabi/lib/thumb/v6-m/nofp/libg.a(libc_a-mprec.o)
                0x10012f08                __mprec_bigtens
 .rodata.__mprec_tens
                0x10012f30       0xc8 /Applications/ArmGNUToolchain/13.2.Rel1/arm-none-eabi/bin/../lib/gcc/arm-none-eabi/13.2.1/../../../../arm-none-eabi/lib/thumb/v6-m/nofp/libg.a(libc_a-mprec.o)
                0x10012f30                __mprec_tens
                0x10012ff8                        . = ALIGN (0x4)
 *(SORT_BY_ALIGNMENT(SORT_BY_NAME(.flashdata*)))
                0x10012ff8                        . = ALIGN (0x4)

.ARM.extab
 *(.ARM.extab* .gnu.linkonce.armextab.*)
                0x10012ff8                        __exidx_start = .

.ARM.exidx
 *(.ARM.exidx* .gnu.linkonce.armexidx.*)
                0x10012ff8                        __exidx_end = .
                0x10012ff8                        . = ALIGN (0x4)
                0x10012ff8                        __binary_info_start = .

.binary_info    0x10012ff8       0x20
 *(.binary_info.keep.*)
 .binary_info.keep.__bi_ptr81
                0x10012ff8        0x4 CMakeFiles/imu.dir/Users/SeanChneg/Desktop/Pico/pico-sdk/src/rp2_common/pico_standard_link/binary_info.c.obj
 .binary_info.keep.__bi_ptr75
                0x10012ffc        0x4 CMakeFiles/imu.dir/Users/SeanChneg/Desktop/Pico/pico-sdk/src/rp2_common/pico_standard_link/binary_info.c.obj
 .binary_info.keep.__bi_ptr50
                0x10013000        0x4 CMakeFiles/imu.dir/Users/SeanChneg/Desktop/Pico/pico-sdk/src/rp2_common/pico_standard_link/binary_info.c.obj
 .binary_info.keep.__bi_ptr44
                0x10013004        0x4 CMakeFiles/imu.dir/Users/SeanChneg/Desktop/Pico/pico-sdk/src/rp2_common/pico_standard_link/binary_info.c.obj
 .binary_info.keep.__bi_ptr38
                0x10013008        0x4 CMakeFiles/imu.dir/Users/SeanChneg/Desktop/Pico/pico-sdk/src/rp2_common/pico_standard_link/binary_info.c.obj
 .binary_info.keep.__bi_ptr30
                0x1001300c        0x4 CMakeFiles/imu.dir/Users/SeanChneg/Desktop/Pico/pico-sdk/src/rp2_common/pico_standard_link/binary_info.c.obj
 .binary_info.keep.__bi_ptr22
                0x10013010        0x4 CMakeFiles/imu.dir/Users/SeanChneg/Desktop/Pico/pico-sdk/src/rp2_common/pico_standard_link/binary_info.c.obj
 .binary_info.keep.__bi_ptr142
                0x10013014        0x4 CMakeFiles/imu.dir/Users/SeanChneg/Desktop/Pico/pico-sdk/lib/tinyusb/hw/bsp/rp2040/family.c.obj
 *(.binary_info.*)
                0x10013018                        __binary_info_end = .

.rel.dyn        0x10013018        0x0
 .rel.iplt      0x10013018        0x0 /Applications/ArmGNUToolchain/13.2.Rel1/arm-none-eabi/bin/../lib/gcc/arm-none-eabi/13.2.1/thumb/v6-m/nofp/crtbegin.o
                0x10013018                        . = ALIGN (0x4)

.ram_vector_table
                0x20000000       0xc0
 *(.ram_vector_table)
 .ram_vector_table
                0x20000000       0xc0 CMakeFiles/imu.dir/Users/SeanChneg/Desktop/Pico/pico-sdk/src/rp2_common/pico_runtime/runtime.c.obj
                0x20000000                ram_vector_table

.data           0x200000c0      0xa28 load address 0x10013018
                0x200000c0                        __data_start__ = .
 *(vtable)
 *(.time_critical*)
 .time_critical.mutex_try_enter
                0x200000c0       0x46 CMakeFiles/imu.dir/Users/SeanChneg/Desktop/Pico/pico-sdk/src/common/pico_sync/mutex.c.obj
                0x200000c0                mutex_try_enter
 *fill*         0x20000106        0x2 
 .time_critical.mutex_enter_block_until
                0x20000108       0x8c CMakeFiles/imu.dir/Users/SeanChneg/Desktop/Pico/pico-sdk/src/common/pico_sync/mutex.c.obj
                0x20000108                mutex_enter_block_until
 .time_critical.mutex_try_enter_block_until
                0x20000194       0x34 CMakeFiles/imu.dir/Users/SeanChneg/Desktop/Pico/pico-sdk/src/common/pico_sync/mutex.c.obj
                0x20000194                mutex_try_enter_block_until
 .time_critical.mutex_exit
                0x200001c8       0x4c CMakeFiles/imu.dir/Users/SeanChneg/Desktop/Pico/pico-sdk/src/common/pico_sync/mutex.c.obj
                0x200001c8                mutex_exit
 .time_critical.flash_init_boot2_copyout
                0x20000214       0x30 CMakeFiles/imu.dir/Users/SeanChneg/Desktop/Pico/pico-sdk/src/rp2_common/hardware_flash/flash.c.obj
 .time_critical.flash_enable_xip_via_boot2
                0x20000244        0xc CMakeFiles/imu.dir/Users/SeanChneg/Desktop/Pico/pico-sdk/src/rp2_common/hardware_flash/flash.c.obj
 .time_critical.flash_cs_force