Archive member included to satisfy reference by file (symbol)

/Applications/ArmGNUToolchain/13.2.Rel1/arm-none-eabi/bin/../lib/gcc/arm-none-eabi/13.2.1/thumb/v6-m/nofp/libgcc.a(_dvmd_tls.o)
                              CMakeFiles/print.dir/Users/SeanChneg/Desktop/Pico/pico-sdk/src/rp2_common/pico_divider/divider.S.obj (__aeabi_idiv0)
/Applications/ArmGNUToolchain/13.2.Rel1/arm-none-eabi/bin/../lib/gcc/arm-none-eabi/13.2.1/../../../../arm-none-eabi/lib/thumb/v6-m/nofp/libg.a(libc_a-calloc.o)
                              CMakeFiles/print.dir/Users/SeanChneg/Desktop/Pico/pico-sdk/src/rp2_common/pico_malloc/pico_malloc.c.obj (calloc)
/Applications/ArmGNUToolchain/13.2.Rel1/arm-none-eabi/bin/../lib/gcc/arm-none-eabi/13.2.1/../../../../arm-none-eabi/lib/thumb/v6-m/nofp/libg.a(libc_a-callocr.o)
                              /Applications/ArmGNUToolchain/13.2.Rel1/arm-none-eabi/bin/../lib/gcc/arm-none-eabi/13.2.1/../../../../arm-none-eabi/lib/thumb/v6-m/nofp/libg.a(libc_a-calloc.o) (_calloc_r)
/Applications/ArmGNUToolchain/13.2.Rel1/arm-none-eabi/bin/../lib/gcc/arm-none-eabi/13.2.1/../../../../arm-none-eabi/lib/thumb/v6-m/nofp/libg.a(libc_a-malloc.o)
                              CMakeFiles/print.dir/Users/SeanChneg/Desktop/Pico/pico-sdk/src/rp2_common/pico_malloc/pico_malloc.c.obj (malloc)
/Applications/ArmGNUToolchain/13.2.Rel1/arm-none-eabi/bin/../lib/gcc/arm-none-eabi/13.2.1/../../../../arm-none-eabi/lib/thumb/v6-m/nofp/libg.a(libc_a-mallocr.o)
                              /Applications/ArmGNUToolchain/13.2.Rel1/arm-none-eabi/bin/../lib/gcc/arm-none-eabi/13.2.1/../../../../arm-none-eabi/lib/thumb/v6-m/nofp/libg.a(libc_a-callocr.o) (_malloc_r)
/Applications/ArmGNUToolchain/13.2.Rel1/arm-none-eabi/bin/../lib/gcc/arm-none-eabi/13.2.1/../../../../arm-none-eabi/lib/thumb/v6-m/nofp/libg.a(libc_a-mlock.o)
                              /Applications/ArmGNUToolchain/13.2.Rel1/arm-none-eabi/bin/../lib/gcc/arm-none-eabi/13.2.1/../../../../arm-none-eabi/lib/thumb/v6-m/nofp/libg.a(libc_a-mallocr.o) (__malloc_lock)
/Applications/ArmGNUToolchain/13.2.Rel1/arm-none-eabi/bin/../lib/gcc/arm-none-eabi/13.2.1/../../../../arm-none-eabi/lib/thumb/v6-m/nofp/libg.a(libc_a-realloc.o)
                              CMakeFiles/print.dir/Users/SeanChneg/Desktop/Pico/pico-sdk/src/rp2_common/pico_malloc/pico_malloc.c.obj (realloc)
/Applications/ArmGNUToolchain/13.2.Rel1/arm-none-eabi/bin/../lib/gcc/arm-none-eabi/13.2.1/../../../../arm-none-eabi/lib/thumb/v6-m/nofp/libg.a(libc_a-scanf.o)
                              CMakeFiles/print.dir/print.c.obj (scanf)
/Applications/ArmGNUToolchain/13.2.Rel1/arm-none-eabi/bin/../lib/gcc/arm-none-eabi/13.2.1/../../../../arm-none-eabi/lib/thumb/v6-m/nofp/libg.a(libc_a-reallocr.o)
                              /Applications/ArmGNUToolchain/13.2.Rel1/arm-none-eabi/bin/../lib/gcc/arm-none-eabi/13.2.1/../../../../arm-none-eabi/lib/thumb/v6-m/nofp/libg.a(libc_a-realloc.o) (_realloc_r)
/Applications/ArmGNUToolchain/13.2.Rel1/arm-none-eabi/bin/../lib/gcc/arm-none-eabi/13.2.1/../../../../arm-none-eabi/lib/thumb/v6-m/nofp/libg.a(libc_a-memmove.o)
                              /Applications/ArmGNUToolchain/13.2.Rel1/arm-none-eabi/bin/../lib/gcc/arm-none-eabi/13.2.1/../../../../arm-none-eabi/lib/thumb/v6-m/nofp/libg.a(libc_a-reallocr.o) (memmove)
/Applications/ArmGNUToolchain/13.2.Rel1/arm-none-eabi/bin/../lib/gcc/arm-none-eabi/13.2.1/../../../../arm-none-eabi/lib/thumb/v6-m/nofp/libg.a(libc_a-impure.o)
                              /Applications/ArmGNUToolchain/13.2.Rel1/arm-none-eabi/bin/../lib/gcc/arm-none-eabi/13.2.1/../../../../arm-none-eabi/lib/thumb/v6-m/nofp/libg.a(libc_a-calloc.o) (_impure_ptr)
/Applications/ArmGNUToolchain/13.2.Rel1/arm-none-eabi/bin/../lib/gcc/arm-none-eabi/13.2.1/../../../../arm-none-eabi/lib/thumb/v6-m/nofp/libg.a(libc_a-sbrkr.o)
                              /Applications/ArmGNUToolchain/13.2.Rel1/arm-none-eabi/bin/../lib/gcc/arm-none-eabi/13.2.1/../../../../arm-none-eabi/lib/thumb/v6-m/nofp/libg.a(libc_a-mallocr.o) (_sbrk_r)
/Applications/ArmGNUToolchain/13.2.Rel1/arm-none-eabi/bin/../lib/gcc/arm-none-eabi/13.2.1/../../../../arm-none-eabi/lib/thumb/v6-m/nofp/libg.a(libc_a-errno.o)
                              /Applications/ArmGNUToolchain/13.2.Rel1/arm-none-eabi/bin/../lib/gcc/arm-none-eabi/13.2.1/../../../../arm-none-eabi/lib/thumb/v6-m/nofp/libg.a(libc_a-callocr.o) (__errno)
/Applications/ArmGNUToolchain/13.2.Rel1/arm-none-eabi/bin/../lib/gcc/arm-none-eabi/13.2.1/../../../../arm-none-eabi/lib/thumb/v6-m/nofp/libg.a(libc_a-sysconf.o)
                              /Applications/ArmGNUToolchain/13.2.Rel1/arm-none-eabi/bin/../lib/gcc/arm-none-eabi/13.2.1/../../../../arm-none-eabi/lib/thumb/v6-m/nofp/libg.a(libc_a-mallocr.o) (sysconf)
/Applications/ArmGNUToolchain/13.2.Rel1/arm-none-eabi/bin/../lib/gcc/arm-none-eabi/13.2.1/../../../../arm-none-eabi/lib/thumb/v6-m/nofp/libg.a(libc_a-init.o)
[...]
Memory Configuration

Name             Origin             Length             Attributes
FLASH            0x10000000         0x00200000         xr
RAM              0x20000000         0x00040000         xrw
SCRATCH_X        0x20040000         0x00001000         xrw
SCRATCH_Y        0x20041000         0x00001000         xrw
*default*        0x00000000         0xffffffff

Linker script and memory map

LOAD /Applications/ArmGNUToolchain/13.2.Rel1/arm-none-eabi/bin/../lib/gcc/arm-none-eabi/13.2.1/thumb/v6-m/nofp/crti.o
LOAD /Applications/ArmGNUToolchain/13.2.Rel1/arm-none-eabi/bin/../lib/gcc/arm-none-eabi/13.2.1/thumb/v6-m/nofp/crtbegin.o
LOAD /Applications/ArmGNUToolchain/13.2.Rel1/arm-none-eabi/bin/../lib/gcc/arm-none-eabi/13.2.1/../../../../arm-none-eabi/lib/thumb/v6-m/nofp/crt0.o

.flash_begin    0x10000000        0x0
                0x10000000                        __flash_binary_start = .

.boot2          0x10000000      0x100
                0x10000000                        __boot2_start__ = .
 *(.boot2)
 .boot2         0x10000000      0x100 /var/folders/x7/nfx0zkgj7kb2snmzgwzsp7x00000gp/T//ccg5NWqA.o
                0x10000100                        __boot2_end__ = .
                0x00000001                        ASSERT (((__boot2_end__ - __boot2_start__) == 0x100), ERROR: Pico second stage bootloader must be 256 bytes in size)

.text           0x10000100     0xcf00
                0x10000100                        __logical_binary_start = .
 *(.vectors)
 .vectors       0x10000100       0xd4 CMakeFiles/print.dir/Users/SeanChneg/Desktop/Pico/pico-sdk/src/rp2_common/pico_standard_link/crt0.S.obj
                0x10000100                __VECTOR_TABLE
                0x10000100                __vectors
                0x100001c0                __default_isrs_start
                0x100001c0                isr_invalid
                0x100001c2                isr_nmi
                0x100001c4                isr_hardfault
                0x100001c6                isr_svcall
                0x100001c8                isr_pendsv
                0x100001ca                isr_systick
                0x100001cc                isr_irq28
                0x100001cc                isr_irq19
                0x100001cc                isr_irq0
                0x100001cc                isr_irq6
                0x100001cc                isr_irq22
                0x100001cc                isr_irq17
                0x100001cc                isr_irq14
                0x100001cc                isr_irq2
                0x100001cc                isr_irq10
                0x100001cc                isr_irq8
                0x100001cc                isr_irq24
                0x100001cc                isr_irq1
                0x100001cc                isr_irq7
                0x100001cc                isr_irq21
                0x100001cc                isr_irq20
                0x100001cc                isr_irq15
                0x100001cc                isr_irq25
                0x100001cc                isr_irq4
                0x100001cc                isr_irq16
                0x100001cc                isr_irq29
                0x100001cc                isr_irq26
                0x100001cc                __default_isrs_end
                0x100001cc                isr_irq3
                0x100001cc                isr_irq9
                0x100001cc                __unhandled_user_irq
                0x100001cc                isr_irq13
                0x100001cc                isr_irq27
                0x100001cc                isr_irq31
                0x100001cc                isr_irq5
                0x100001cc                isr_irq11
                0x100001cc                isr_irq23
                0x100001cc                isr_irq18
                0x100001cc                isr_irq30
                0x100001cc                isr_irq12
                0x100001d2                unhandled_user_irq_num_in_r0
 *(.binary_info_header)
 .binary_info_header
                0x100001d4       0x14 CMakeFiles/print.dir/Users/SeanChneg/Desktop/Pico/pico-sdk/src/rp2_common/pico_standard_link/crt0.S.obj
                0x100001e8                        __binary_info_header_end = .
 *(.reset)
 .reset         0x100001e8       0xa0 CMakeFiles/print.dir/Users/SeanChneg/Desktop/Pico/pico-sdk/src/rp2_common/pico_standard_link/crt0.S.obj
                0x100001e8                _entry_point
 .reset         0x10000288       0x30 CMakeFiles/print.dir/Users/SeanChneg/Desktop/Pico/pico-sdk/src/rp2_common/pico_standard_link/binary_info.c.obj
 *(.init)
 .init          0x100002b8        0x4 /Applications/ArmGNUToolchain/13.2.Rel1/arm-none-eabi/bin/../lib/gcc/arm-none-eabi/13.2.1/thumb/v6-m/nofp/crti.o
                0x100002b8                _init
 *(EXCLUDE_FILE(*libm.a: *libc.a:*lib_a-mem*.o *libgcc.a:) .text*)
 .text.register_tm_clones
                0x100002bc       0x28 /Applications/ArmGNUToolchain/13.2.Rel1/arm-none-eabi/bin/../lib/gcc/arm-none-eabi/13.2.1/thumb/v6-m/nofp/crtbegin.o
 .text.frame_dummy
                0x100002e4       0x24 /Applications/ArmGNUToolchain/13.2.Rel1/arm-none-eabi/bin/../lib/gcc/arm-none-eabi/13.2.1/thumb/v6-m/nofp/crtbegin.o
 .text.main     0x10000308       0x70 CMakeFiles/print.dir/print.c.obj
                0x10000308                main
 .text.gpio_set_function
                0x10000378       0x30 CMakeFiles/print.dir/Users/SeanChneg/Desktop/Pico/pico-sdk/src/rp2_common/hardware_gpio/gpio.c.obj
                0x10000378                gpio_set_function
 .text.gpio_init
                0x100003a8       0x16 CMakeFiles/print.dir/Users/SeanChneg/Desktop/Pico/pico-sdk/src/rp2_common/hardware_gpio/gpio.c.obj
                0x100003a8                gpio_init
 *fill*         0x100003be        0x2 
 .text.running_on_fpga
                0x100003c0       0x14 CMakeFiles/print.dir/Users/SeanChneg/Desktop/Pico/pico-sdk/src/rp2_common/pico_platform/platform.c.obj
                0x100003c0                running_on_fpga
 .text.hw_claim_lock
                0x100003d4       0x18 CMakeFiles/print.dir/Users/SeanChneg/Desktop/Pico/pico-sdk/src/rp2_common/hardware_claim/claim.c.obj
                0x100003d4                hw_claim_lock
 .text.hw_claim_unlock
                0x100003ec       0x14 CMakeFiles/print.dir/Users/SeanChneg/Desktop/Pico/pico-sdk/src/rp2_common/hardware_claim/claim.c.obj
                0x100003ec                hw_claim_unlock
 .text.hw_claim_or_assert
                0x10000400       0x32 CMakeFiles/print.dir/Users/SeanChneg/Desktop/Pico/pico-sdk/src/rp2_common/hardware_claim/claim.c.obj
                0x10000400                hw_claim_or_assert
 .text.hw_claim_unused_from_range
                0x10000432       0x50 CMakeFiles/print.dir/Users/SeanChneg/Desktop/Pico/pico-sdk/src/rp2_common/hardware_claim/claim.c.obj
                0x10000432                hw_claim_unused_from_range
 *fill*         0x10000482        0x2 
 .text.spin_locks_reset
                0x10000484       0x20 CMakeFiles/print.dir/Users/SeanChneg/Desktop/Pico/pico-sdk/src/rp2_common/hardware_sync/sync.c.obj
                0x10000484                spin_locks_reset
 .text.next_striped_spin_lock_num
                0x100004a4       0x1c CMakeFiles/print.dir/Users/SeanChneg/Desktop/Pico/pico-sdk/src/rp2_common/hardware_sync/sync.c.obj
                0x100004a4                next_striped_spin_lock_num
 .text.spin_lock_claim_unused
                0x100004c0       0x24 CMakeFiles/print.dir/Users/SeanChneg/Desktop/Pico/pico-sdk/src/rp2_common/hardware_sync/sync.c.obj
                0x100004c0                spin_lock_claim_unused
 .text.set_raw_irq_handler_and_unlock
                0x100004e4       0x28 CMakeFiles/print.dir/Users/SeanChneg/Desktop/Pico/pico-sdk/src/rp2_common/hardware_irq/irq.c.obj
 .text.resolve_branch
                0x1000050c       0x30 CMakeFiles/print.dir/Users/SeanChneg/Desktop/Pico/pico-sdk/src/rp2_common/hardware_irq/irq.c.obj
 .text.make_branch
                0x1000053c       0x48 CMakeFiles/print.dir/Users/SeanChneg/Desktop/Pico/pico-sdk/src/rp2_common/hardware_irq/irq.c.obj
 .text.insert_branch_and_link
                0x10000584       0x40 CMakeFiles/print.dir/Users/SeanChneg/Desktop/Pico/pico-sdk/src/rp2_common/hardware_irq/irq.c.obj
 .text.irq_is_enabled
                0x100005c4       0x18 CMakeFiles/print.dir/Users/SeanChneg/Desktop/Pico/pico-sdk/src/rp2_common/hardware_irq/irq.c.obj
                0x100005c4                irq_is_enabled
 .text.irq_set_mask_enabled
                0x100005dc       0x20 CMakeFiles/print.dir/Users/SeanChneg/Desktop/Pico/pico-sdk/src/rp2_common/hardware_irq/irq.c.obj
                0x100005dc                irq_set_mask_enabled
 .text.irq_set_enabled
                0x100005fc        0xe CMakeFiles/print.dir/Users/SeanChneg/Desktop/Pico/pico-sdk/src/rp2_common/hardware_irq/irq.c.obj
                0x100005fc                irq_set_enabled
 *fill*         0x1000060a        0x2 
 .text.irq_set_pending
                0x1000060c       0x10 CMakeFiles/print.dir/Users/SeanChneg/Desktop/Pico/pico-sdk/src/rp2_common/hardware_irq/irq.c.obj
                0x1000060c                irq_set_pending
 .text.irq_get_vtable_handler
                0x1000061c       0x10 CMakeFiles/print.dir/Users/SeanChneg/Desktop/Pico/pico-sdk/src/rp2_common/hardware_irq/irq.c.obj
                0x1000061c                irq_get_vtable_handler
 .text.irq_has_shared_handler
                0x1000062c       0x24 CMakeFiles/print.dir/Users/SeanChneg/Desktop/Pico/pico-sdk/src/rp2_common/hardware_irq/irq.c.obj
                0x1000062c                irq_has_shared_handler
 .text.irq_set_exclusive_handler
                0x10000650       0x54 CMakeFiles/print.dir/Users/SeanChneg/Desktop/Pico/pico-sdk/src/rp2_common/hardware_irq/irq.c.obj
                0x10000650                irq_set_exclusive_handler
 .text.irq_add_shared_handler
                0x100006a4      0x210 CMakeFiles/print.dir/Users/SeanChneg/Desktop/Pico/pico-sdk/src/rp2_common/hardware_irq/irq.c.obj
                0x100006a4                irq_add_shared_handler
 .text.irq_remove_handler
                0x100008b4      0x188 CMakeFiles/print.dir/Users/SeanChneg/Desktop/Pico/pico-sdk/src/rp2_common/hardware_irq/irq.c.obj
                0x100008b4                irq_remove_handler
 .text.irq_add_tail_to_free_list
                0x10000a3c       0xf0 CMakeFiles/print.dir/Users/SeanChneg/Desktop/Pico/pico-sdk/src/rp2_common/hardware_irq/irq.c.obj
                0x10000a3c                irq_add_tail_to_free_list
 .text.irq_init_priorities
                0x10000b2c       0x1c CMakeFiles/print.dir/Users/SeanChneg/Desktop/Pico/pico-sdk/src/rp2_common/hardware_irq/irq.c.obj
                0x10000b2c                irq_init_priorities
 .text.user_irq_claim_unused
                0x10000b48       0x2c CMakeFiles/print.dir/Users/SeanChneg/Desktop/Pico/pico-sdk/src/rp2_common/hardware_irq/irq.c.obj
                0x10000b48                user_irq_claim_unused
 .text.lock_init
                0x10000b74       0x10 CMakeFiles/print.dir/Users/SeanChneg/Desktop/Pico/pico-sdk/src/common/pico_sync/lock_core.c.obj
                0x10000b74                lock_init
 .text.update_us_since_boot
                0x10000b84       0x24 CMakeFiles/print.dir/Users/SeanChneg/Desktop/Pico/pico-sdk/src/common/pico_sync/mutex.c.obj
 .text.delayed_by_ms
                0x10000ba8       0x44 CMakeFiles/print.dir/Users/SeanChneg/Desktop/Pico/pico-sdk/src/common/pico_sync/mutex.c.obj
 .text.get_absolute_time
                0x10000bec       0x22 CMakeFiles/print.dir/Users/SeanChneg/Desktop/Pico/pico-sdk/src/common/pico_sync/mutex.c.obj
 .text.make_timeout_time_ms
                0x10000c0e       0x20 CMakeFiles/print.dir/Users/SeanChneg/Desktop/Pico/pico-sdk/src/common/pico_sync/mutex.c.obj
 .text.mutex_init
                0x10000c2e       0x1a CMakeFiles/print.dir/Users/SeanChneg/Desktop/Pico/pico-sdk/src/common/pico_sync/mutex.c.obj
                0x10000c2e                mutex_init
 .text.recursive_mutex_init
                0x10000c48       0x1e CMakeFiles/print.dir/Users/SeanChneg/Desktop/Pico/pico-sdk/src/common/pico_sync/mutex.c.obj
                0x10000c48                recursive_mutex_init
 *fill*         0x10000c66        0x2 
 .text.critical_section_init_with_lock_num
                0x10000c68       0x14 CMakeFiles/print.dir/Users/SeanChneg/Desktop/Pico/pico-sdk/src/common/pico_sync/critical_section.c.obj
                0x10000c68                critical_section_init_with_lock_num
 .text.critical_section_init
                0x10000c7c       0x14 CMakeFiles/print.dir/Users/SeanChneg/Desktop/Pico/pico-sdk/src/common/pico_sync/critical_section.c.obj
                0x10000c7c                critical_section_init
 .text.time_reached
                0x10000c90       0x28 CMakeFiles/print.dir/Users/SeanChneg/Desktop/Pico/pico-sdk/src/common/pico_time/time.c.obj
 .text.get_entry
                0x10000cb8       0x38 CMakeFiles/print.dir/Users/SeanChneg/Desktop/Pico/pico-sdk/src/common/pico_time/time.c.obj
 .text.timer_pool_entry_comparator
                0x10000cf0       0x2e CMakeFiles/print.dir/Users/SeanChneg/Desktop/Pico/pico-sdk/src/common/pico_time/time.c.obj
                0x10000cf0                timer_pool_entry_comparator
 *fill*         0x10000d1e        0x2 
 .text.update_us_since_boot
                0x10000d20       0x24 CMakeFiles/print.dir/Users/SeanChneg/Desktop/Pico/pico-sdk/src/common/pico_time/time.c.obj
 .text.delayed_by_us
                0x10000d44       0x34 CMakeFiles/print.dir/Users/SeanChneg/Desktop/Pico/pico-sdk/src/common/pico_time/time.c.obj
 .text.ph_get_node
                0x10000d78       0x30 CMakeFiles/print.dir/Users/SeanChneg/Desktop/Pico/pico-sdk/src/common/pico_time/time.c.obj
 .text.ph_contains_node
                0x10000da8       0x1e CMakeFiles/print.dir/Users/SeanChneg/Desktop/Pico/pico-sdk/src/common/pico_time/time.c.obj
 .text.ph_new_node
                0x10000dc6       0x28 CMakeFiles/print.dir/Users/SeanChneg/Desktop/Pico/pico-sdk/src/common/pico_time/time.c.obj
 *fill*         0x10000dee        0x2 
 .text.ph_add_child_node
                0x10000df0       0x6c CMakeFiles/print.dir/Users/SeanChneg/Desktop/Pico/pico-sdk/src/common/pico_time/time.c.obj
 .text.ph_merge_nodes
                0x10000e5c       0x3e CMakeFiles/print.dir/Users/SeanChneg/Desktop/Pico/pico-sdk/src/common/pico_time/time.c.obj
 *fill*         0x10000e9a        0x2 
 .text.ph_insert_node
                0x10000e9c       0x3c CMakeFiles/print.dir/Users/SeanChneg/Desktop/Pico/pico-sdk/src/common/pico_time/time.c.obj
 .text.ph_free_node
                0x10000ed8       0x5c CMakeFiles/print.dir/Users/SeanChneg/Desktop/Pico/pico-sdk/src/common/pico_time/time.c.obj
 .text.get_entry_id_high
                0x10000f34       0x30 CMakeFiles/print.dir/Users/SeanChneg/Desktop/Pico/pico-sdk/src/common/pico_time/time.c.obj
 .text.alarm_pool_post_alloc_init
                0x10000f64       0x40 CMakeFiles/print.dir/Users/SeanChneg/Desktop/Pico/pico-sdk/src/common/pico_time/time.c.obj
 .text.sleep_until_callback
                0x10000fa4       0x30 CMakeFiles/print.dir/Users/SeanChneg/Desktop/Pico/pico-sdk/src/common/pico_time/time.c.obj
 .text.get_absolute_time
                0x10000fd4       0x22 CMakeFiles/print.dir/Users/SeanChneg/Desktop/Pico/pico-sdk/src/common/pico_time/time.c.obj
 .text.make_timeout_time_us
                0x10000ff6       0x24 CMakeFiles/print.dir/Users/SeanChneg/Desktop/Pico/pico-sdk/src/common/pico_time/time.c.obj
 *fill*         0x1000101a        0x2 
 .text.add_alarm_under_lock
                0x1000101c       0x94 CMakeFiles/print.dir/Users/SeanChneg/Desktop/Pico/pico-sdk/src/common/pico_time/time.c.obj
 .text.alarm_pool_alarm_callback
                0x100010b0      0x210 CMakeFiles/print.dir/Users/SeanChneg/Desktop/Pico/pico-sdk/src/common/pico_time/time.c.obj
 .text.alarm_pool_init_default
                0x100012c0       0x40 CMakeFiles/print.dir/Users/SeanChneg/Desktop/Pico/pico-sdk/src/common/pico_time/time.c.obj
                0x100012c0                alarm_pool_init_default
 .text.alarm_pool_get_default
                0x10001300       0x2c CMakeFiles/print.dir/Users/SeanChneg/Desktop/Pico/pico-sdk/src/common/pico_time/time.c.obj
                0x10001300                alarm_pool_get_default
 .text.alarm_pool_add_alarm_at
                0x1000132c      0x10e CMakeFiles/print.dir/Users/SeanChneg/Desktop/Pico/pico-sdk/src/common/pico_time/time.c.obj
                0x1000132c                alarm_pool_add_alarm_at
 .text.add_alarm_at
                0x1000143a       0x2e CMakeFiles/print.dir/Users/SeanChneg/Desktop/Pico/pico-sdk/src/common/pico_time/time.c.obj
 .text.alarm_pool_cancel_alarm
                0x10001468       0xa8 CMakeFiles/print.dir/Users/SeanChneg/Desktop/Pico/pico-sdk/src/common/pico_time/time.c.obj
                0x10001468                alarm_pool_cancel_alarm
 .text.cancel_alarm
                0x10001510       0x10 CMakeFiles/print.dir/Users/SeanChneg/Desktop/Pico/pico-sdk/src/common/pico_time/time.c.obj
 .text.alarm_pool_core_num
                0x10001520        0x4 CMakeFiles/print.dir/Users/SeanChneg/Desktop/Pico/pico-sdk/src/common/pico_time/time.c.obj
                0x10001520                alarm_pool_core_num
 .text.sleep_until
                0x10001524       0xb0 CMakeFiles/print.dir/Users/SeanChneg/Desktop/Pico/pico-sdk/src/common/pico_time/time.c.obj
                0x10001524                sleep_until
 .text.sleep_us
                0x100015d4       0x1a CMakeFiles/print.dir/Users/SeanChneg/Desktop/Pico/pico-sdk/src/common/pico_time/time.c.obj
                0x100015d4                sleep_us
 .text.sleep_ms
                0x100015ee       0x14 CMakeFiles/print.dir/Users/SeanChneg/Desktop/Pico/pico-sdk/src/common/pico_time/time.c.obj
                0x100015ee                sleep_ms
 *fill*         0x10001602        0x2 
 .text.best_effort_wfe_or_timeout
                0x10001604       0x44 CMakeFiles/print.dir/Users/SeanChneg/Desktop/Pico/pico-sdk/src/common/pico_time/time.c.obj
                0x10001604                best_effort_wfe_or_timeout
 .text.update_us_since_boot
                0x10001648       0x24 CMakeFiles/print.dir/Users/SeanChneg/Desktop/Pico/pico-sdk/src/rp2_common/hardware_timer/timer.c.obj
 .text.hardware_alarm_irq_handler
                0x1000166c       0x8c CMakeFiles/print.dir/Users/SeanChneg/Desktop/Pico/pico-sdk/src/rp2_common/hardware_timer/timer.c.obj
 .text.hardware_alarm_claim
                0x100016f8       0x18 CMakeFiles/print.dir/Users/SeanChneg/Desktop/Pico/pico-sdk/src/rp2_common/hardware_timer/timer.c.obj
                0x100016f8                hardware_alarm_claim
 .text.time_us_64
                0x10001710       0x18 CMakeFiles/print.dir/Users/SeanChneg/Desktop/Pico/pico-sdk/src/rp2_common/hardware_timer/timer.c.obj
                0x10001710                time_us_64
 .text.busy_wait_until
                0x10001728       0x28 CMakeFiles/print.dir/Users/SeanChneg/Desktop/Pico/pico-sdk/src/rp2_common/hardware_timer/timer.c.obj
                0x10001728                busy_wait_until
 .text.busy_wait_us
                0x10001750       0x3a CMakeFiles/print.dir/Users/SeanChneg/Desktop/Pico/pico-sdk/src/rp2_common/hardware_timer/timer.c.obj
                0x10001750                busy_wait_us
 *fill*         0x1000178a        0x2 
 .text.hardware_alarm_set_callback
                0x1000178c       0x90 CMakeFiles/print.dir/Users/SeanChneg/Desktop/Pico/pico-sdk/src/rp2_common/hardware_timer/timer.c.obj
                0x1000178c                hardware_alarm_set_callback
 .text.hardware_alarm_set_target
                0x1000181c       0xe8 CMakeFiles/print.dir/Users/SeanChneg/Desktop/Pico/pico-sdk/src/rp2_common/hardware_timer/timer.c.obj
                0x1000181c                hardware_alarm_set_target
 .text.hardware_alarm_cancel
                0x10001904       0x40 CMakeFiles/print.dir/Users/SeanChneg/Desktop/Pico/pico-sdk/src/rp2_common/hardware_timer/timer.c.obj
                0x10001904                hardware_alarm_cancel
 .text.ph_get_node
                0x10001944       0x30 CMakeFiles/print.dir/Users/SeanChneg/Desktop/Pico/pico-sdk/src/common/pico_util/pheap.c.obj
 .text.ph_add_child_node
                0x10001974       0x6c CMakeFiles/print.dir/Users/SeanChneg/Desktop/Pico/pico-sdk/src/common/pico_util/pheap.c.obj
 .text.ph_merge_nodes
                0x100019e0       0x3e CMakeFiles/print.dir/Users/SeanChneg/Desktop/Pico/pico-sdk/src/common/pico_util/pheap.c.obj
 .text.ph_clear
                0x10001a1e       0x34 CMakeFiles/print.dir/Users/SeanChneg/Desktop/Pico/pico-sdk/src/common/pico_util/pheap.c.obj
                0x10001a1e                ph_clear
 .text.ph_post_alloc_init
                0x10001a52        0xe CMakeFiles/print.dir/Users/SeanChneg/Desktop/Pico/pico-sdk/src/common/pico_util/pheap.c.obj
                0x10001a52                ph_post_alloc_init
 .text.ph_merge_two_pass
                0x10001a60       0x5c CMakeFiles/print.dir/Users/SeanChneg/Desktop/Pico/pico-sdk/src/common/pico_util/pheap.c.obj
                0x10001a60                ph_merge_two_pass
 .text.ph_remove_any_head
                0x10001abc       0xc0 CMakeFiles/print.dir/Users/SeanChneg/Desktop/Pico/pico-sdk/src/common/pico_util/pheap.c.obj
 .text.ph_remove_head
                0x10001b7c       0x14 CMakeFiles/print.dir/Users/SeanChneg/Desktop/Pico/pico-sdk/src/common/pico_util/pheap.c.obj
                0x10001b7c                ph_remove_head
 .text.ph_remove_and_free_node
                0x10001b90       0xa0 CMakeFiles/print.dir/Users/SeanChneg/Desktop/Pico/pico-sdk/src/common/pico_util/pheap.c.obj
                0x10001b90                ph_remove_and_free_node
 .text.clock_configure
                0x10001c30      0x108 CMakeFiles/print.dir/Users/SeanChneg/Desktop/Pico/pico-sdk/src/rp2_common/hardware_clocks/clocks.c.obj
                0x10001c30                clock_configure
 .text.clocks_init
                0x10001d38      0x100 CMakeFiles/print.dir/Users/SeanChneg/Desktop/Pico/pico-sdk/src/rp2_common/hardware_clocks/clocks.c.obj
                0x10001d38                clocks_init
 .text.pll_init
                0x10001e38      0x120 CMakeFiles/print.dir/Users/SeanChneg/Desktop/Pico/pico-sdk/src/rp2_common/hardware_pll/pll.c.obj
                0x10001e38                pll_init
 .text.watchdog_start_tick
                0x10001f58       0x10 CMakeFiles/print.dir/Users/SeanChneg/Desktop/Pico/pico-sdk/src/rp2_common/hardware_watchdog/watchdog.c.obj
                0x10001f58                watchdog_start_tick
 .text.watchdog_update
                0x10001f68       0x14 CMakeFiles/print.dir/Users/SeanChneg/Desktop/Pico/pico-sdk/src/rp2_common/hardware_watchdog/watchdog.c.obj
                0x10001f68                watchdog_update
 .text._watchdog_enable
                0x10001f7c       0x78 CMakeFiles/print.dir/Users/SeanChneg/Desktop/Pico/pico-sdk/src/rp2_common/hardware_watchdog/watchdog.c.obj
                0x10001f7c                _watchdog_enable
 .text.watchdog_reboot
                0x10001ff4       0x48 CMakeFiles/print.dir/Users/SeanChneg/Desktop/Pico/pico-sdk/src/rp2_common/hardware_watchdog/watchdog.c.obj
                0x10001ff4                watchdog_reboot
 .text.xosc_init
                0x1000203c       0x28 CMakeFiles/print.dir/Users/SeanChneg/Desktop/Pico/pico-sdk/src/rp2_common/hardware_xosc/xosc.c.obj
                0x1000203c                xosc_init
 .text._exit    0x10002064        0x4 CMakeFiles/print.dir/Users/SeanChneg/Desktop/Pico/pico-sdk/src/rp2_common/pico_runtime/runtime.c.obj
                0x10002064                _exit
 .text._sbrk    0x10002068       0x38 CMakeFiles/print.dir/Users/SeanChneg/Desktop/Pico/pico-sdk/src/rp2_common/pico_runtime/runtime.c.obj
                0x10002068                _sbrk
 .text.exit     0x100020a0        0x6 CMakeFiles/print.dir/Users/SeanChneg/Desktop/Pico/pico-sdk/src/rp2_common/pico_runtime/runtime.c.obj
                0x100020a0                exit
 *fill*         0x100020a6        0x2 
 .text.__assert_func
                0x100020a8       0x38 CMakeFiles/print.dir/Users/SeanChneg/Desktop/Pico/pico-sdk/src/rp2_common/pico_runtime/runtime.c.obj
                0x100020a8                __assert_func
 .text.runtime_init
                0x100020e0       0xf8 CMakeFiles/print.dir/Users/SeanChneg/Desktop/Pico/pico-sdk/src/rp2_common/pico_runtime/runtime.c.obj
                0x100020e0                runtime_init
 .text.panic    0x100021d8       0x30 CMakeFiles/print.dir/Users/SeanChneg/Desktop/Pico/pico-sdk/src/rp2_common/pico_runtime/runtime.c.obj
                0x100021d8                panic
 .text._out_buffer
                0x10002208        0x8 CMakeFiles/print.dir/Users/SeanChneg/Desktop/Pico/pico-sdk/src/rp2_common/pico_printf/printf.c.obj
 .text._out_null
                0x10002210        0x2 CMakeFiles/print.dir/Users/SeanChneg/Desktop/Pico/pico-sdk/src/rp2_common/pico_printf/printf.c.obj
 .text._out_fct
                0x10002212        0xe CMakeFiles/print.dir/Users/SeanChneg/Desktop/Pico/pico-sdk/src/rp2_common/pico_printf/printf.c.obj
 .text._atoi    0x10002220       0x24 CMakeFiles/print.dir/Users/SeanChneg/Desktop/Pico/pico-sdk/src/rp2_common/pico_printf/printf.c.obj
 .text._out_rev
                0x10002244       0xae CMakeFiles/print.dir/Users/SeanChneg/Desktop/Pico/pico-sdk/src/rp2_common/pico_printf/printf.c.obj
 .text._ntoa_format
                0x100022f2      0x110 CMakeFiles/print.dir/Users/SeanChneg/Desktop/Pico/pico-sdk/src/rp2_common/pico_printf/printf.c.obj
 .text._ntoa_long
                0x10002402       0xbc CMakeFiles/print.dir/Users/SeanChneg/Desktop/Pico/pico-sdk/src/rp2_common/pico_printf/printf.c.obj
 .text._ntoa_long_long
                0x100024be      0x10e CMakeFiles/print.dir/Users/SeanChneg/Desktop/Pico/pico-sdk/src/rp2_common/pico_printf/printf.c.obj
 .text._etoa    0x100025cc      0x420 CMakeFiles/print.dir/Users/SeanChneg/Desktop/Pico/pico-sdk/src/rp2_common/pico_printf/printf.c.obj
 .text._ftoa    0x100029ec      0x354 CMakeFiles/print.dir/Users/SeanChneg/Desktop/Pico/pico-sdk/src/rp2_common/pico_printf/printf.c.obj
 .text._vsnprintf
                0x10002d40      0x668 CMakeFiles/print.dir/Users/SeanChneg/Desktop/Pico/pico-sdk/src/rp2_common/pico_printf/printf.c.obj
 .text.__wrap_sprintf
                0x100033a8       0x2c CMakeFiles/print.dir/Users/SeanChneg/Desktop/Pico/pico-sdk/src/rp2_common/pico_printf/printf.c.obj
                0x100033a8                __wrap_sprintf
 .text.vfctprintf
                0x100033d4       0x20 CMakeFiles/print.dir/Users/SeanChneg/Desktop/Pico/pico-sdk/src/rp2_common/pico_printf/printf.c.obj
                0x100033d4                vfctprintf
 .text          0x100033f4       0x10 CMakeFiles/print.dir/Users/SeanChneg/Desktop/Pico/pico-sdk/src/rp2_common/pico_bit_ops/bit_ops_aeabi.S.obj
 .text.rom_func_lookup
                0x10003404       0x10 CMakeFiles/print.dir/Users/SeanChneg/Desktop/Pico/pico-sdk/src/rp2_common/pico_bootrom/bootrom.c.obj
                0x10003404                rom_func_lookup
 .text.rom_data_lookup
                0x10003414       0x10 CMakeFiles/print.dir/Users/SeanChneg/Desktop/Pico/pico-sdk/src/rp2_common/pico_bootrom/bootrom.c.obj
                0x10003414                rom_data_lookup
 .text.rom_funcs_lookup
                0x10003424       0x36 CMakeFiles/print.dir/Users/SeanChneg/Desktop/Pico/pico-sdk/src/rp2_common/pico_bootrom/bootrom.c.obj
                0x10003424                rom_funcs_lookup
 *fill*         0x1000345a        0x2 
 .text.__wrap___aeabi_idiv
                0x1000345c       0x50 CMakeFiles/print.dir/Users/SeanChneg/Desktop/Pico/pico-sdk/src/rp2_common/pico_divider/divider.S.obj
                0x1000345c                __wrap___aeabi_idivmod
                0x1000345c                divmod_s32s32
                0x1000345c                div_s32s32
                0x1000345c                __wrap___aeabi_idiv
                0x10003464                divmod_s32s32_unsafe
                0x10003490                divmod_s32s32_savestate
 .text.__wrap___aeabi_uidiv
                0x100034ac       0x4c CMakeFiles/print.dir/Users/SeanChneg/Desktop/Pico/pico-sdk/src/rp2_common/pico_divider/divider.S.obj
                0x100034ac                __wrap___aeabi_uidiv
                0x100034ac                __wrap___aeabi_uidivmod
                0x100034ac                div_u32u32
                0x100034ac                divmod_u32u32
                0x100034b4                divmod_u32u32_unsafe
                0x100034dc                divmod_u32u32_savestate
 .text.__wrap___aeabi_ldiv
                0x100034f8      0x424 CMakeFiles/print.dir/Users/SeanChneg/Desktop/Pico/pico-sdk/src/rp2_common/pico_divider/divider.S.obj
                0x100034f8                __wrap___aeabi_ldivmod
                0x100034f8                div_s64s64
                0x100034f8                divmod_s64s64
                0x10003528                divmod_u64u64
                0x10003528                div_u64u64
                0x10003528                __wrap___aeabi_uldivmod
                0x10003538                divmod_u64u64_savestate
                0x10003558                divmod_s64s64_unsafe
                0x100035e0                divmod_u64u64_unsafe
 .text.__wrap___aeabi_darithmetic
                0x1000391c       0x80 CMakeFiles/print.dir/Users/SeanChneg/Desktop/Pico/pico-sdk/src/rp2_common/pico_double/double_aeabi.S.obj
                0x1000391c                __wrap___aeabi_drsub
                0x10003922                __wrap___aeabi_dsub
                0x10003934                __wrap___aeabi_dadd
                0x10003946                __wrap___aeabi_ddiv
                0x10003982                __wrap___aeabi_dmul
 .text.__wrap___aeabi_cdcmple
                0x1000399c       0x6c CMakeFiles/print.dir/Users/SeanChneg/Desktop/Pico/pico-sdk/src/rp2_common/pico_double/double_aeabi.S.obj
                0x1000399c                __wrap___aeabi_cdrcmple
                0x100039ac                __wrap___aeabi_cdcmple
                0x100039ac                __wrap___aeabi_cdcmpeq
 .text.__wrap___aeabi_dcmpeq
                0x10003a08       0x10 CMakeFiles/print.dir/Users/SeanChneg/Desktop/Pico/pico-sdk/src/rp2_common/pico_double/double_aeabi.S.obj
                0x10003a08                __wrap___aeabi_dcmpeq
 .text.__wrap___aeabi_dcmplt
                0x10003a18        0xc CMakeFiles/print.dir/Users/SeanChneg/Desktop/Pico/pico-sdk/src/rp2_common/pico_double/double_aeabi.S.obj
                0x10003a18                __wrap___aeabi_dcmplt
 .text.__wrap___aeabi_dcmple
                0x10003a24       0x10 CMakeFiles/print.dir/Users/SeanChneg/Desktop/Pico/pico-sdk/src/rp2_common/pico_double/double_aeabi.S.obj
                0x10003a24                __wrap___aeabi_dcmple
 .text.__wrap___aeabi_dcmpge
                0x10003a34       0x10 CMakeFiles/print.dir/Users/SeanChneg/Desktop/Pico/pico-sdk/src/rp2_common/pico_double/double_aeabi.S.obj
                0x10003a34                __wrap___aeabi_dcmpge
 .text.__wrap___aeabi_dcmpgt
                0x10003a44        0xa CMakeFiles/print.dir/Users/SeanChneg/Desktop/Pico/pico-sdk/src/rp2_common/pico_double/double_aeabi.S.obj
                0x10003a44                __wrap___aeabi_dcmpgt
 .text.__wrap___aeabi_dcmpun
                0x10003a4e       0x1c CMakeFiles/print.dir/Users/SeanChneg/Desktop/Pico/pico-sdk/src/rp2_common/pico_double/double_aeabi.S.obj
                0x10003a4e                __wrap___aeabi_dcmpun
 *fill*         0x10003a6a        0x2 
 .text.__wrap___aeabi_i2d
                0x10003a6c       0x38 CMakeFiles/print.dir/Users/SeanChneg/Desktop/Pico/pico-sdk/src/rp2_common/pico_double/double_aeabi.S.obj
                0x10003a6c                __wrap___aeabi_ui2d
                0x10003a74                __wrap___aeabi_i2d
 .text.__wrap___aeabi_d2iz
                0x10003aa4       0x48 CMakeFiles/print.dir/Users/SeanChneg/Desktop/Pico/pico-sdk/src/rp2_common/pico_double/double_aeabi.S.obj
                0x10003aa4                __wrap___aeabi_d2iz
                0x10003aa4                double2int_z
 .text.__wrap___aeabi_d2uiz
                0x10003aec       0x18 CMakeFiles/print.dir/Users/SeanChneg/Desktop/Pico/pico-sdk/src/rp2_common/pico_double/double_aeabi.S.obj
                0x10003aec                double2uint
                0x10003aec                __wrap___aeabi_d2uiz
 .text.__wrap___aeabi_l2d
                0x10003b04       0x18 CMakeFiles/print.dir/Users/SeanChneg/Desktop/Pico/pico-sdk/src/rp2_common/pico_double/double_aeabi.S.obj
                0x10003b04                __wrap___aeabi_l2d
 .text.__wrap___aeabi_d2lz
                0x10003b1c       0x26 CMakeFiles/print.dir/Users/SeanChneg/Desktop/Pico/pico-sdk/src/rp2_common/pico_double/double_aeabi.S.obj
                0x10003b1c                __wrap___aeabi_d2lz
                0x10003b1c                double2int64_z
 *fill*         0x10003b42        0x2 
 .text.double2int64
                0x10003b44       0x18 CMakeFiles/print.dir/Users/SeanChneg/Desktop/Pico/pico-sdk/src/rp2_common/pico_double/double_aeabi.S.obj
                0x10003b44                double2int64
 .text.double2ufix64
                0x10003b5c       0x18 CMakeFiles/print.dir/Users/SeanChneg/Desktop/Pico/pico-sdk/src/rp2_common/pico_double/double_aeabi.S.obj
                0x10003b5c                double2ufix64
 .text.__wrap___aeabi_d2f
                0x10003b74       0x18 CMakeFiles/print.dir/Users/SeanChneg/Desktop/Pico/pico-sdk/src/rp2_common/pico_double/double_aeabi.S.obj
                0x10003b74                __wrap___aeabi_d2f
 .text.__aeabi_double_init
                0x10003b8c       0xcc CMakeFiles/print.dir/Users/SeanChneg/Desktop/Pico/pico-sdk/src/rp2_common/pico_double/double_init_rom.c.obj
                0x10003b8c                __aeabi_double_init
 .text.double_table_shim_on_use_helper
                0x10003c58       0x34 CMakeFiles/print.dir/Users/SeanChneg/Desktop/Pico/pico-sdk/src/rp2_common/pico_double/double_v1_rom_shim.S.obj
                0x10003c58                double_table_shim_on_use_helper
 .text.__wrap___aeabi_dsub
                0x10003c8c       0x10 CMakeFiles/print.dir/Users/SeanChneg/Desktop/Pico/pico-sdk/src/rp2_common/pico_double/double_v1_rom_shim.S.obj
                0x10003c8c                drsub_shim
                0x10003c92                dsub_shim
 .text.dadd_shim
                0x10003c9c      0x15c CMakeFiles/print.dir/Users/SeanChneg/Desktop/Pico/pico-sdk/src/rp2_common/pico_double/double_v1_rom_shim.S.obj
                0x10003c9c                dadd_shim
 .text.dmul_shim
                0x10003df8      0x15c CMakeFiles/print.dir/Users/SeanChneg/Desktop/Pico/pico-sdk/src/rp2_common/pico_double/double_v1_rom_shim.S.obj
                0x10003df8                dmul_shim
 .text.ddiv_shim
                0x10003f54      0x1b0 CMakeFiles/print.dir/Users/SeanChneg/Desktop/Pico/pico-sdk/src/rp2_common/pico_double/double_v1_rom_shim.S.obj
                0x10003f54                ddiv_shim
 .text.double2uint_shim
                0x10004104        0xe CMakeFiles/print.dir/Users/SeanChneg/Desktop/Pico/pico-sdk/src/rp2_common/pico_double/double_v1_rom_shim.S.obj
                0x10004104                double2uint_shim
                0x10004106                double2ufix_shim
 .text.double2int64_shim
                0x10004112       0x1a CMakeFiles/print.dir/Users/SeanChneg/Desktop/Pico/pico-sdk/src/rp2_common/pico_double/double_v1_rom_shim.S.obj
                0x10004112                double2int64_shim
                0x10004114                double2fix64_shim
 .text.double2uint64_shim
                0x1000412c       0x70 CMakeFiles/print.dir/Users/SeanChneg/Desktop/Pico/pico-sdk/src/rp2_common/pico_double/double_v1_rom_shim.S.obj
                0x1000412c                double2uint64_shim
                0x1000412e                double2ufix64_shim
                0x1000414e                d2fix_a
 .text.double2float_shim
                0x1000419c       0x5c CMakeFiles/print.dir/Users/SeanChneg/Desktop/Pico/pico-sdk/src/rp2_common/pico_double/double_v1_rom_shim.S.obj
                0x1000419c                double2float_shim
 .text.x2double_shims
                0x100041f8       0x90 CMakeFiles/print.dir/Users/SeanChneg/Desktop/Pico/pico-sdk/src/rp2_common/pico_double/double_v1_rom_shim.S.obj
                0x100041f8                uint2double_shim
                0x100041fa                ufix2double_shim
                0x10004200                int2double_shim
                0x10004202                fix2double_shim
                0x10004208                uint642double_shim
                0x1000420a                ufix642double_shim
                0x10004210                int642double_shim
                0x10004212                fix642double_shim
 .text.dunpacks
                0x10004288       0x3c CMakeFiles/print.dir/Users/SeanChneg/Desktop/Pico/pico-sdk/src/rp2_common/pico_double/double_v1_rom_shim.S.obj
                0x10004288                dunpacks
 .text.__aeabi_lmul
                0x100042c4       0x32 CMakeFiles/print.dir/Users/SeanChneg/Desktop/Pico/pico-sdk/src/rp2_common/pico_int64_ops/pico_int64_ops_aeabi.S.obj
                0x100042c4                __wrap___aeabi_lmul
 *fill*         0x100042f6        0x2 
 .text.__aeabi_float_init
                0x100042f8       0xfc CMakeFiles/print.dir/Users/SeanChneg/Desktop/Pico/pico-sdk/src/rp2_common/pico_float/float_init_rom.c.obj
                0x100042f8                __aeabi_float_init
 .text.float_table_shim_on_use_helper
                0x100043f4       0x34 CMakeFiles/print.dir/Users/SeanChneg/Desktop/Pico/pico-sdk/src/rp2_common/pico_float/float_v1_rom_shim.S.obj
                0x100043f4                float_table_shim_on_use_helper
 .text.check_alloc
                0x10004428       0x20 CMakeFiles/print.dir/Users/SeanChneg/Desktop/Pico/pico-sdk/src/rp2_common/pico_malloc/pico_malloc.c.obj
 .text.__wrap_malloc
                0x10004448       0x14 CMakeFiles/print.dir/Users/SeanChneg/Desktop/Pico/pico-sdk/src/rp2_common/pico_malloc/pico_malloc.c.obj
                0x10004448                __wrap_malloc
 .text.__wrap_realloc
                0x1000445c       0x14 CMakeFiles/print.dir/Users/SeanChneg/Desktop/Pico/pico-sdk/src/rp2_common/pico_malloc/pico_malloc.c.obj
                0x1000445c                __wrap_realloc
 .text.__wrap_free
                0x10004470        0x8 CMakeFiles/print.dir/Users/SeanChneg/Desktop/Pico/pico-sdk/src/rp2_common/pico_malloc/pico_malloc.c.obj
                0x10004470                __wrap_free
 .text          0x10004478       0x10 CMakeFiles/print.dir/Users/SeanChneg/Desktop/Pico/pico-sdk/src/rp2_common/pico_mem_ops/mem_ops_aeabi.S.obj
                0x10004478                __aeabi_mem_init
 .text.memset   0x10004488        0xc CMakeFiles/print.dir/Users/SeanChneg/Desktop/Pico/pico-sdk/src/rp2_common/pico_mem_ops/mem_ops_aeabi.S.obj
                0x10004488                __wrap_memset
 .text.memcpy   0x10004494        0xc CMakeFiles/print.dir/Users/SeanChneg/Desktop/Pico/pico-sdk/src/rp2_common/pico_mem_ops/mem_ops_aeabi.S.obj
                0x10004494                __wrap___aeabi_memcpy
                0x10004494                __wrap_memcpy
 .text.time_reached
                0x100044a0       0x28 CMakeFiles/print.dir/Users/SeanChneg/Desktop/Pico/pico-sdk/src/rp2_common/pico_stdio/stdio.c.obj
 .text.stdio_out_chars_no_crlf
                0x100044c8        0xe CMakeFiles/print.dir/Users/SeanChneg/Desktop/Pico/pico-sdk/src/rp2_common/pico_stdio/stdio.c.obj
 *fill*         0x100044d6        0x2 
 .text.stdio_out_chars_crlf
                0x100044d8       0x80 CMakeFiles/print.dir/Users/SeanChneg/Desktop/Pico/pico-sdk/src/rp2_common/pico_stdio/stdio.c.obj
 .text.stdio_stack_buffer_flush
                0x10004558       0x44 CMakeFiles/print.dir/Users/SeanChneg/Desktop/Pico/pico-sdk/src/rp2_common/pico_stdio/stdio.c.obj
 .text.stdio_buffered_printer
                0x1000459c       0x20 CMakeFiles/print.dir/Users/SeanChneg/Desktop/Pico/pico-sdk/src/rp2_common/pico_stdio/stdio.c.obj
 .text.update_us_since_boot
                0x100045bc       0x24 CMakeFiles/print.dir/Users/SeanChneg/Desktop/Pico/pico-sdk/src/rp2_common/pico_stdio/stdio.c.obj
 .text.get_absolute_time
                0x100045e0       0x22 CMakeFiles/print.dir/Users/SeanChneg/Desktop/Pico/pico-sdk/src/rp2_common/pico_stdio/stdio.c.obj
 *fill*         0x10004602        0x2 
 .text.delayed_by_ms
                0x10004604       0x44 CMakeFiles/print.dir/Users/SeanChneg/Desktop/Pico/pico-sdk/src/rp2_common/pico_stdio/stdio.c.obj
 .text.make_timeout_time_ms
                0x10004648       0x20 CMakeFiles/print.dir/Users/SeanChneg/Desktop/Pico/pico-sdk/src/rp2_common/pico_stdio/stdio.c.obj
 .text.stdio_get_until
                0x10004668       0x64 CMakeFiles/print.dir/Users/SeanChneg/Desktop/Pico/pico-sdk/src/rp2_common/pico_stdio/stdio.c.obj
 .text.stdout_serialize_begin
                0x100046cc       0x20 CMakeFiles/print.dir/Users/SeanChneg/Desktop/Pico/pico-sdk/src/rp2_common/pico_stdio/stdio.c.obj
                0x100046cc                stdout_serialize_begin
 .text.stdout_serialize_end
                0x100046ec       0x10 CMakeFiles/print.dir/Users/SeanChneg/Desktop/Pico/pico-sdk/src/rp2_common/pico_stdio/stdio.c.obj
                0x100046ec                stdout_serialize_end
 .text.stdio_put_string
                0x100046fc       0x98 CMakeFiles/print.dir/Users/SeanChneg/Desktop/Pico/pico-sdk/src/rp2_common/pico_stdio/stdio.c.obj
 .text._read    0x10004794       0x24 CMakeFiles/print.dir/Users/SeanChneg/Desktop/Pico/pico-sdk/src/rp2_common/pico_stdio/stdio.c.obj
                0x10004794                _read
 .text._write   0x100047b8       0x22 CMakeFiles/print.dir/Users/SeanChneg/Desktop/Pico/pico-sdk/src/rp2_common/pico_stdio/stdio.c.obj
                0x100047b8                _write
 .text._close   0x100047da        0x6 CMakeFiles/print.dir/Users/SeanChneg/Desktop/Pico/pico-sdk/src/rp2_common/pico_stdio/stdio.c.obj
                0x100047da                _close
 .text._lseek   0x100047e0        0x6 CMakeFiles/print.dir/Users/SeanChneg/Desktop/Pico/pico-sdk/src/rp2_common/pico_stdio/stdio.c.obj
                0x100047e0                _lseek
 .text._fstat   0x100047e6        0x6 CMakeFiles/print.dir/Users/SeanChneg/Desktop/Pico/pico-sdk/src/rp2_common/pico_stdio/stdio.c.obj
                0x100047e6                _fstat
 .text._isatty  0x100047ec        0xc CMakeFiles/print.dir/Users/SeanChneg/Desktop/Pico/pico-sdk/src/rp2_common/pico_stdio/stdio.c.obj
                0x100047ec                _isatty
 .text.stdio_set_driver_enabled
                0x100047f8       0x2c CMakeFiles/print.dir/Users/SeanChneg/Desktop/Pico/pico-sdk/src/rp2_common/pico_stdio/stdio.c.obj
                0x100047f8                stdio_set_driver_enabled
 .text.stdio_flush
                0x10004824       0x20 CMakeFiles/print.dir/Users/SeanChneg/Desktop/Pico/pico-sdk/src/rp2_common/pico_stdio/stdio.c.obj
                0x10004824                stdio_flush
 .text.__wrap_puts
                0x10004844       0x1e CMakeFiles/print.dir/Users/SeanChneg/Desktop/Pico/pico-sdk/src/rp2_common/pico_stdio/stdio.c.obj
                0x10004844                __wrap_puts
 *fill*         0x10004862        0x2 
 .text.__wrap_vprintf
                0x10004864       0x40 CMakeFiles/print.dir/Users/SeanChneg/Desktop/Pico/pico-sdk/src/rp2_common/pico_stdio/stdio.c.obj
                0x10004864                __wrap_vprintf
 .text.__wrap_printf
                0x100048a4       0x18 CMakeFiles/print.dir/Users/SeanChneg/Desktop/Pico/pico-sdk/src/rp2_common/pico_stdio/stdio.c.obj
                0x100048a4                __wrap_printf
 .text.stdio_init_all
                0x100048bc        0x8 CMakeFiles/print.dir/Users/SeanChneg/Desktop/Pico/pico-sdk/src/rp2_common/pico_stdio/stdio.c.obj
                0x100048bc                stdio_init_all
 .text.resetd_init
                0x100048c4        0x2 CMakeFiles/print.dir/Users/SeanChneg/Desktop/Pico/pico-sdk/src/rp2_common/pico_stdio_usb/reset_interface.c.obj
 *fill*         0x100048c6        0x2 
 .text.resetd_reset
                0x100048c8        0xc CMakeFiles/print.dir/Users/SeanChneg/Desktop/Pico/pico-sdk/src/rp2_common/pico_stdio_usb/reset_interface.c.obj
 .text.resetd_open
                0x100048d4       0x34 CMakeFiles/print.dir/Users/SeanChneg/Desktop/Pico/pico-sdk/src/rp2_common/pico_stdio_usb/reset_interface.c.obj
 .text.resetd_xfer_cb
                0x10004908        0x4 CMakeFiles/print.dir/Users/SeanChneg/Desktop/Pico/pico-sdk/src/rp2_common/pico_stdio_usb/reset_interface.c.obj
 .text.reset_usb_boot
                0x1000490c       0x18 CMakeFiles/print.dir/Users/SeanChneg/Desktop/Pico/pico-sdk/src/rp2_common/pico_stdio_usb/reset_interface.c.obj
 .text.resetd_control_xfer_cb
                0x10004924       0x5c CMakeFiles/print.dir/Users/SeanChneg/Desktop/Pico/pico-sdk/src/rp2_common/pico_stdio_usb/reset_interface.c.obj
 .text.usbd_app_driver_get_cb
                0x10004980        0xc CMakeFiles/print.dir/Users/SeanChneg/Desktop/Pico/pico-sdk/src/rp2_common/pico_stdio_usb/reset_interface.c.obj
                0x10004980                usbd_app_driver_get_cb
 .text.tud_cdc_line_coding_cb
                0x1000498c       0x28 CMakeFiles/print.dir/Users/SeanChneg/Desktop/Pico/pico-sdk/src/rp2_common/pico_stdio_usb/reset_interface.c.obj
                0x1000498c                tud_cdc_line_coding_cb
 .text.stdio_usb_set_chars_available_callback
                0x100049b4       0x14 CMakeFiles/print.dir/Users/SeanChneg/Desktop/Pico/pico-sdk/src/rp2_common/pico_stdio_usb/stdio_usb.c.obj
                0x100049b4                stdio_usb_set_chars_available_callback
 .text.update_us_since_boot
                0x100049c8       0x24 CMakeFiles/print.dir/Users/SeanChneg/Desktop/Pico/pico-sdk/src/rp2_common/pico_stdio_usb/stdio_usb.c.obj
 .text.get_absolute_time
                0x100049ec       0x22 CMakeFiles/print.dir/Users/SeanChneg/Desktop/Pico/pico-sdk/src/rp2_common/pico_stdio_usb/stdio_usb.c.obj
 *fill*         0x10004a0e        0x2 
 .text.delayed_by_ms
                0x10004a10       0x44 CMakeFiles/print.dir/Users/SeanChneg/Desktop/Pico/pico-sdk/src/rp2_common/pico_stdio_usb/stdio_usb.c.obj
 .text.make_timeout_time_ms
                0x10004a54       0x20 CMakeFiles/print.dir/Users/SeanChneg/Desktop/Pico/pico-sdk/src/rp2_common/pico_stdio_usb/stdio_usb.c.obj
 .text.delayed_by_us
                0x10004a74       0x34 CMakeFiles/print.dir/Users/SeanChneg/Desktop/Pico/pico-sdk/src/rp2_common/pico_stdio_usb/stdio_usb.c.obj
 .text.usb_irq  0x10004aa8       0x10 CMakeFiles/print.dir/Users/SeanChneg/Desktop/Pico/pico-sdk/src/rp2_common/pico_stdio_usb/stdio_usb.c.obj
 .text.critical_section_enter_blocking
                0x10004ab8       0x16 CMakeFiles/print.dir/Users/SeanChneg/Desktop/Pico/pico-sdk/src/rp2_common/pico_stdio_usb/stdio_usb.c.obj
 *fill*         0x10004ace        0x2 
 .text.timer_task
                0x10004ad0       0x4c CMakeFiles/print.dir/Users/SeanChneg/Desktop/Pico/pico-sdk/src/rp2_common/pico_stdio_usb/stdio_usb.c.obj
 .text.alarm_pool_add_alarm_in_us
                0x10004b1c       0x3a CMakeFiles/print.dir/Users/SeanChneg/Desktop/Pico/pico-sdk/src/rp2_common/pico_stdio_usb/stdio_usb.c.obj
 .text.add_alarm_in_us
                0x10004b56       0x2e CMakeFiles/print.dir/Users/SeanChneg/Desktop/Pico/pico-sdk/src/rp2_common/pico_stdio_usb/stdio_usb.c.obj
 .text.low_priority_worker_irq
                0x10004b84       0x7c CMakeFiles/print.dir/Users/SeanChneg/Desktop/Pico/pico-sdk/src/rp2_common/pico_stdio_usb/stdio_usb.c.obj
 .text.tud_cdc_rx_cb
                0x10004c00       0x20 CMakeFiles/print.dir/Users/SeanChneg/Desktop/Pico/pico-sdk/src/rp2_common/pico_stdio_usb/stdio_usb.c.obj
                0x10004c00                tud_cdc_rx_cb
 .text.stdio_usb_init
                0x10004c20       0xd0 CMakeFiles/print.dir/Users/SeanChneg/Desktop/Pico/pico-sdk/src/rp2_common/pico_stdio_usb/stdio_usb.c.obj
                0x10004c20                stdio_usb_init
 .text.stdio_usb_connected
                0x10004cf0        0xa CMakeFiles/print.dir/Users/SeanChneg/Desktop/Pico/pico-sdk/src/rp2_common/pico_stdio_usb/stdio_usb.c.obj
                0x10004cf0                stdio_usb_connected
 *fill*         0x10004cfa        0x2 
 .text.stdio_usb_in_chars
                0x10004cfc       0x88 CMakeFiles/print.dir/Users/SeanChneg/Desktop/Pico/pico-sdk/src/rp2_common/pico_stdio_usb/stdio_usb.c.obj
                0x10004cfc                stdio_usb_in_chars
 .text.stdio_usb_out_chars
                0x10004d84       0xd8 CMakeFiles/print.dir/Users/SeanChneg/Desktop/Pico/pico-sdk/src/rp2_common/pico_stdio_usb/stdio_usb.c.obj
 .text.tud_descriptor_device_cb
                0x10004e5c        0x8 CMakeFiles/print.dir/Users/SeanChneg/Desktop/Pico/pico-sdk/src/rp2_common/pico_stdio_usb/stdio_usb_descriptors.c.obj
                0x10004e5c                tud_descriptor_device_cb
 .text.tud_descriptor_configuration_cb
                0x10004e64        0x8 CMakeFiles/print.dir/Users/SeanChneg/Desktop/Pico/pico-sdk/src/rp2_common/pico_stdio_usb/stdio_usb_descriptors.c.obj
                0x10004e64                tud_descriptor_configuration_cb
 .text.tud_descriptor_string_cb
                0x10004e6c       0x6c CMakeFiles/print.dir/Users/SeanChneg/Desktop/Pico/pico-sdk/src/rp2_common/pico_stdio_usb/stdio_usb_descriptors.c.obj
                0x10004e6c                tud_descriptor_string_cb
 .text._retrieve_unique_id_on_boot
                0x10004ed8       0x10 CMakeFiles/print.dir/Users/SeanChneg/Desktop/Pico/pico-sdk/src/rp2_common/pico_unique_id/unique_id.c.obj
 .text.pico_get_unique_board_id_string
                0x10004ee8       0x5c CMakeFiles/print.dir/Users/SeanChneg/Desktop/Pico/pico-sdk/src/rp2_common/pico_unique_id/unique_id.c.obj
                0x10004ee8                pico_get_unique_board_id_string
 .text.flash_get_unique_id
                0x10004f44       0x40 CMakeFiles/print.dir/Users/SeanChneg/Desktop/Pico/pico-sdk/src/rp2_common/hardware_flash/flash.c.obj
                0x10004f44                flash_get_unique_id
 .text.hw_endpoint_get_by_addr
                0x10004f84       0x18 CMakeFiles/print.dir/Users/SeanChneg/Desktop/Pico/pico-sdk/lib/tinyusb/src/portable/raspberrypi/rp2040/dcd_rp2040.c.obj
 .text._hw_endpoint_alloc
                0x10004f9c       0x70 CMakeFiles/print.dir/Users/SeanChneg/Desktop/Pico/pico-sdk/lib/tinyusb/src/portable/raspberrypi/rp2040/dcd_rp2040.c.obj
 .text.hw_endpoint_init
                0x1000500c       0x88 CMakeFiles/print.dir/Users/SeanChneg/Desktop/Pico/pico-sdk/lib/tinyusb/src/portable/raspberrypi/rp2040/dcd_rp2040.c.obj
 .text.dcd_event_sof
                0x10005094       0x2c CMakeFiles/print.dir/Users/SeanChneg/Desktop/Pico/pico-sdk/lib/tinyusb/src/portable/raspberrypi/rp2040/dcd_rp2040.c.obj
 .text.hw_endpoint_xfer
                0x100050c0       0x14 CMakeFiles/print.dir/Users/SeanChneg/Desktop/Pico/pico-sdk/lib/tinyusb/src/portable/raspberrypi/rp2040/dcd_rp2040.c.obj
 .text.dcd_int_enable
                0x100050d4       0x2c CMakeFiles/print.dir/Users/SeanChneg/Desktop/Pico/pico-sdk/lib/tinyusb/src/portable/raspberrypi/rp2040/dcd_rp2040.c.obj
                0x100050d4                dcd_int_enable
 .text.dcd_set_address
                0x10005100       0x2c CMakeFiles/print.dir/Users/SeanChneg/Desktop/Pico/pico-sdk/lib/tinyusb/src/portable/raspberrypi/rp2040/dcd_rp2040.c.obj
                0x10005100                dcd_set_address
 .text.dcd_connect
                0x1000512c       0x10 CMakeFiles/print.dir/Users/SeanChneg/Desktop/Pico/pico-sdk/lib/tinyusb/src/portable/raspberrypi/rp2040/dcd_rp2040.c.obj
                0x1000512c                dcd_connect
 .text.dcd_init
                0x1000513c       0x80 CMakeFiles/print.dir/Users/SeanChneg/Desktop/Pico/pico-sdk/lib/tinyusb/src/portable/raspberrypi/rp2040/dcd_rp2040.c.obj
                0x1000513c                dcd_init
 .text.dcd_edpt0_status_complete
                0x100051bc       0x1c CMakeFiles/print.dir/Users/SeanChneg/Desktop/Pico/pico-sdk/lib/tinyusb/src/portable/raspberrypi/rp2040/dcd_rp2040.c.obj
                0x100051bc                dcd_edpt0_status_complete
 .text.dcd_edpt_open
                0x100051d8       0x40 CMakeFiles/print.dir/Users/SeanChneg/Desktop/Pico/pico-sdk/lib/tinyusb/src/portable/raspberrypi/rp2040/dcd_rp2040.c.obj
                0x100051d8                dcd_edpt_open
 .text.dcd_edpt_close_all
                0x10005218        0x8 CMakeFiles/print.dir/Users/SeanChneg/Desktop/Pico/pico-sdk/lib/tinyusb/src/portable/raspberrypi/rp2040/dcd_rp2040.c.obj
                0x10005218                dcd_edpt_close_all
 .text.dcd_edpt_xfer
                0x10005220       0x34 CMakeFiles/print.dir/Users/SeanChneg/Desktop/Pico/pico-sdk/lib/tinyusb/src/portable/raspberrypi/rp2040/dcd_rp2040.c.obj
                0x10005220                dcd_edpt_xfer
 .text.dcd_edpt_stall
                0x10005254       0x2c CMakeFiles/print.dir/Users/SeanChneg/Desktop/Pico/pico-sdk/lib/tinyusb/src/portable/raspberrypi/rp2040/dcd_rp2040.c.obj
                0x10005254                dcd_edpt_stall
 .text.dcd_edpt_clear_stall
                0x10005280       0x20 CMakeFiles/print.dir/Users/SeanChneg/Desktop/Pico/pico-sdk/lib/tinyusb/src/portable/raspberrypi/rp2040/dcd_rp2040.c.obj
                0x10005280                dcd_edpt_clear_stall
 .text.rp2040_usb_init
                0x100052a0       0x4c CMakeFiles/print.dir/Users/SeanChneg/Desktop/Pico/pico-sdk/lib/tinyusb/src/portable/raspberrypi/rp2040/rp2040_usb.c.obj
                0x100052a0                rp2040_usb_init
 .text.hw_endpoint_xfer_start
                0x100052ec       0x50 CMakeFiles/print.dir/Users/SeanChneg/Desktop/Pico/pico-sdk/lib/tinyusb/src/portable/raspberrypi/rp2040/rp2040_usb.c.obj
                0x100052ec                hw_endpoint_xfer_start
 .text.configuration_reset
                0x1000533c       0x84 CMakeFiles/print.dir/Users/SeanChneg/Desktop/Pico/pico-sdk/lib/tinyusb/src/device/usbd.c.obj
 .text.critical_section_enter_blocking
                0x100053c0       0x16 CMakeFiles/print.dir/Users/SeanChneg/Desktop/Pico/pico-sdk/lib/tinyusb/src/device/usbd.c.obj
 .text.usbd_reset
                0x100053d6        0xc CMakeFiles/print.dir/Users/SeanChneg/Desktop/Pico/pico-sdk/lib/tinyusb/src/device/usbd.c.obj
 .text.invoke_class_control
                0x100053e2       0x1a CMakeFiles/print.dir/Users/SeanChneg/Desktop/Pico/pico-sdk/lib/tinyusb/src/device/usbd.c.obj
 .text.process_set_config
                0x100053fc      0x178 CMakeFiles/print.dir/Users/SeanChneg/Desktop/Pico/pico-sdk/lib/tinyusb/src/device/usbd.c.obj
 .text.process_get_descriptor
                0x10005574       0xdc CMakeFiles/print.dir/Users/SeanChneg/Desktop/Pico/pico-sdk/lib/tinyusb/src/device/usbd.c.obj
 .text.tud_mounted
                0x10005650       0x10 CMakeFiles/print.dir/Users/SeanChneg/Desktop/Pico/pico-sdk/lib/tinyusb/src/device/usbd.c.obj
                0x10005650                tud_mounted
 .text.tud_suspended
                0x10005660       0x10 CMakeFiles/print.dir/Users/SeanChneg/Desktop/Pico/pico-sdk/lib/tinyusb/src/device/usbd.c.obj
                0x10005660                tud_suspended
 .text.tud_inited
                0x10005670       0x14 CMakeFiles/print.dir/Users/SeanChneg/Desktop/Pico/pico-sdk/lib/tinyusb/src/device/usbd.c.obj
                0x10005670                tud_inited
 .text.tud_init
                0x10005684       0xcc CMakeFiles/print.dir/Users/SeanChneg/Desktop/Pico/pico-sdk/lib/tinyusb/src/device/usbd.c.obj
                0x10005684                tud_init
 .text.usbd_defer_func
                0x10005750       0x2a CMakeFiles/print.dir/Users/SeanChneg/Desktop/Pico/pico-sdk/lib/tinyusb/src/device/usbd.c.obj
                0x10005750                usbd_defer_func
 *fill*         0x1000577a        0x2 
 .text.usbd_edpt_open
                0x1000577c       0x34 CMakeFiles/print.dir/Users/SeanChneg/Desktop/Pico/pico-sdk/lib/tinyusb/src/device/usbd.c.obj
                0x1000577c                usbd_edpt_open
 .text.usbd_open_edpt_pair
                0x100057b0       0x62 CMakeFiles/print.dir/Users/SeanChneg/Desktop/Pico/pico-sdk/lib/tinyusb/src/device/usbd.c.obj
                0x100057b0                usbd_open_edpt_pair
 *fill*         0x10005812        0x2 
 .text.usbd_edpt_claim
                0x10005814       0x28 CMakeFiles/print.dir/Users/SeanChneg/Desktop/Pico/pico-sdk/lib/tinyusb/src/device/usbd.c.obj
                0x10005814                usbd_edpt_claim
 .text.usbd_edpt_release
                0x1000583c       0x28 CMakeFiles/print.dir/Users/SeanChneg/Desktop/Pico/pico-sdk/lib/tinyusb/src/device/usbd.c.obj
                0x1000583c                usbd_edpt_release
 .text.usbd_edpt_xfer
                0x10005864       0x78 CMakeFiles/print.dir/Users/SeanChneg/Desktop/Pico/pico-sdk/lib/tinyusb/src/device/usbd.c.obj
                0x10005864                usbd_edpt_xfer
 .text.usbd_edpt_stall
                0x100058dc       0x48 CMakeFiles/print.dir/Users/SeanChneg/Desktop/Pico/pico-sdk/lib/tinyusb/src/device/usbd.c.obj
                0x100058dc                usbd_edpt_stall
 .text.usbd_edpt_clear_stall
                0x10005924       0x48 CMakeFiles/print.dir/Users/SeanChneg/Desktop/Pico/pico-sdk/lib/tinyusb/src/device/usbd.c.obj
                0x10005924                usbd_edpt_clear_stall
 .text.usbd_edpt_stalled
                0x1000596c       0x1c CMakeFiles/print.dir/Users/SeanChneg/Desktop/Pico/pico-sdk/lib/tinyusb/src/device/usbd.c.obj
                0x1000596c                usbd_edpt_stalled
 .text.process_control_request
                0x10005988      0x374 CMakeFiles/print.dir/Users/SeanChneg/Desktop/Pico/pico-sdk/lib/tinyusb/src/device/usbd.c.obj
 .text.tud_task_ext
                0x10005cfc      0x1a8 CMakeFiles/print.dir/Users/SeanChneg/Desktop/Pico/pico-sdk/lib/tinyusb/src/device/usbd.c.obj
                0x10005cfc                tud_task_ext
 .text._status_stage_xact
                0x10005ea4       0x1a CMakeFiles/print.dir/Users/SeanChneg/Desktop/Pico/pico-sdk/lib/tinyusb/src/device/usbd_control.c.obj
 *fill*         0x10005ebe        0x2 
 .text._data_stage_xact
                0x10005ec0       0x58 CMakeFiles/print.dir/Users/SeanChneg/Desktop/Pico/pico-sdk/lib/tinyusb/src/device/usbd_control.c.obj
 .text.tud_control_status
                0x10005f18       0x28 CMakeFiles/print.dir/Users/SeanChneg/Desktop/Pico/pico-sdk/lib/tinyusb/src/device/usbd_control.c.obj
                0x10005f18                tud_control_status
 .text.tud_control_xfer
                0x10005f40       0x68 CMakeFiles/print.dir/Users/SeanChneg/Desktop/Pico/pico-sdk/lib/tinyusb/src/device/usbd_control.c.obj
                0x10005f40                tud_control_xfer
 .text.usbd_control_reset
                0x10005fa8       0x14 CMakeFiles/print.dir/Users/SeanChneg/Desktop/Pico/pico-sdk/lib/tinyusb/src/device/usbd_control.c.obj
                0x10005fa8                usbd_control_reset
 .text.usbd_control_set_complete_callback
                0x10005fbc        0xc CMakeFiles/print.dir/Users/SeanChneg/Desktop/Pico/pico-sdk/lib/tinyusb/src/device/usbd_control.c.obj
                0x10005fbc                usbd_control_set_complete_callback
 .text.usbd_control_set_request
                0x10005fc8       0x1c CMakeFiles/print.dir/Users/SeanChneg/Desktop/Pico/pico-sdk/lib/tinyusb/src/device/usbd_control.c.obj
                0x10005fc8                usbd_control_set_request
 .text.usbd_control_xfer_cb
                0x10005fe4       0xbc CMakeFiles/print.dir/Users/SeanChneg/Desktop/Pico/pico-sdk/lib/tinyusb/src/device/usbd_control.c.obj
                0x10005fe4                usbd_control_xfer_cb
 .text._prep_out_transaction
                0x100060a0       0x4a CMakeFiles/print.dir/Users/SeanChneg/Desktop/Pico/pico-sdk/lib/tinyusb/src/class/cdc/cdc_device.c.obj
 *fill*         0x100060ea        0x2 
 .text.tud_cdc_n_connected
                0x100060ec       0x38 CMakeFiles/print.dir/Users/SeanChneg/Desktop/Pico/pico-sdk/lib/tinyusb/src/class/cdc/cdc_device.c.obj
                0x100060ec                tud_cdc_n_connected
 .text.tud_cdc_n_available
                0x10006124       0x18 CMakeFiles/print.dir/Users/SeanChneg/Desktop/Pico/pico-sdk/lib/tinyusb/src/class/cdc/cdc_device.c.obj
                0x10006124                tud_cdc_n_available
 .text.tud_cdc_n_read
                0x1000613c       0x28 CMakeFiles/print.dir/Users/SeanChneg/Desktop/Pico/pico-sdk/lib/tinyusb/src/class/cdc/cdc_device.c.obj
                0x1000613c                tud_cdc_n_read
 .text.tud_cdc_n_write_flush
                0x10006164       0xb8 CMakeFiles/print.dir/Users/SeanChneg/Desktop/Pico/pico-sdk/lib/tinyusb/src/class/cdc/cdc_device.c.obj
                0x10006164                tud_cdc_n_write_flush
 .text.tud_cdc_n_write
                0x1000621c       0x38 CMakeFiles/print.dir/Users/SeanChneg/Desktop/Pico/pico-sdk/lib/tinyusb/src/class/cdc/cdc_device.c.obj
                0x1000621c                tud_cdc_n_write
 .text.tud_cdc_n_write_available
                0x10006254       0x1c CMakeFiles/print.dir/Users/SeanChneg/Desktop/Pico/pico-sdk/lib/tinyusb/src/class/cdc/cdc_device.c.obj
                0x10006254                tud_cdc_n_write_available
 .text.cdcd_init
                0x10006270       0xbc CMakeFiles/print.dir/Users/SeanChneg/Desktop/Pico/pico-sdk/lib/tinyusb/src/class/cdc/cdc_device.c.obj
                0x10006270                cdcd_init
 .text.cdcd_reset
                0x1000632c       0x44 CMakeFiles/print.dir/Users/SeanChneg/Desktop/Pico/pico-sdk/lib/tinyusb/src/class/cdc/cdc_device.c.obj
                0x1000632c                cdcd_reset
 .text.cdcd_open
                0x10006370       0xc4 CMakeFiles/print.dir/Users/SeanChneg/Desktop/Pico/pico-sdk/lib/tinyusb/src/class/cdc/cdc_device.c.obj
                0x10006370                cdcd_open
 .text.cdcd_control_xfer_cb
                0x10006434      0x134 CMakeFiles/print.dir/Users/SeanChneg/Desktop/Pico/pico-sdk/lib/tinyusb/src/class/cdc/cdc_device.c.obj
                0x10006434                cdcd_control_xfer_cb
 .text.cdcd_xfer_cb
                0x10006568      0x130 CMakeFiles/print.dir/Users/SeanChneg/Desktop/Pico/pico-sdk/lib/tinyusb/src/class/cdc/cdc_device.c.obj
                0x10006568                cdcd_xfer_cb
 .text.tusb_init
                0x10006698        0xa CMakeFiles/print.dir/Users/SeanChneg/Desktop/Pico/pico-sdk/lib/tinyusb/src/tusb.c.obj
                0x10006698                tusb_init
 .text.tusb_inited
                0x100066a2        0xe CMakeFiles/print.dir/Users/SeanChneg/Desktop/Pico/pico-sdk/lib/tinyusb/src/tusb.c.obj
                0x100066a2                tusb_inited
 .text.tu_edpt_claim
                0x100066b0       0x50 CMakeFiles/print.dir/Users/SeanChneg/Desktop/Pico/pico-sdk/lib/tinyusb/src/tusb.c.obj
                0x100066b0                tu_edpt_claim
 .text.tu_edpt_release
                0x10006700       0x38 CMakeFiles/print.dir/Users/SeanChneg/Desktop/Pico/pico-sdk/lib/tinyusb/src/tusb.c.obj
                0x10006700                tu_edpt_release
 .text.tu_edpt_validate
                0x10006738       0x78 CMakeFiles/print.dir/Users/SeanChneg/Desktop/Pico/pico-sdk/lib/tinyusb/src/tusb.c.obj
                0x10006738                tu_edpt_validate
 .text.tu_edpt_bind_driver
                0x100067b0       0x26 CMakeFiles/print.dir/Users/SeanChneg/Desktop/Pico/pico-sdk/lib/tinyusb/src/tusb.c.obj
                0x100067b0                tu_edpt_bind_driver
 .text.advance_index
                0x100067d6       0x1a CMakeFiles/print.dir/Users/SeanChneg/Desktop/Pico/pico-sdk/lib/tinyusb/src/common/tusb_fifo.c.obj
 .text._tu_fifo_peek
                0x100067f0       0x56 CMakeFiles/print.dir/Users/SeanChneg/Desktop/Pico/pico-sdk/lib/tinyusb/src/common/tusb_fifo.c.obj
 .text._ff_pull_const_addr
                0x10006846       0x4c CMakeFiles/print.dir/Users/SeanChneg/Desktop/Pico/pico-sdk/lib/tinyusb/src/common/tusb_fifo.c.obj
 .text._ff_pull_n
                0x10006892      0x110 CMakeFiles/print.dir/Users/SeanChneg/Desktop/Pico/pico-sdk/lib/tinyusb/src/common/tusb_fifo.c.obj
 .text._tu_fifo_peek_n
                0x100069a2       0x6a CMakeFiles/print.dir/Users/SeanChneg/Desktop/Pico/pico-sdk/lib/tinyusb/src/common/tusb_fifo.c.obj
 .text._tu_fifo_read_n
                0x10006a0c       0x4e CMakeFiles/print.dir/Users/SeanChneg/Desktop/Pico/pico-sdk/lib/tinyusb/src/common/tusb_fifo.c.obj
 .text._ff_push_const_addr
                0x10006a5a       0x40 CMakeFiles/print.dir/Users/SeanChneg/Desktop/Pico/pico-sdk/lib/tinyusb/src/common/tusb_fifo.c.obj
 .text._ff_push_n
                0x10006a9a      0x10c CMakeFiles/print.dir/Users/SeanChneg/Desktop/Pico/pico-sdk/lib/tinyusb/src/common/tusb_fifo.c.obj
 .text._tu_fifo_write_n
                0x10006ba6       0xf0 CMakeFiles/print.dir/Users/SeanChneg/Desktop/Pico/pico-sdk/lib/tinyusb/src/common/tusb_fifo.c.obj
 .text.tu_fifo_config
                0x10006c96       0x7c CMakeFiles/print.dir/Users/SeanChneg/Desktop/Pico/pico-sdk/lib/tinyusb/src/common/tusb_fifo.c.obj
                0x10006c96                tu_fifo_config
 .text.tu_fifo_count
                0x10006d12       0x2a CMakeFiles/print.dir/Users/SeanChneg/Desktop/Pico/pico-sdk/lib/tinyusb/src/common/tusb_fifo.c.obj
                0x10006d12                tu_fifo_count
 .text.tu_fifo_empty
                0x10006d3c        0xe CMakeFiles/print.dir/Users/SeanChneg/Desktop/Pico/pico-sdk/lib/tinyusb/src/common/tusb_fifo.c.obj
                0x10006d3c                tu_fifo_empty
 .text.tu_fifo_full
                0x10006d4a       0x28 CMakeFiles/print.dir/Users/SeanChneg/Desktop/Pico/pico-sdk/lib/tinyusb/src/common/tusb_fifo.c.obj
                0x10006d4a                tu_fifo_full
 .text.tu_fifo_remaining
                0x10006d72       0x2c CMakeFiles/print.dir/Users/SeanChneg/Desktop/Pico/pico-sdk/lib/tinyusb/src/common/tusb_fifo.c.obj
                0x10006d72                tu_fifo_remaining
 .text.tu_fifo_read
                0x10006d9e       0x42 CMakeFiles/print.dir/Users/SeanChneg/Desktop/Pico/pico-sdk/lib/tinyusb/src/common/tusb_fifo.c.obj
                0x10006d9e                tu_fifo_read
 .text.tu_fifo_read_n
                0x10006de0        0xa CMakeFiles/print.dir/Users/SeanChneg/Desktop/Pico/pico-sdk/lib/tinyusb/src/common/tusb_fifo.c.obj
                0x10006de0                tu_fifo_read_n
 .text.tu_fifo_write
                0x10006dea       0x64 CMakeFiles/print.dir/Users/SeanChneg/Desktop/Pico/pico-sdk/lib/tinyusb/src/common/tusb_fifo.c.obj
                0x10006dea                tu_fifo_write
 .text.tu_fifo_write_n
                0x10006e4e        0xa CMakeFiles/print.dir/Users/SeanChneg/Desktop/Pico/pico-sdk/lib/tinyusb/src/common/tusb_fifo.c.obj
                0x10006e4e                tu_fifo_write_n
 .text.tu_fifo_clear
                0x10006e58       0x3e CMakeFiles/print.dir/Users/SeanChneg/Desktop/Pico/pico-sdk/lib/tinyusb/src/common/tusb_fifo.c.obj
                0x10006e58                tu_fifo_clear
 .text.tu_fifo_set_overwritable
                0x10006e96       0x46 CMakeFiles/print.dir/Users/SeanChneg/Desktop/Pico/pico-sdk/lib/tinyusb/src/common/tusb_fifo.c.obj
                0x10006e96                tu_fifo_set_overwritable
 .text._calloc_r
                0x10006edc       0xa8 /Applications/ArmGNUToolchain/13.2.Rel1/arm-none-eabi/bin/../lib/gcc/arm-none-eabi/13.2.1/../../../../arm-none-eabi/lib/thumb/v6-m/nofp/libg.a(libc_a-callocr.o)
                0x10006edc                _calloc_r
 .text.malloc   0x10006f84       0x14 /Applications/ArmGNUToolchain/13.2.Rel1/arm-none-eabi/bin/../lib/gcc/arm-none-eabi/13.2.1/../../../../arm-none-eabi/lib/thumb/v6-m/nofp/libg.a(libc_a-malloc.o)
                0x10006f84                malloc
 .text.free     0x10006f98       0x14 /Applications/ArmGNUToolchain/13.2.Rel1/arm-none-eabi/bin/../lib/gcc/arm-none-eabi/13.2.1/../../../../arm-none-eabi/lib/thumb/v6-m/nofp/libg.a(libc_a-malloc.o)
                0x10006f98                free
 .text._malloc_r
                0x10006fac      0x5c4 /Applications/ArmGNUToolchain/13.2.Rel1/arm-none-eabi/bin/../lib/gcc/arm-none-eabi/13.2.1/../../../../arm-none-eabi/lib/thumb/v6-m/nofp/libg.a(libc_a-mallocr.o)
                0x10006fac                _malloc_r
 .text.__malloc_lock
                0x10007570       0x10 /Applications/ArmGNUToolchain/13.2.Rel1/arm-none-eabi/bin/../lib/gcc/arm-none-eabi/13.2.1/../../../../arm-none-eabi/lib/thumb/v6-m/nofp/libg.a(libc_a-mlock.o)
                0x10007570                __malloc_lock
 .text.__malloc_unlock
                0x10007580       0x10 /Applications/ArmGNUToolchain/13.2.Rel1/arm-none-eabi/bin/../lib/gcc/arm-none-eabi/13.2.1/../../../../arm-none-eabi/lib/thumb/v6-m/nofp/libg.a(libc_a-mlock.o)
                0x10007580                __malloc_unlock
 .text.realloc  0x10007590       0x18 /Applications/ArmGNUToolchain/13.2.Rel1/arm-none-eabi/bin/../lib/gcc/arm-none-eabi/13.2.1/../../../../arm-none-eabi/lib/thumb/v6-m/nofp/libg.a(libc_a-realloc.o)
                0x10007590                realloc
 .text.scanf    0x100075a8       0x24 /Applications/ArmGNUToolchain/13.2.Rel1/arm-none-eabi/bin/../lib/gcc/arm-none-eabi/13.2.1/../../../../arm-none-eabi/lib/thumb/v6-m/nofp/libg.a(libc_a-scanf.o)
                0x100075a8                scanf
 .text._realloc_r
                0x100075cc      0x350 /Applications/ArmGNUToolchain/13.2.Rel1/arm-none-eabi/bin/../lib/gcc/arm-none-eabi/13.2.1/../../../../arm-none-eabi/lib/thumb/v6-m/nofp/libg.a(libc_a-reallocr.o)
                0x100075cc                _realloc_r
 .text.memmove  0x1000791c       0xb0 /Applications/ArmGNUToolchain/13.2.Rel1/arm-none-eabi/bin/../lib/gcc/arm-none-eabi/13.2.1/../../../../arm-none-eabi/lib/thumb/v6-m/nofp/libg.a(libc_a-memmove.o)
                0x1000791c                memmove
 .text._sbrk_r  0x100079cc       0x24 /Applications/ArmGNUToolchain/13.2.Rel1/arm-none-eabi/bin/../lib/gcc/arm-none-eabi/13.2.1/../../../../arm-none-eabi/lib/thumb/v6-m/nofp/libg.a(libc_a-sbrkr.o)
                0x100079cc                _sbrk_r
 .text.__errno  0x100079f0        0xc /Applications/ArmGNUToolchain/13.2.Rel1/arm-none-eabi/bin/../lib/gcc/arm-none-eabi/13.2.1/../../../../arm-none-eabi/lib/thumb/v6-m/nofp/libg.a(libc_a-errno.o)
                0x100079f0                __errno
 .text.sysconf  0x100079fc       0x1c /Applications/ArmGNUToolchain/13.2.Rel1/arm-none-eabi/bin/../lib/gcc/arm-none-eabi/13.2.1/../../../../arm-none-eabi/lib/thumb/v6-m/nofp/libg.a(libc_a-sysconf.o)
                0x100079fc                sysconf
 .text.__retarget_lock_init_recursive
                0x10007a18        0x4 /Applications/ArmGNUToolchain/13.2.Rel1/arm-none-eabi/bin/../lib/gcc/arm-none-eabi/13.2.1/../../../../arm-none-eabi/lib/thumb/v6-m/nofp/libg.a(libc_a-lock.o)
                0x10007a18                __retarget_lock_init_recursive
 .text.__retarget_lock_close_recursive
                0x10007a1c        0x4 /Applications/ArmGNUToolchain/13.2.Rel1/arm-none-eabi/bin/../lib/gcc/arm-none-eabi/13.2.1/../../../../arm-none-eabi/lib/thumb/v6-m/nofp/libg.a(libc_a-lock.o)
                0x10007a1c                __retarget_lock_close_recursive
 .text.__retarget_lock_acquire_recursive
                0x10007a20        0x4 /Applications/ArmGNUToolchain/13.2.Rel1/arm-none-eabi/bin/../lib/gcc/arm-none-eabi/13.2.1/../../../../arm-none-eabi/lib/thumb/v6-m/nofp/libg.a(libc_a-lock.o)
                0x10007a20                __retarget_lock_acquire_recursive
 .text.__retarget_lock_release_recursive
                0x10007a24        0x4 /Applications/ArmGNUToolchain/13.2.Rel1/arm-none-eabi/bin/../lib/gcc/arm-none-eabi/13.2.1/../../../../arm-none-eabi/lib/thumb/v6-m/nofp/libg.a(libc_a-lock.o)
                0x10007a24                __retarget_lock_release_recursive
 .text.strlen   0x10007a28       0x5c /Applications/ArmGNUToolchain/13.2.Rel1/arm-none-eabi/bin/../lib/gcc/arm-none-eabi/13.2.1/../../../../arm-none-eabi/lib/thumb/v6-m/nofp/libg.a(libc_a-strlen-stub.o)
                0x10007a28                strlen
 .text._malloc_trim_r
                0x10007a84       0xb4 /Applications/ArmGNUToolchain/13.2.Rel1/arm-none-eabi/bin/../lib/gcc/arm-none-eabi/13.2.1/../../../../arm-none-eabi/lib/thumb/v6-m/nofp/libg.a(libc_a-freer.o)
                0x10007a84                _malloc_trim_r
 .text._free_r  0x10007b38      0x1d4 /Applications/ArmGNUToolchain/13.2.Rel1/arm-none-eabi/bin/../lib/gcc/arm-none-eabi/13.2.1/../../../../arm-none-eabi/lib/thumb/v6-m/nofp/libg.a(libc_a-freer.o)
                0x10007b38                _free_r
 .text.__svfscanf_r
                0x10007d0c     0x1884 /Applications/ArmGNUToolchain/13.2.Rel1/arm-none-eabi/bin/../lib/gcc/arm-none-eabi/13.2.1/../../../../arm-none-eabi/lib/thumb/v6-m/nofp/libg.a(libc_a-vfscanf.o)
                0x10007d0c                __svfscanf_r
 .text._vfscanf_r
                0x10009590       0x28 /Applications/ArmGNUToolchain/13.2.Rel1/arm-none-eabi/bin/../lib/gcc/arm-none-eabi/13.2.1/../../../../arm-none-eabi/lib/thumb/v6-m/nofp/libg.a(libc_a-vfscanf.o)
                0x10009590                _vfscanf_r
 .text.__sccl   0x100095b8       0x80 /Applications/ArmGNUToolchain/13.2.Rel1/arm-none-eabi/bin/../lib/gcc/arm-none-eabi/13.2.1/../../../../arm-none-eabi/lib/thumb/v6-m/nofp/libg.a(libc_a-sccl.o)
                0x100095b8                __sccl
 .text.sulp     0x10009638       0x30 /Applications/ArmGNUToolchain/13.2.Rel1/arm-none-eabi/bin/../lib/gcc/arm-none-eabi/13.2.1/../../../../arm-none-eabi/lib/thumb/v6-m/nofp/libg.a(libc_a-strtod.o)
 .text._strtod_l
                0x10009668      0xeb8 /Applications/ArmGNUToolchain/13.2.Rel1/arm-none-eabi/bin/../lib/gcc/arm-none-eabi/13.2.1/../../../../arm-none-eabi/lib/thumb/v6-m/nofp/libg.a(libc_a-strtod.o)
                0x10009668                _strtod_l
 .text._strtod_r
                0x1000a520       0x10 /Applications/ArmGNUToolchain/13.2.Rel1/arm-none-eabi/bin/../lib/gcc/arm-none-eabi/13.2.1/../../../../arm-none-eabi/lib/thumb/v6-m/nofp/libg.a(libc_a-strtod.o)
                0x1000a520                _strtod_r
 .text._strtol_l.isra.0
                0x1000a530      0x158 /Applications/ArmGNUToolchain/13.2.Rel1/arm-none-eabi/bin/../lib/gcc/arm-none-eabi/13.2.1/../../../../arm-none-eabi/lib/thumb/v6-m/nofp/libg.a(libc_a-strtol.o)
 .text._strtol_r
                0x1000a688        0x8 /Applications/ArmGNUToolchain/13.2.Rel1/arm-none-eabi/bin/../lib/gcc/arm-none-eabi/13.2.1/../../../../arm-none-eabi/lib/thumb/v6-m/nofp/libg.a(libc_a-strtol.o)
                0x1000a688                _strtol_r
 .text._strtoul_l.isra.0
                0x1000a690      0x144 /Applications/ArmGNUToolchain/13.2.Rel1/arm-none-eabi/bin/../lib/gcc/arm-none-eabi/13.2.1/../../../../arm-none-eabi/lib/thumb/v6-m/nofp/libg.a(libc_a-strtoul.o)
 .text._strtoul_r
                0x1000a7d4        0x8 /Applications/ArmGNUToolchain/13.2.Rel1/arm-none-eabi/bin/../lib/gcc/arm-none-eabi/13.2.1/../../../../arm-none-eabi/lib/thumb/v6-m/nofp/libg.a(libc_a-strtoul.o)
                0x1000a7d4                _strtoul_r
 .text.stdio_exit_handler
                0x1000a7dc       0x1c /Applications/ArmGNUToolchain/13.2.Rel1/arm-none-eabi/bin/../lib/gcc/arm-none-eabi/13.2.1/../../../../arm-none-eabi/lib/thumb/v6-m/nofp/libg.a(libc_a-findfp.o)
 .text.cleanup_stdio
                0x1000a7f8       0x3c /Applications/ArmGNUToolchain/13.2.Rel1/arm-none-eabi/bin/../lib/gcc/arm-none-eabi/13.2.1/../../../../arm-none-eabi/lib/thumb/v6-m/nofp/libg.a(libc_a-findfp.o)
 .text.global_stdio_init.part.0
                0x1000a834      0x118 /Applications/ArmGNUToolchain/13.2.Rel1/arm-none-eabi/bin/../lib/gcc/arm-none-eabi/13.2.1/../../../../arm-none-eabi/lib/thumb/v6-m/nofp/libg.a(libc_a-findfp.o)
 .text.__sinit  0x1000a94c       0x38 /Applications/ArmGNUToolchain/13.2.Rel1/arm-none-eabi/bin/../lib/gcc/arm-none-eabi/13.2.1/../../../../arm-none-eabi/lib/thumb/v6-m/nofp/libg.a(libc_a-findfp.o)
                0x1000a94c                __sinit
 .text.__sfp_lock_acquire
                0x1000a984       0x10 /Applications/ArmGNUToolchain/13.2.Rel1/arm-none-eabi/bin/../lib/gcc/arm-none-eabi/13.2.1/../../../../arm-none-eabi/lib/thumb/v6-m/nofp/libg.a(libc_a-findfp.o)
                0x1000a984                __sfp_lock_acquire
 .text.__sfp_lock_release
                0x1000a994       0x10 /Applications/ArmGNUToolchain/13.2.Rel1/arm-none-eabi/bin/../lib/gcc/arm-none-eabi/13.2.1/../../../../arm-none-eabi/lib/thumb/v6-m/nofp/libg.a(libc_a-findfp.o)
                0x1000a994                __sfp_lock_release
 .text.__submore
                0x1000a9a4       0x84 /Applications/ArmGNUToolchain/13.2.Rel1/arm-none-eabi/bin/../lib/gcc/arm-none-eabi/13.2.1/../../../../arm-none-eabi/lib/thumb/v6-m/nofp/libg.a(libc_a-ungetc.o)
                0x1000a9a4                __submore
 .text._ungetc_r
                0x1000aa28      0x144 /Applications/ArmGNUToolchain/13.2.Rel1/arm-none-eabi/bin/../lib/gcc/arm-none-eabi/13.2.1/../../../../arm-none-eabi/lib/thumb/v6-m/nofp/libg.a(libc_a-ungetc.o)
                0x1000aa28                _ungetc_r
 .text._fread_r
                0x1000ab6c      0x1e8 /Applications/ArmGNUToolchain/13.2.Rel1/arm-none-eabi/bin/../lib/gcc/arm-none-eabi/13.2.1/../../../../arm-none-eabi/lib/thumb/v6-m/nofp/libg.a(libc_a-fread.o)
                0x1000ab6c                _fread_r
 .text._fwalk_sglue
                0x1000ad54       0x44 /Applications/ArmGNUToolchain/13.2.Rel1/arm-none-eabi/bin/../lib/gcc/arm-none-eabi/13.2.1/../../../../arm-none-eabi/lib/thumb/v6-m/nofp/libg.a(libc_a-fwalk.o)
                0x1000ad54                _fwalk_sglue
 .text.strncmp  0x1000ad98       0x74 /Applications/ArmGNUToolchain/13.2.Rel1/arm-none-eabi/bin/../lib/gcc/arm-none-eabi/13.2.1/../../../../arm-none-eabi/lib/thumb/v6-m/nofp/libg.a(libc_a-strncmp.o)
                0x1000ad98                strncmp
 .text.stpncpy  0x1000ae0c       0x78 /Applications/ArmGNUToolchain/13.2.Rel1/arm-none-eabi/bin/../lib/gcc/arm-none-eabi/13.2.1/../../../../arm-none-eabi/lib/thumb/v6-m/nofp/libg.a(libc_a-stpncpy.o)
                0x1000ae0c                stpncpy
 .text.__locale_mb_cur_max
                0x1000ae84       0x10 /Applications/ArmGNUToolchain/13.2.Rel1/arm-none-eabi/bin/../lib/gcc/arm-none-eabi/13.2.1/../../../../arm-none-eabi/lib/thumb/v6-m/nofp/libg.a(libc_a-locale.o)
                0x1000ae84                __locale_mb_cur_max
 .text._localeconv_r
                0x1000ae94        0x8 /Applications/ArmGNUToolchain/13.2.Rel1/arm-none-eabi/bin/../lib/gcc/arm-none-eabi/13.2.1/../../../../arm-none-eabi/lib/thumb/v6-m/nofp/libg.a(libc_a-localeconv.o)
                0x1000ae94                _localeconv_r
 .text          0x1000ae9c       0x88 /Applications/ArmGNUToolchain/13.2.Rel1/arm-none-eabi/bin/../lib/gcc/arm-none-eabi/13.2.1/../../../../arm-none-eabi/lib/thumb/v6-m/nofp/libg.a(libc_a-strcmp.o)
                0x1000ae9c                strcmp
 .text._strtoll_l.isra.0
                0x1000af24      0x1a0 /Applications/ArmGNUToolchain/13.2.Rel1/arm-none-eabi/bin/../lib/gcc/arm-none-eabi/13.2.1/../../../../arm-none-eabi/lib/thumb/v6-m/nofp/libg.a(libc_a-strtoll.o)
 .text._strtoll_r
                0x1000b0c4        0x8 /Applications/ArmGNUToolchain/13.2.Rel1/arm-none-eabi/bin/../lib/gcc/arm-none-eabi/13.2.1/../../../../arm-none-eabi/lib/thumb/v6-m/nofp/libg.a(libc_a-strtoll.o)
                0x1000b0c4                _strtoll_r
 .text._strtoull_l.isra.0
                0x1000b0cc      0x1c4 /Applications/ArmGNUToolchain/13.2.Rel1/arm-none-eabi/bin/../lib/gcc/arm-none-eabi/13.2.1/../../../../arm-none-eabi/lib/thumb/v6-m/nofp/libg.a(libc_a-strtoull.o)
 .text._strtoull_r
                0x1000b290        0x8 /Applications/ArmGNUToolchain/13.2.Rel1/arm-none-eabi/bin/../lib/gcc/arm-none-eabi/13.2.1/../../../../arm-none-eabi/lib/thumb/v6-m/nofp/libg.a(libc_a-strtoull.o)
                0x1000b290                _strtoull_r
 .text._mbrtowc_r
                0x1000b298       0x54 /Applications/ArmGNUToolchain/13.2.Rel1/arm-none-eabi/bin/../lib/gcc/arm-none-eabi/13.2.1/../../../../arm-none-eabi/lib/thumb/v6-m/nofp/libg.a(libc_a-mbrtowc.o)
                0x1000b298                _mbrtowc_r
 .text.iswspace
                0x1000b2ec        0xc /Applications/ArmGNUToolchain/13.2.Rel1/arm-none-eabi/bin/../lib/gcc/arm-none-eabi/13.2.1/../../../../arm-none-eabi/lib/thumb/v6-m/nofp/libg.a(libc_a-iswspace.o)
                0x1000b2ec                iswspace
 .text.iswspace_l
                0x1000b2f8       0x24 /Applications/ArmGNUToolchain/13.2.Rel1/arm-none-eabi/bin/../lib/gcc/arm-none-eabi/13.2.1/../../../../arm-none-eabi/lib/thumb/v6-m/nofp/libg.a(libc_a-iswspace_l.o)
                0x1000b2f8                iswspace_l
 .text.nan      0x1000b31c        0xc /Applications/ArmGNUToolchain/13.2.Rel1/arm-none-eabi/bin/../lib/gcc/arm-none-eabi/13.2.1/../../../../arm-none-eabi/lib/thumb/v6-m/nofp/libg.a(libm_a-s_nan.o)
                0x1000b31c                nan
 .text.nanf     0x1000b328        0x8 /Applications/ArmGNUToolchain/13.2.Rel1/arm-none-eabi/bin/../lib/gcc/arm-none-eabi/13.2.1/../../../../arm-none-eabi/lib/thumb/v6-m/nofp/libg.a(libm_a-sf_nan.o)
                0x1000b328                nanf
 .text.__jp2uc  0x1000b330      0x154 /Applications/ArmGNUToolchain/13.2.Rel1/arm-none-eabi/bin/../lib/gcc/arm-none-eabi/13.2.1/../../../../arm-none-eabi/lib/thumb/v6-m/nofp/libg.a(libc_a-jp2uc.o)
 .text._jp2uc_l
                0x1000b484       0x68 /Applications/ArmGNUToolchain/13.2.Rel1/arm-none-eabi/bin/../lib/gcc/arm-none-eabi/13.2.1/../../../../arm-none-eabi/lib/thumb/v6-m/nofp/libg.a(libc_a-jp2uc.o)
                0x1000b484                _jp2uc_l
 .text.category
                0x1000b4ec       0x54 /Applications/ArmGNUToolchain/13.2.Rel1/arm-none-eabi/bin/../lib/gcc/arm-none-eabi/13.2.1/../../../../arm-none-eabi/lib/thumb/v6-m/nofp/libg.a(libc_a-categories.o)
                0x1000b4ec                category
 .text.rshift   0x1000b540       0xb0 /Applications/ArmGNUToolchain/13.2.Rel1/arm-none-eabi/bin/../lib/gcc/arm-none-eabi/13.2.1/../../../../arm-none-eabi/lib/thumb/v6-m/nofp/libg.a(libc_a-gdtoa-gethex.o)
 .text.__gethex
                0x1000b5f0      0x5a8 /Applications/ArmGNUToolchain/13.2.Rel1/arm-none-eabi/bin/../lib/gcc/arm-none-eabi/13.2.1/../../../../arm-none-eabi/lib/thumb/v6-m/nofp/libg.a(libc_a-gdtoa-gethex.o)
                0x1000b5f0                __gethex
 .text.__match  0x1000bb98       0x2c /Applications/ArmGNUToolchain/13.2.Rel1/arm-none-eabi/bin/../lib/gcc/arm-none-eabi/13.2.1/../../../../arm-none-eabi/lib/thumb/v6-m/nofp/libg.a(libc_a-gdtoa-hexnan.o)
                0x1000bb98                __match
 .text.__hexnan
                0x1000bbc4      0x204 /Applications/ArmGNUToolchain/13.2.Rel1/arm-none-eabi/bin/../lib/gcc/arm-none-eabi/13.2.1/../../../../arm-none-eabi/lib/thumb/v6-m/nofp/libg.a(libc_a-gdtoa-hexnan.o)
                0x1000bbc4                __hexnan
 .text.__ascii_mbtowc
                0x1000bdc8       0x2c /Applications/ArmGNUToolchain/13.2.Rel1/arm-none-eabi/bin/../lib/gcc/arm-none-eabi/13.2.1/../../../../arm-none-eabi/lib/thumb/v6-m/nofp/libg.a(libc_a-mbtowc_r.o)
                0x1000bdc8                __ascii_mbtowc
 .text._Balloc  0x1000bdf4       0x50 /Applications/ArmGNUToolchain/13.2.Rel1/arm-none-eabi/bin/../lib/gcc/arm-none-eabi/13.2.1/../../../../arm-none-eabi/lib/thumb/v6-m/nofp/libg.a(libc_a-mprec.o)
                0x1000bdf4                _Balloc
 .text._Bfree   0x1000be44       0x14 /Applications/ArmGNUToolchain/13.2.Rel1/arm-none-eabi/bin/../lib/gcc/arm-none-eabi/13.2.1/../../../../arm-none-eabi/lib/thumb/v6-m/nofp/libg.a(libc_a-mprec.o)
                0x1000be44                _Bfree
 .text.__multadd
                0x1000be58       0xa8 /Applications/ArmGNUToolchain/13.2.Rel1/arm-none-eabi/bin/../lib/gcc/arm-none-eabi/13.2.1/../../../../arm-none-eabi/lib/thumb/v6-m/nofp/libg.a(libc_a-mprec.o)
                0x1000be58                __multadd
 .text.__s2b    0x1000bf00       0xb0 /Applications/ArmGNUToolchain/13.2.Rel1/arm-none-eabi/bin/../lib/gcc/arm-none-eabi/13.2.1/../../../../arm-none-eabi/lib/thumb/v6-m/nofp/libg.a(libc_a-mprec.o)
                0x1000bf00                __s2b
 .text.__hi0bits
                0x1000bfb0       0x4c /Applications/ArmGNUToolchain/13.2.Rel1/arm-none-eabi/bin/../lib/gcc/arm-none-eabi/13.2.1/../../../../arm-none-eabi/lib/thumb/v6-m/nofp/libg.a(libc_a-mprec.o)
                0x1000bfb0                __hi0bits
 .text.__lo0bits
                0x1000bffc       0x5c /Applications/ArmGNUToolchain/13.2.Rel1/arm-none-eabi/bin/../lib/gcc/arm-none-eabi/13.2.1/../../../../arm-none-eabi/lib/thumb/v6-m/nofp/libg.a(libc_a-mprec.o)
                0x1000bffc                __lo0bits
 .text.__i2b    0x1000c058       0x60 /Applications/ArmGNUToolchain/13.2.Rel1/arm-none-eabi/bin/../lib/gcc/arm-none-eabi/13.2.1/../../../../arm-none-eabi/lib/thumb/v6-m/nofp/libg.a(libc_a-mprec.o)
                0x1000c058                __i2b
 .text.__multiply
                0x1000c0b8      0x1ac /Applications/ArmGNUToolchain/13.2.Rel1/arm-none-eabi/bin/../lib/gcc/arm-none-eabi/13.2.1/../../../../arm-none-eabi/lib/thumb/v6-m/nofp/libg.a(libc_a-mprec.o)
                0x1000c0b8                __multiply
 .text.__pow5mult
                0x1000c264       0xd0 /Applications/ArmGNUToolchain/13.2.Rel1/arm-none-eabi/bin/../lib/gcc/arm-none-eabi/13.2.1/../../../../arm-none-eabi/lib/thumb/v6-m/nofp/libg.a(libc_a-mprec.o)
                0x1000c264                __pow5mult
 .text.__lshift
                0x1000c334       0xfc /Applications/ArmGNUToolchain/13.2.Rel1/arm-none-eabi/bin/../lib/gcc/arm-none-eabi/13.2.1/../../../../arm-none-eabi/lib/thumb/v6-m/nofp/libg.a(libc_a-mprec.o)
                0x1000c334                __lshift
 .text.__mcmp   0x1000c430       0x3c /Applications/ArmGNUToolchain/13.2.Rel1/arm-none-eabi/bin/../lib/gcc/arm-none-eabi/13.2.1/../../../../arm-none-eabi/lib/thumb/v6-m/nofp/libg.a(libc_a-mprec.o)
                0x1000c430                __mcmp
 .text.__mdiff  0x1000c46c      0x1b4 /Applications/ArmGNUToolchain/13.2.Rel1/arm-none-eabi/bin/../lib/gcc/arm-none-eabi/13.2.1/../../../../arm-none-eabi/lib/thumb/v6-m/nofp/libg.a(libc_a-mprec.o)
                0x1000c46c                __mdiff
 .text.__ulp    0x1000c620       0x40 /Applications/ArmGNUToolchain/13.2.Rel1/arm-none-eabi/bin/../lib/gcc/arm-none-eabi/13.2.1/../../../../arm-none-eabi/lib/thumb/v6-m/nofp/libg.a(libc_a-mprec.o)
                0x1000c620                __ulp
 .text.__b2d    0x1000c660       0xb8 /Applications/ArmGNUToolchain/13.2.Rel1/arm-none-eabi/bin/../lib/gcc/arm-none-eabi/13.2.1/../../../../arm-none-eabi/lib/thumb/v6-m/nofp/libg.a(libc_a-mprec.o)
                0x1000c660                __b2d
 .text.__d2b    0x1000c718       0xcc /Applications/ArmGNUToolchain/13.2.Rel1/arm-none-eabi/bin/../lib/gcc/arm-none-eabi/13.2.1/../../../../arm-none-eabi/lib/thumb/v6-m/nofp/libg.a(libc_a-mprec.o)
                0x1000c718                __d2b
 .text.__ratio  0x1000c7e4       0x68 /Applications/ArmGNUToolchain/13.2.Rel1/arm-none-eabi/bin/../lib/gcc/arm-none-eabi/13.2.1/../../../../arm-none-eabi/lib/thumb/v6-m/nofp/libg.a(libc_a-mprec.o)
                0x1000c7e4                __ratio
 .text.__copybits
                0x1000c84c       0x40 /Applications/ArmGNUToolchain/13.2.Rel1/arm-none-eabi/bin/../lib/gcc/arm-none-eabi/13.2.1/../../../../arm-none-eabi/lib/thumb/v6-m/nofp/libg.a(libc_a-mprec.o)
                0x1000c84c                __copybits
 .text.__any_on
                0x1000c88c       0x4c /Applications/ArmGNUToolchain/13.2.Rel1/arm-none-eabi/bin/../lib/gcc/arm-none-eabi/13.2.1/../../../../arm-none-eabi/lib/thumb/v6-m/nofp/libg.a(libc_a-mprec.o)
                0x1000c88c                __any_on
 .text.lflush   0x1000c8d8       0x20 /Applications/ArmGNUToolchain/13.2.Rel1/arm-none-eabi/bin/../lib/gcc/arm-none-eabi/13.2.1/../../../../arm-none-eabi/lib/thumb/v6-m/nofp/libg.a(libc_a-refill.o)
 .text.__srefill_r
                0x1000c8f8      0x118 /Applications/ArmGNUToolchain/13.2.Rel1/arm-none-eabi/bin/../lib/gcc/arm-none-eabi/13.2.1/../../../../arm-none-eabi/lib/thumb/v6-m/nofp/libg.a(libc_a-refill.o)
                0x1000c8f8                __srefill_r
 .text._fclose_r
                0x1000ca10       0xd0 /Applications/ArmGNUToolchain/13.2.Rel1/arm-none-eabi/bin/../lib/gcc/arm-none-eabi/13.2.1/../../../../arm-none-eabi/lib/thumb/v6-m/nofp/libg.a(libc_a-fclose.o)
                0x1000ca10                _fclose_r
 .text.__sflush_r
                0x1000cae0      0x148 /Applications/ArmGNUToolchain/13.2.Rel1/arm-none-eabi/bin/../lib/gcc/arm-none-eabi/13.2.1/../../../../arm-none-eabi/lib/thumb/v6-m/nofp/libg.a(libc_a-fflush.o)
                0x1000cae0                __sflush_r
 .text._fflush_r
                0x1000cc28       0x68 /Applications/ArmGNUToolchain/13.2.Rel1/arm-none-eabi/bin/../lib/gcc/arm-none-eabi/13.2.1/../../../../arm-none-eabi/lib/thumb/v6-m/nofp/libg.a(libc_a-fflush.o)
                0x1000cc28                _fflush_r
 .text.__sread  0x1000cc90       0x28 /Applications/ArmGNUToolchain/13.2.Rel1/arm-none-eabi/bin/../lib/gcc/arm-none-eabi/13.2.1/../../../../arm-none-eabi/lib/thumb/v6-m/nofp/libg.a(libc_a-stdio.o)
                0x1000cc90                __sread
 .text.__swrite
                0x1000ccb8       0x40 /Applications/ArmGNUToolchain/13.2.Rel1/arm-none-eabi/bin/../lib/gcc/arm-none-eabi/13.2.1/../../../../arm-none-eabi/lib/thumb/v6-m/nofp/libg.a(libc_a-stdio.o)
                0x1000ccb8                __swrite
 .text.__sseek  0x1000ccf8       0x30 /Applications/ArmGNUToolchain/13.2.Rel1/arm-none-eabi/bin/../lib/gcc/arm-none-eabi/13.2.1/../../../../arm-none-eabi/lib/thumb/v6-m/nofp/libg.a(libc_a-stdio.o)
                0x1000ccf8                __sseek
 .text.__sclose
                0x1000cd28        0xc /Applications/ArmGNUToolchain/13.2.Rel1/arm-none-eabi/bin/../lib/gcc/arm-none-eabi/13.2.1/../../../../arm-none-eabi/lib/thumb/v6-m/nofp/libg.a(libc_a-stdio.o)
                0x1000cd28                __sclose
 .text.__ascii_wctomb
                0x1000cd34       0x1c /Applications/ArmGNUToolchain/13.2.Rel1/arm-none-eabi/bin/../lib/gcc/arm-none-eabi/13.2.1/../../../../arm-none-eabi/lib/thumb/v6-m/nofp/libg.a(libc_a-wctomb_r.o)
                0x1000cd34                __ascii_wctomb
 .text._close_r
                0x1000cd50       0x24 /Applications/ArmGNUToolchain/13.2.Rel1/arm-none-eabi/bin/../lib/gcc/arm-none-eabi/13.2.1/../../../../arm-none-eabi/lib/thumb/v6-m/nofp/libg.a(libc_a-closer.o)
                0x1000cd50                _close_r
 .text._lseek_r
                0x1000cd74       0x28 /Applications/ArmGNUToolchain/13.2.Rel1/arm-none-eabi/bin/../lib/gcc/arm-none-eabi/13.2.1/../../../../arm-none-eabi/lib/thumb/v6-m/nofp/libg.a(libc_a-lseekr.o)
                0x1000cd74                _lseek_r
 .text._read_r  0x1000cd9c       0x28 /Applications/ArmGNUToolchain/13.2.Rel1/arm-none-eabi/bin/../lib/gcc/arm-none-eabi/13.2.1/../../../../arm-none-eabi/lib/thumb/v6-m/nofp/libg.a(libc_a-readr.o)
                0x1000cd9c                _read_r
 .text._write_r
                0x1000cdc4       0x28 /Applications/ArmGNUToolchain/13.2.Rel1/arm-none-eabi/bin/../lib/gcc/arm-none-eabi/13.2.1/../../../../arm-none-eabi/lib/thumb/v6-m/nofp/libg.a(libc_a-writer.o)
                0x1000cdc4                _write_r
 .text.__smakebuf_r
                0x1000cdec       0xe0 /Applications/ArmGNUToolchain/13.2.Rel1/arm-none-eabi/bin/../lib/gcc/arm-none-eabi/13.2.1/../../../../arm-none-eabi/lib/thumb/v6-m/nofp/libg.a(libc_a-makebuf.o)
                0x1000cdec                __smakebuf_r
 .text._fstat_r
                0x1000cecc       0x28 /Applications/ArmGNUToolchain/13.2.Rel1/arm-none-eabi/bin/../lib/gcc/arm-none-eabi/13.2.1/../../../../arm-none-eabi/lib/thumb/v6-m/nofp/libg.a(libc_a-fstatr.o)
                0x1000cecc                _fstat_r
 .text._isatty_r
                0x1000cef4       0x24 /Applications/ArmGNUToolchain/13.2.Rel1/arm-none-eabi/bin/../lib/gcc/arm-none-eabi/13.2.1/../../../../arm-none-eabi/lib/thumb/v6-m/nofp/libg.a(libc_a-isattyr.o)
                0x1000cef4                _isatty_r
 *(.fini)
 .fini          0x1000cf18        0x4 /Applications/ArmGNUToolchain/13.2.Rel1/arm-none-eabi/bin/../lib/gcc/arm-none-eabi/13.2.1/thumb/v6-m/nofp/crti.o
                0x1000cf18                _fini
 *fill*         0x1000cf1c        0x4 
 .fini.__stub   0x1000cf20       0xe0 linker stubs
 *crtbegin.o(.ctors)
 *crtbegin?.o(.ctors)
 *(EXCLUDE_FILE(*crtend.o *crtend?.o) .ctors)
 *(SORT_BY_NAME(.ctors.*))
 *(.ctors)
 *crtbegin.o(.dtors)
 *crtbegin?.o(.dtors)
 *(EXCLUDE_FILE(*crtend.o *crtend?.o) .dtors)
 *(SORT_BY_NAME(.dtors.*))
 *(.dtors)
 *(.eh_frame*)
 .eh_frame      0x1000d000        0x0 /Applications/ArmGNUToolchain/13.2.Rel1/arm-none-eabi/bin/../lib/gcc/arm-none-eabi/13.2.1/thumb/v6-m/nofp/crtbegin.o
                0x1000d000                        . = ALIGN (0x4)

.glue_7         0x1000d000        0x0
 .glue_7        0x1000d000        0x0 linker stubs

.glue_7t        0x1000d000        0x0
 .glue_7t       0x1000d000        0x0 linker stubs

.vfp11_veneer   0x1000d000        0x0
 .vfp11_veneer  0x1000d000        0x0 linker stubs

.v4_bx          0x1000d000        0x0
 .v4_bx         0x1000d000        0x0 linker stubs

.iplt           0x1000d000        0x0
 .iplt          0x1000d000        0x0 /Applications/ArmGNUToolchain/13.2.Rel1/arm-none-eabi/bin/../lib/gcc/arm-none-eabi/13.2.1/thumb/v6-m/nofp/crtbegin.o

.rodata         0x1000d000     0x8a48
 *(EXCLUDE_FILE(*libm.a: *libc.a:*lib_a-mem*.o *libgcc.a:) .rodata*)
 .rodata.main.str1.4
                0x1000d000     0x109e CMakeFiles/print.dir/print.c.obj
                                 0x1a (size before relaxing)
 .rodata.spin_lock_claim_unused.str1.4
                0x1000e09e       0x1b CMakeFiles/print.dir/Users/SeanChneg/Desktop/Pico/pico-sdk/src/rp2_common/hardware_sync/sync.c.obj
 .rodata.resolve_branch.str1.4